Archive member included to satisfy reference by file (symbol)

C:/ST/STM32CubeIDE_1.19.0/STM32CubeIDE/plugins/com.st.stm32cube.ide.mcu.externaltools.gnu-tools-for-stm32.13.3.rel1.win32_1.0.0.202411081344/tools/bin/../lib/gcc/arm-none-eabi/13.3.1/../../../../arm-none-eabi/lib/thumb/v7e-m+fp/hard\libm.a(libm_a-s_round.o)
                              ./Core/App/Libraries/Sim7600x/Sim7600x.o (round)
C:/ST/STM32CubeIDE_1.19.0/STM32CubeIDE/plugins/com.st.stm32cube.ide.mcu.externaltools.gnu-tools-for-stm32.13.3.rel1.win32_1.0.0.202411081344/tools/bin/../lib/gcc/arm-none-eabi/13.3.1/../../../../arm-none-eabi/lib/thumb/v7e-m+fp/hard\libc_nano.a(libc_a-exit.o)
                              C:/ST/STM32CubeIDE_1.19.0/STM32CubeIDE/plugins/com.st.stm32cube.ide.mcu.externaltools.gnu-tools-for-stm32.13.3.rel1.win32_1.0.0.202411081344/tools/bin/../lib/gcc/arm-none-eabi/13.3.1/../../../../arm-none-eabi/lib/thumb/v7e-m+fp/hard/crt0.o (exit)
C:/ST/STM32CubeIDE_1.19.0/STM32CubeIDE/plugins/com.st.stm32cube.ide.mcu.externaltools.gnu-tools-for-stm32.13.3.rel1.win32_1.0.0.202411081344/tools/bin/../lib/gcc/arm-none-eabi/13.3.1/../../../../arm-none-eabi/lib/thumb/v7e-m+fp/hard\libc_nano.a(libc_a-nano-vfprintf_float.o)
                              (_printf_float)
C:/ST/STM32CubeIDE_1.19.0/STM32CubeIDE/plugins/com.st.stm32cube.ide.mcu.externaltools.gnu-tools-for-stm32.13.3.rel1.win32_1.0.0.202411081344/tools/bin/../lib/gcc/arm-none-eabi/13.3.1/../../../../arm-none-eabi/lib/thumb/v7e-m+fp/hard\libc_nano.a(libc_a-nano-vfprintf_i.o)
                              C:/ST/STM32CubeIDE_1.19.0/STM32CubeIDE/plugins/com.st.stm32cube.ide.mcu.externaltools.gnu-tools-for-stm32.13.3.rel1.win32_1.0.0.202411081344/tools/bin/../lib/gcc/arm-none-eabi/13.3.1/../../../../arm-none-eabi/lib/thumb/v7e-m+fp/hard\libc_nano.a(libc_a-nano-vfprintf_float.o) (_printf_common)
C:/ST/STM32CubeIDE_1.19.0/STM32CubeIDE/plugins/com.st.stm32cube.ide.mcu.externaltools.gnu-tools-for-stm32.13.3.rel1.win32_1.0.0.202411081344/tools/bin/../lib/gcc/arm-none-eabi/13.3.1/../../../../arm-none-eabi/lib/thumb/v7e-m+fp/hard\libc_nano.a(libc_a-nano-vfscanf_float.o)
                              (_scanf_float)
C:/ST/STM32CubeIDE_1.19.0/STM32CubeIDE/plugins/com.st.stm32cube.ide.mcu.externaltools.gnu-tools-for-stm32.13.3.rel1.win32_1.0.0.202411081344/tools/bin/../lib/gcc/arm-none-eabi/13.3.1/../../../../arm-none-eabi/lib/thumb/v7e-m+fp/hard\libc_nano.a(libc_a-findfp.o)
                              C:/ST/STM32CubeIDE_1.19.0/STM32CubeIDE/plugins/com.st.stm32cube.ide.mcu.externaltools.gnu-tools-for-stm32.13.3.rel1.win32_1.0.0.202411081344/tools/bin/../lib/gcc/arm-none-eabi/13.3.1/../../../../arm-none-eabi/lib/thumb/v7e-m+fp/hard\libc_nano.a(libc_a-exit.o) (__stdio_exit_handler)
C:/ST/STM32CubeIDE_1.19.0/STM32CubeIDE/plugins/com.st.stm32cube.ide.mcu.externaltools.gnu-tools-for-stm32.13.3.rel1.win32_1.0.0.202411081344/tools/bin/../lib/gcc/arm-none-eabi/13.3.1/../../../../arm-none-eabi/lib/thumb/v7e-m+fp/hard\libc_nano.a(libc_a-fwalk.o)
                              C:/ST/STM32CubeIDE_1.19.0/STM32CubeIDE/plugins/com.st.stm32cube.ide.mcu.externaltools.gnu-tools-for-stm32.13.3.rel1.win32_1.0.0.202411081344/tools/bin/../lib/gcc/arm-none-eabi/13.3.1/../../../../arm-none-eabi/lib/thumb/v7e-m+fp/hard\libc_nano.a(libc_a-findfp.o) (_fwalk_sglue)
C:/ST/STM32CubeIDE_1.19.0/STM32CubeIDE/plugins/com.st.stm32cube.ide.mcu.externaltools.gnu-tools-for-stm32.13.3.rel1.win32_1.0.0.202411081344/tools/bin/../lib/gcc/arm-none-eabi/13.3.1/../../../../arm-none-eabi/lib/thumb/v7e-m+fp/hard\libc_nano.a(libc_a-putchar.o)
                              ./Core/App/Libraries/Sim7600x/Sim7600x.o (putchar)
C:/ST/STM32CubeIDE_1.19.0/STM32CubeIDE/plugins/com.st.stm32cube.ide.mcu.externaltools.gnu-tools-for-stm32.13.3.rel1.win32_1.0.0.202411081344/tools/bin/../lib/gcc/arm-none-eabi/13.3.1/../../../../arm-none-eabi/lib/thumb/v7e-m+fp/hard\libc_nano.a(libc_a-puts.o)
                              ./Core/App/ChuongTrinhChinh.o (puts)
C:/ST/STM32CubeIDE_1.19.0/STM32CubeIDE/plugins/com.st.stm32cube.ide.mcu.externaltools.gnu-tools-for-stm32.13.3.rel1.win32_1.0.0.202411081344/tools/bin/../lib/gcc/arm-none-eabi/13.3.1/../../../../arm-none-eabi/lib/thumb/v7e-m+fp/hard\libc_nano.a(libc_a-sprintf.o)
                              ./Core/App/ChuongTrinhChinh.o (sprintf)
C:/ST/STM32CubeIDE_1.19.0/STM32CubeIDE/plugins/com.st.stm32cube.ide.mcu.externaltools.gnu-tools-for-stm32.13.3.rel1.win32_1.0.0.202411081344/tools/bin/../lib/gcc/arm-none-eabi/13.3.1/../../../../arm-none-eabi/lib/thumb/v7e-m+fp/hard\libc_nano.a(libc_a-sscanf.o)
                              ./Core/App/Libraries/GNSS/GNSS.o (sscanf)
C:/ST/STM32CubeIDE_1.19.0/STM32CubeIDE/plugins/com.st.stm32cube.ide.mcu.externaltools.gnu-tools-for-stm32.13.3.rel1.win32_1.0.0.202411081344/tools/bin/../lib/gcc/arm-none-eabi/13.3.1/../../../../arm-none-eabi/lib/thumb/v7e-m+fp/hard\libc_nano.a(libc_a-stdio.o)
[...]
Memory Configuration

Name             Origin             Length             Attributes
CCMRAM           0x10000000         0x00010000         xrw
RAM              0x20000000         0x00020000         xrw
FLASH            0x08000000         0x00080000         xr
*default*        0x00000000         0xffffffff

Linker script and memory map

LOAD C:/ST/STM32CubeIDE_1.19.0/STM32CubeIDE/plugins/com.st.stm32cube.ide.mcu.externaltools.gnu-tools-for-stm32.13.3.rel1.win32_1.0.0.202411081344/tools/bin/../lib/gcc/arm-none-eabi/13.3.1/thumb/v7e-m+fp/hard/crti.o
LOAD C:/ST/STM32CubeIDE_1.19.0/STM32CubeIDE/plugins/com.st.stm32cube.ide.mcu.externaltools.gnu-tools-for-stm32.13.3.rel1.win32_1.0.0.202411081344/tools/bin/../lib/gcc/arm-none-eabi/13.3.1/thumb/v7e-m+fp/hard/crtbegin.o
LOAD C:/ST/STM32CubeIDE_1.19.0/STM32CubeIDE/plugins/com.st.stm32cube.ide.mcu.externaltools.gnu-tools-for-stm32.13.3.rel1.win32_1.0.0.202411081344/tools/bin/../lib/gcc/arm-none-eabi/13.3.1/../../../../arm-none-eabi/lib/thumb/v7e-m+fp/hard/crt0.o
LOAD ./Core/App/01_Flags.o
LOAD ./Core/App/05_RTC.o
LOAD ./Core/App/06_SDCard.o
LOAD ./Core/App/ChuongTrinhChinh.o
LOAD ./Core/App/Libraries/DS3231/DS3231.o
LOAD ./Core/App/Libraries/DaviteqSensor/davitedSensor.o
LOAD ./Core/App/Libraries/DaviteqSensor/ringbuffer.o
LOAD ./Core/App/Libraries/FuelSensorRS232/FuelSensorRS232.o
LOAD ./Core/App/Libraries/GNSS/GNSS.o
LOAD ./Core/App/Libraries/PZEM004T/PZEM004T.o
LOAD ./Core/App/Libraries/Relay/Relay.o
LOAD ./Core/App/Libraries/Relay/Relaytime.o
LOAD ./Core/App/Libraries/SD/SDCard.o
LOAD ./Core/App/Libraries/SHT31/SHT31.o
LOAD ./Core/App/Libraries/Sim7600x/Sim7600x.o
LOAD ./Core/Src/freertos.o
LOAD ./Core/Src/main.o
LOAD ./Core/Src/stm32f4xx_hal_msp.o
LOAD ./Core/Src/stm32f4xx_hal_timebase_tim.o
LOAD ./Core/Src/stm32f4xx_it.o
LOAD ./Core/Src/syscalls.o
LOAD ./Core/Src/sysmem.o
LOAD ./Core/Src/system_stm32f4xx.o
LOAD ./Core/Startup/startup_stm32f407vetx.o
LOAD ./Drivers/STM32F4xx_HAL_Driver/Src/stm32f4xx_hal.o
LOAD ./Drivers/STM32F4xx_HAL_Driver/Src/stm32f4xx_hal_cortex.o
LOAD ./Drivers/STM32F4xx_HAL_Driver/Src/stm32f4xx_hal_dma.o
LOAD ./Drivers/STM32F4xx_HAL_Driver/Src/stm32f4xx_hal_dma_ex.o
LOAD ./Drivers/STM32F4xx_HAL_Driver/Src/stm32f4xx_hal_exti.o
LOAD ./Drivers/STM32F4xx_HAL_Driver/Src/stm32f4xx_hal_flash.o
LOAD ./Drivers/STM32F4xx_HAL_Driver/Src/stm32f4xx_hal_flash_ex.o
LOAD ./Drivers/STM32F4xx_HAL_Driver/Src/stm32f4xx_hal_flash_ramfunc.o
LOAD ./Drivers/STM32F4xx_HAL_Driver/Src/stm32f4xx_hal_gpio.o
LOAD ./Drivers/STM32F4xx_HAL_Driver/Src/stm32f4xx_hal_i2c.o
LOAD ./Drivers/STM32F4xx_HAL_Driver/Src/stm32f4xx_hal_i2c_ex.o
LOAD ./Drivers/STM32F4xx_HAL_Driver/Src/stm32f4xx_hal_pwr.o
LOAD ./Drivers/STM32F4xx_HAL_Driver/Src/stm32f4xx_hal_pwr_ex.o
LOAD ./Drivers/STM32F4xx_HAL_Driver/Src/stm32f4xx_hal_rcc.o
LOAD ./Drivers/STM32F4xx_HAL_Driver/Src/stm32f4xx_hal_rcc_ex.o
LOAD ./Drivers/STM32F4xx_HAL_Driver/Src/stm32f4xx_hal_spi.o
LOAD ./Drivers/STM32F4xx_HAL_Driver/Src/stm32f4xx_hal_tim.o
LOAD ./Drivers/STM32F4xx_HAL_Driver/Src/stm32f4xx_hal_tim_ex.o
LOAD ./Drivers/STM32F4xx_HAL_Driver/Src/stm32f4xx_hal_uart.o
LOAD ./FATFS/App/fatfs.o
LOAD ./FATFS/Target/user_diskio.o
LOAD ./FATFS/Target/user_diskio_spi.o
LOAD ./Middlewares/Third_Party/FatFs/src/diskio.o
LOAD ./Middlewares/Third_Party/FatFs/src/ff.o
LOAD ./Middlewares/Third_Party/FatFs/src/ff_gen_drv.o
LOAD ./Middlewares/Third_Party/FatFs/src/option/syscall.o
LOAD ./Middlewares/Third_Party/FreeRTOS/Source/CMSIS_RTOS_V2/cmsis_os2.o
LOAD ./Middlewares/Third_Party/FreeRTOS/Source/croutine.o
LOAD ./Middlewares/Third_Party/FreeRTOS/Source/event_groups.o
LOAD ./Middlewares/Third_Party/FreeRTOS/Source/list.o
LOAD ./Middlewares/Third_Party/FreeRTOS/Source/queue.o
LOAD ./Middlewares/Third_Party/FreeRTOS/Source/stream_buffer.o
LOAD ./Middlewares/Third_Party/FreeRTOS/Source/tasks.o
LOAD ./Middlewares/Third_Party/FreeRTOS/Source/timers.o
LOAD ./Middlewares/Third_Party/FreeRTOS/Source/portable/GCC/ARM_CM4F/port.o
LOAD ./Middlewares/Third_Party/FreeRTOS/Source/portable/MemMang/heap_4.o
START GROUP
LOAD C:/ST/STM32CubeIDE_1.19.0/STM32CubeIDE/plugins/com.st.stm32cube.ide.mcu.externaltools.gnu-tools-for-stm32.13.3.rel1.win32_1.0.0.202411081344/tools/bin/../lib/gcc/arm-none-eabi/13.3.1/../../../../arm-none-eabi/lib/thumb/v7e-m+fp/hard\libstdc++_nano.a
LOAD C:/ST/STM32CubeIDE_1.19.0/STM32CubeIDE/plugins/com.st.stm32cube.ide.mcu.externaltools.gnu-tools-for-stm32.13.3.rel1.win32_1.0.0.202411081344/tools/bin/../lib/gcc/arm-none-eabi/13.3.1/../../../../arm-none-eabi/lib/thumb/v7e-m+fp/hard\libsupc++_nano.a
END GROUP
LOAD C:/ST/STM32CubeIDE_1.19.0/STM32CubeIDE/plugins/com.st.stm32cube.ide.mcu.externaltools.gnu-tools-for-stm32.13.3.rel1.win32_1.0.0.202411081344/tools/bin/../lib/gcc/arm-none-eabi/13.3.1/../../../../arm-none-eabi/lib/thumb/v7e-m+fp/hard\libstdc++_nano.a
LOAD C:/ST/STM32CubeIDE_1.19.0/STM32CubeIDE/plugins/com.st.stm32cube.ide.mcu.externaltools.gnu-tools-for-stm32.13.3.rel1.win32_1.0.0.202411081344/tools/bin/../lib/gcc/arm-none-eabi/13.3.1/../../../../arm-none-eabi/lib/thumb/v7e-m+fp/hard\libm.a
LOAD C:/ST/STM32CubeIDE_1.19.0/STM32CubeIDE/plugins/com.st.stm32cube.ide.mcu.externaltools.gnu-tools-for-stm32.13.3.rel1.win32_1.0.0.202411081344/tools/bin/../lib/gcc/arm-none-eabi/13.3.1/../../../../arm-none-eabi/lib/thumb/v7e-m+fp/hard\libc_nano.a
START GROUP
LOAD C:/ST/STM32CubeIDE_1.19.0/STM32CubeIDE/plugins/com.st.stm32cube.ide.mcu.externaltools.gnu-tools-for-stm32.13.3.rel1.win32_1.0.0.202411081344/tools/bin/../lib/gcc/arm-none-eabi/13.3.1/thumb/v7e-m+fp/hard\libgcc.a
LOAD C:/ST/STM32CubeIDE_1.19.0/STM32CubeIDE/plugins/com.st.stm32cube.ide.mcu.externaltools.gnu-tools-for-stm32.13.3.rel1.win32_1.0.0.202411081344/tools/bin/../lib/gcc/arm-none-eabi/13.3.1/../../../../arm-none-eabi/lib/thumb/v7e-m+fp/hard\libc_nano.a
END GROUP
START GROUP
LOAD C:/ST/STM32CubeIDE_1.19.0/STM32CubeIDE/plugins/com.st.stm32cube.ide.mcu.externaltools.gnu-tools-for-stm32.13.3.rel1.win32_1.0.0.202411081344/tools/bin/../lib/gcc/arm-none-eabi/13.3.1/thumb/v7e-m+fp/hard\libgcc.a
LOAD C:/ST/STM32CubeIDE_1.19.0/STM32CubeIDE/plugins/com.st.stm32cube.ide.mcu.externaltools.gnu-tools-for-stm32.13.3.rel1.win32_1.0.0.202411081344/tools/bin/../lib/gcc/arm-none-eabi/13.3.1/../../../../arm-none-eabi/lib/thumb/v7e-m+fp/hard\libc_nano.a
LOAD C:/ST/STM32CubeIDE_1.19.0/STM32CubeIDE/plugins/com.st.stm32cube.ide.mcu.externaltools.gnu-tools-for-stm32.13.3.rel1.win32_1.0.0.202411081344/tools/bin/../lib/gcc/arm-none-eabi/13.3.1/../../../../arm-none-eabi/lib/thumb/v7e-m+fp/hard\libnosys.a
END GROUP
START GROUP
LOAD C:/ST/STM32CubeIDE_1.19.0/STM32CubeIDE/plugins/com.st.stm32cube.ide.mcu.externaltools.gnu-tools-for-stm32.13.3.rel1.win32_1.0.0.202411081344/tools/bin/../lib/gcc/arm-none-eabi/13.3.1/thumb/v7e-m+fp/hard\libgcc.a
LOAD C:/ST/STM32CubeIDE_1.19.0/STM32CubeIDE/plugins/com.st.stm32cube.ide.mcu.externaltools.gnu-tools-for-stm32.13.3.rel1.win32_1.0.0.202411081344/tools/bin/../lib/gcc/arm-none-eabi/13.3.1/../../../../arm-none-eabi/lib/thumb/v7e-m+fp/hard\libc_nano.a
LOAD C:/ST/STM32CubeIDE_1.19.0/STM32CubeIDE/plugins/com.st.stm32cube.ide.mcu.externaltools.gnu-tools-for-stm32.13.3.rel1.win32_1.0.0.202411081344/tools/bin/../lib/gcc/arm-none-eabi/13.3.1/../../../../arm-none-eabi/lib/thumb/v7e-m+fp/hard\libnosys.a
END GROUP
LOAD C:/ST/STM32CubeIDE_1.19.0/STM32CubeIDE/plugins/com.st.stm32cube.ide.mcu.externaltools.gnu-tools-for-stm32.13.3.rel1.win32_1.0.0.202411081344/tools/bin/../lib/gcc/arm-none-eabi/13.3.1/thumb/v7e-m+fp/hard/crtend.o
LOAD C:/ST/STM32CubeIDE_1.19.0/STM32CubeIDE/plugins/com.st.stm32cube.ide.mcu.externaltools.gnu-tools-for-stm32.13.3.rel1.win32_1.0.0.202411081344/tools/bin/../lib/gcc/arm-none-eabi/13.3.1/thumb/v7e-m+fp/hard/crtn.o
                0x20020000                        _estack = (ORIGIN (RAM) + LENGTH (RAM))
                0x00000200                        _Min_Heap_Size = 0x200
                0x00000400                        _Min_Stack_Size = 0x400

.isr_vector     0x08000000      0x188
                0x08000000                        . = ALIGN (0x4)
 *(.isr_vector)
 .isr_vector    0x08000000      0x188 ./Core/Startup/startup_stm32f407vetx.o
                0x08000000                g_pfnVectors
                0x08000188                        . = ALIGN (0x4)

.text           0x08000190    0x10e70
                0x08000190                        . = ALIGN (0x4)
 *(.text)
 .text          0x08000190       0x40 C:/ST/STM32CubeIDE_1.19.0/STM32CubeIDE/plugins/com.st.stm32cube.ide.mcu.externaltools.gnu-tools-for-stm32.13.3.rel1.win32_1.0.0.202411081344/tools/bin/../lib/gcc/arm-none-eabi/13.3.1/thumb/v7e-m+fp/hard/crtbegin.o
 .text          0x080001d0       0xa0 C:/ST/STM32CubeIDE_1.19.0/STM32CubeIDE/plugins/com.st.stm32cube.ide.mcu.externaltools.gnu-tools-for-stm32.13.3.rel1.win32_1.0.0.202411081344/tools/bin/../lib/gcc/arm-none-eabi/13.3.1/../../../../arm-none-eabi/lib/thumb/v7e-m+fp/hard\libc_nano.a(libc_a-memchr.o)
                0x080001d0                memchr
 .text          0x08000270       0x10 C:/ST/STM32CubeIDE_1.19.0/STM32CubeIDE/plugins/com.st.stm32cube.ide.mcu.externaltools.gnu-tools-for-stm32.13.3.rel1.win32_1.0.0.202411081344/tools/bin/../lib/gcc/arm-none-eabi/13.3.1/../../../../arm-none-eabi/lib/thumb/v7e-m+fp/hard\libc_nano.a(libc_a-strlen.o)
                0x08000270                strlen
 .text          0x08000280      0x378 C:/ST/STM32CubeIDE_1.19.0/STM32CubeIDE/plugins/com.st.stm32cube.ide.mcu.externaltools.gnu-tools-for-stm32.13.3.rel1.win32_1.0.0.202411081344/tools/bin/../lib/gcc/arm-none-eabi/13.3.1/thumb/v7e-m+fp/hard\libgcc.a(_arm_addsubdf3.o)
                0x08000280                __aeabi_drsub
                0x08000288                __aeabi_dsub
                0x08000288                __subdf3
                0x0800028c                __aeabi_dadd
                0x0800028c                __adddf3
                0x08000504                __floatunsidf
                0x08000504                __aeabi_ui2d
                0x08000524                __floatsidf
                0x08000524                __aeabi_i2d
                0x08000548                __aeabi_f2d
                0x08000548                __extendsfdf2
                0x0800058c                __floatundidf
                0x0800058c                __aeabi_ul2d
                0x0800059c                __floatdidf
                0x0800059c                __aeabi_l2d
 .text          0x080005f8      0x424 C:/ST/STM32CubeIDE_1.19.0/STM32CubeIDE/plugins/com.st.stm32cube.ide.mcu.externaltools.gnu-tools-for-stm32.13.3.rel1.win32_1.0.0.202411081344/tools/bin/../lib/gcc/arm-none-eabi/13.3.1/thumb/v7e-m+fp/hard\libgcc.a(_arm_muldivdf3.o)
                0x080005f8                __aeabi_dmul
                0x080005f8                __muldf3
                0x0800084c                __divdf3
                0x0800084c                __aeabi_ddiv
 .text          0x08000a1c      0x110 C:/ST/STM32CubeIDE_1.19.0/STM32CubeIDE/plugins/com.st.stm32cube.ide.mcu.externaltools.gnu-tools-for-stm32.13.3.rel1.win32_1.0.0.202411081344/tools/bin/../lib/gcc/arm-none-eabi/13.3.1/thumb/v7e-m+fp/hard\libgcc.a(_arm_cmpdf2.o)
                0x08000a1c                __gtdf2
                0x08000a1c                __gedf2
                0x08000a24                __ltdf2
                0x08000a24                __ledf2
                0x08000a2c                __nedf2
                0x08000a2c                __eqdf2
                0x08000a2c                __cmpdf2
                0x08000aa8                __aeabi_cdrcmple
                0x08000ab8                __aeabi_cdcmpeq
                0x08000ab8                __aeabi_cdcmple
                0x08000ac8                __aeabi_dcmpeq
                0x08000adc                __aeabi_dcmplt
                0x08000af0                __aeabi_dcmple
                0x08000b04                __aeabi_dcmpge
                0x08000b18                __aeabi_dcmpgt
 .text          0x08000b2c       0x2c C:/ST/STM32CubeIDE_1.19.0/STM32CubeIDE/plugins/com.st.stm32cube.ide.mcu.externaltools.gnu-tools-for-stm32.13.3.rel1.win32_1.0.0.202411081344/tools/bin/../lib/gcc/arm-none-eabi/13.3.1/thumb/v7e-m+fp/hard\libgcc.a(_arm_unorddf2.o)
                0x08000b2c                __unorddf2
                0x08000b2c                __aeabi_dcmpun
 .text          0x08000b58       0x50 C:/ST/STM32CubeIDE_1.19.0/STM32CubeIDE/plugins/com.st.stm32cube.ide.mcu.externaltools.gnu-tools-for-stm32.13.3.rel1.win32_1.0.0.202411081344/tools/bin/../lib/gcc/arm-none-eabi/13.3.1/thumb/v7e-m+fp/hard\libgcc.a(_arm_fixdfsi.o)
                0x08000b58                __aeabi_d2iz
                0x08000b58                __fixdfsi
 .text          0x08000ba8       0x40 C:/ST/STM32CubeIDE_1.19.0/STM32CubeIDE/plugins/com.st.stm32cube.ide.mcu.externaltools.gnu-tools-for-stm32.13.3.rel1.win32_1.0.0.202411081344/tools/bin/../lib/gcc/arm-none-eabi/13.3.1/thumb/v7e-m+fp/hard\libgcc.a(_arm_fixunsdfsi.o)
                0x08000ba8                __aeabi_d2uiz
                0x08000ba8                __fixunsdfsi
 .text          0x08000be8       0xa0 C:/ST/STM32CubeIDE_1.19.0/STM32CubeIDE/plugins/com.st.stm32cube.ide.mcu.externaltools.gnu-tools-for-stm32.13.3.rel1.win32_1.0.0.202411081344/tools/bin/../lib/gcc/arm-none-eabi/13.3.1/thumb/v7e-m+fp/hard\libgcc.a(_arm_truncdfsf2.o)
                0x08000be8                __truncdfsf2
                0x08000be8                __aeabi_d2f
 .text          0x08000c88       0x30 C:/ST/STM32CubeIDE_1.19.0/STM32CubeIDE/plugins/com.st.stm32cube.ide.mcu.externaltools.gnu-tools-for-stm32.13.3.rel1.win32_1.0.0.202411081344/tools/bin/../lib/gcc/arm-none-eabi/13.3.1/thumb/v7e-m+fp/hard\libgcc.a(_aeabi_uldivmod.o)
                0x08000c88                __aeabi_uldivmod
 .text          0x08000cb8       0x30 C:/ST/STM32CubeIDE_1.19.0/STM32CubeIDE/plugins/com.st.stm32cube.ide.mcu.externaltools.gnu-tools-for-stm32.13.3.rel1.win32_1.0.0.202411081344/tools/bin/../lib/gcc/arm-none-eabi/13.3.1/thumb/v7e-m+fp/hard\libgcc.a(_fixdfdi.o)
                0x08000cb8                __fixdfdi
                0x08000cb8                __aeabi_d2lz
 .text          0x08000ce8       0x3c C:/ST/STM32CubeIDE_1.19.0/STM32CubeIDE/plugins/com.st.stm32cube.ide.mcu.externaltools.gnu-tools-for-stm32.13.3.rel1.win32_1.0.0.202411081344/tools/bin/../lib/gcc/arm-none-eabi/13.3.1/thumb/v7e-m+fp/hard\libgcc.a(_fixunsdfdi.o)
                0x08000ce8                __fixunsdfdi
                0x08000ce8                __aeabi_d2ulz
 .text          0x08000d24      0x2f8 C:/ST/STM32CubeIDE_1.19.0/STM32CubeIDE/plugins/com.st.stm32cube.ide.mcu.externaltools.gnu-tools-for-stm32.13.3.rel1.win32_1.0.0.202411081344/tools/bin/../lib/gcc/arm-none-eabi/13.3.1/thumb/v7e-m+fp/hard\libgcc.a(_udivmoddi4.o)
                0x08000d24                __udivmoddi4
 .text          0x0800101c        0x4 C:/ST/STM32CubeIDE_1.19.0/STM32CubeIDE/plugins/com.st.stm32cube.ide.mcu.externaltools.gnu-tools-for-stm32.13.3.rel1.win32_1.0.0.202411081344/tools/bin/../lib/gcc/arm-none-eabi/13.3.1/thumb/v7e-m+fp/hard\libgcc.a(_dvmd_tls.o)
                0x0800101c                __aeabi_idiv0
                0x0800101c                __aeabi_ldiv0
 *(.text*)
 .text.SetTimerCount
                0x08001020       0x44 ./Core/App/01_Flags.o
                0x08001020                SetTimerCount
 .text.Flag_CallBack
                0x08001064       0x68 ./Core/App/01_Flags.o
                0x08001064                Flag_CallBack
 .text._ZN9RTCDS323110KhoiTaoRTCEv
                0x080010cc       0x20 ./Core/App/05_RTC.o
                0x080010cc                RTCDS3231::KhoiTaoRTC()
 .text._ZN9RTCDS323114LayRTCTuDS3231Ev
                0x080010ec       0x24 ./Core/App/05_RTC.o
                0x080010ec                RTCDS3231::LayRTCTuDS3231()
 .text.HAL_TIM_PeriodElapsedCallback
                0x08001110       0x38 ./Core/App/ChuongTrinhChinh.o
                0x08001110                HAL_TIM_PeriodElapsedCallback
 .text.HAL_UART_RxCpltCallback
                0x08001148       0x24 ./Core/App/ChuongTrinhChinh.o
                0x08001148                HAL_UART_RxCpltCallback
 .text.HAL_UARTEx_RxEventCallback
                0x0800116c       0x20 ./Core/App/ChuongTrinhChinh.o
                0x0800116c                HAL_UARTEx_RxEventCallback
 .text.KhoiTao  0x0800118c      0x144 ./Core/App/ChuongTrinhChinh.o
                0x0800118c                KhoiTao
 .text.TaskThucThiTacVuTheoFlag
                0x080012d0       0x48 ./Core/App/ChuongTrinhChinh.o
                0x080012d0                TaskThucThiTacVuTheoFlag
 .text.TaskDocCamBien
                0x08001318       0x12 ./Core/App/ChuongTrinhChinh.o
                0x08001318                TaskDocCamBien
 .text.TaskPostGetDuLieuTuBoard
                0x0800132a       0x12 ./Core/App/ChuongTrinhChinh.o
                0x0800132a                TaskPostGetDuLieuTuBoard
 .text.ThucThiTacVuTheoFlag
                0x0800133c       0x50 ./Core/App/ChuongTrinhChinh.o
                0x0800133c                ThucThiTacVuTheoFlag
 .text.rtc_init
                0x0800138c       0x20 ./Core/App/Libraries/DS3231/DS3231.o
                0x0800138c                rtc_init
 .text.BCD2Decimal
                0x080013ac       0x32 ./Core/App/Libraries/DS3231/DS3231.o
                0x080013ac                BCD2Decimal
 *fill*         0x080013de        0x2 
 .text.DS3231_read_time
                0x080013e0       0xb4 ./Core/App/Libraries/DS3231/DS3231.o
                0x080013e0                DS3231_read_time
 .text.auto_baud
                0x08001494       0x88 ./Core/App/Libraries/GNSS/GNSS.o
                0x08001494                auto_baud
 .text.GPS_Init
                0x0800151c       0x2e ./Core/App/Libraries/GNSS/GNSS.o
                0x0800151c                GPS_Init
 *fill*         0x0800154a        0x2 
 .text.GPS_UART_CallBack
                0x0800154c       0x80 ./Core/App/Libraries/GNSS/GNSS.o
                0x0800154c                GPS_UART_CallBack
 .text.GPS_validate
                0x080015cc       0xc8 ./Core/App/Libraries/GNSS/GNSS.o
                0x080015cc                GPS_validate
 *fill*         0x08001694        0x4 
 .text.GPS_parse
                0x08001698      0x330 ./Core/App/Libraries/GNSS/GNSS.o
                0x08001698                GPS_parse
 .text.GPS_nmea_to_dec
                0x080019c8       0x9c ./Core/App/Libraries/GNSS/GNSS.o
                0x080019c8                GPS_nmea_to_dec
 .text.findSubstring
                0x08001a64      0x178 ./Core/App/Libraries/Sim7600x/Sim7600x.o
                0x08001a64                findSubstring
 .text.SIM_UART_DMA_CallBack
                0x08001bdc       0x22 ./Core/App/Libraries/Sim7600x/Sim7600x.o
                0x08001bdc                SIM_UART_DMA_CallBack
 .text.ClearBuffer
                0x08001bfe       0x3c ./Core/App/Libraries/Sim7600x/Sim7600x.o
                0x08001bfe                ClearBuffer
 .text.WaitForResponse
                0x08001c3a       0x8c ./Core/App/Libraries/Sim7600x/Sim7600x.o
                0x08001c3a                WaitForResponse
 .text.SendCommand
                0x08001cc6       0x4c ./Core/App/Libraries/Sim7600x/Sim7600x.o
                0x08001cc6                SendCommand
 .text.SIMInit  0x08001d12       0x90 ./Core/App/Libraries/Sim7600x/Sim7600x.o
                0x08001d12                SIMInit
 *fill*         0x08001da2        0x2 
 .text.PowerOn  0x08001da4       0x6c ./Core/App/Libraries/Sim7600x/Sim7600x.o
                0x08001da4                PowerOn
 .text.ResetModule
                0x08001e10      0x1ac ./Core/App/Libraries/Sim7600x/Sim7600x.o
                0x08001e10                ResetModule
 .text.StartModuleService
                0x08001fbc       0x6e ./Core/App/Libraries/Sim7600x/Sim7600x.o
                0x08001fbc                StartModuleService
 *fill*         0x0800202a        0x2 
 .text.ConnectToModule
                0x0800202c      0x144 ./Core/App/Libraries/Sim7600x/Sim7600x.o
                0x0800202c                ConnectToModule
 .text.CheckSimConnect
                0x08002170       0xac ./Core/App/Libraries/Sim7600x/Sim7600x.o
                0x08002170                CheckSimConnect
 .text.GetPhoneNumber
                0x0800221c      0x1ac ./Core/App/Libraries/Sim7600x/Sim7600x.o
                0x0800221c                GetPhoneNumber
 .text.GetRSSI  0x080023c8       0xe0 ./Core/App/Libraries/Sim7600x/Sim7600x.o
                0x080023c8                GetRSSI
 .text.GetSignal
                0x080024a8      0x158 ./Core/App/Libraries/Sim7600x/Sim7600x.o
                0x080024a8                GetSignal
 .text.configureTimerForRunTimeStats
                0x08002600       0x1c ./Core/Src/freertos.o
                0x08002600                configureTimerForRunTimeStats
 .text.getRunTimeCounterValue
                0x0800261c       0x18 ./Core/Src/freertos.o
                0x0800261c                getRunTimeCounterValue
 .text.main     0x08002634       0x64 ./Core/Src/main.o
                0x08002634                main
 .text.SystemClock_Config
                0x08002698       0xd4 ./Core/Src/main.o
                0x08002698                SystemClock_Config
 .text.MX_I2C1_Init
                0x0800276c       0x5c ./Core/Src/main.o
 .text.MX_I2C3_Init
                0x080027c8       0x5c ./Core/Src/main.o
 .text.MX_SPI1_Init
                0x08002824       0x6c ./Core/Src/main.o
 .text.MX_TIM2_Init
                0x08002890       0x98 ./Core/Src/main.o
 .text.MX_TIM7_Init
                0x08002928       0x6c ./Core/Src/main.o
 .text.MX_UART4_Init
                0x08002994       0x54 ./Core/Src/main.o
 .text.MX_UART5_Init
                0x080029e8       0x54 ./Core/Src/main.o
 .text.MX_USART2_UART_Init
                0x08002a3c       0x54 ./Core/Src/main.o
 .text.MX_DMA_Init
                0x08002a90       0x7c ./Core/Src/main.o
 .text.MX_GPIO_Init
                0x08002b0c      0x238 ./Core/Src/main.o
 .text.StartDefaultTask
                0x08002d44       0x10 ./Core/Src/main.o
                0x08002d44                StartDefaultTask
 .text.Error_Handler
                0x08002d54        0xc ./Core/Src/main.o
                0x08002d54                Error_Handler
 .text.HAL_MspInit
                0x08002d60       0x58 ./Core/Src/stm32f4xx_hal_msp.o
                0x08002d60                HAL_MspInit
 .text.HAL_I2C_MspInit
                0x08002db8      0x140 ./Core/Src/stm32f4xx_hal_msp.o
                0x08002db8                HAL_I2C_MspInit
 .text.HAL_SPI_MspInit
                0x08002ef8       0xf4 ./Core/Src/stm32f4xx_hal_msp.o
                0x08002ef8                HAL_SPI_MspInit
 .text.HAL_TIM_Base_MspInit
                0x08002fec       0x88 ./Core/Src/stm32f4xx_hal_msp.o
                0x08002fec                HAL_TIM_Base_MspInit
 .text.HAL_UART_MspInit
                0x08003074      0x290 ./Core/Src/stm32f4xx_hal_msp.o
                0x08003074                HAL_UART_MspInit
 .text.HAL_InitTick
                0x08003304       0xf8 ./Core/Src/stm32f4xx_hal_timebase_tim.o
                0x08003304                HAL_InitTick
 .text.NMI_Handler
                0x080033fc        0x8 ./Core/Src/stm32f4xx_it.o
                0x080033fc                NMI_Handler
 .text.HardFault_Handler
                0x08003404        0x8 ./Core/Src/stm32f4xx_it.o
                0x08003404                HardFault_Handler
 .text.MemManage_Handler
                0x0800340c        0x8 ./Core/Src/stm32f4xx_it.o
                0x0800340c                MemManage_Handler
 .text.BusFault_Handler
                0x08003414        0x8 ./Core/Src/stm32f4xx_it.o
                0x08003414                BusFault_Handler
 .text.UsageFault_Handler
                0x0800341c        0x8 ./Core/Src/stm32f4xx_it.o
                0x0800341c                UsageFault_Handler
 .text.DebugMon_Handler
                0x08003424        0xe ./Core/Src/stm32f4xx_it.o
                0x08003424                DebugMon_Handler
 .text.EXTI4_IRQHandler
                0x08003432        0xe ./Core/Src/stm32f4xx_it.o
                0x08003432                EXTI4_IRQHandler
 .text.DMA1_Stream0_IRQHandler
                0x08003440       0x14 ./Core/Src/stm32f4xx_it.o
                0x08003440                DMA1_Stream0_IRQHandler
 .text.DMA1_Stream5_IRQHandler
                0x08003454       0x14 ./Core/Src/stm32f4xx_it.o
                0x08003454                DMA1_Stream5_IRQHandler
 .text.TIM2_IRQHandler
                0x08003468       0x14 ./Core/Src/stm32f4xx_it.o
                0x08003468                TIM2_IRQHandler
 .text.UART4_IRQHandler
                0x0800347c       0x14 ./Core/Src/stm32f4xx_it.o
                0x0800347c                UART4_IRQHandler
 .text.UART5_IRQHandler
                0x08003490       0x14 ./Core/Src/stm32f4xx_it.o
                0x08003490                UART5_IRQHandler
 .text.TIM6_DAC_IRQHandler
                0x080034a4       0x14 ./Core/Src/stm32f4xx_it.o
                0x080034a4                TIM6_DAC_IRQHandler
 .text.TIM7_IRQHandler
                0x080034b8       0x20 ./Core/Src/stm32f4xx_it.o
                0x080034b8                TIM7_IRQHandler
 .text.DMA2_Stream0_IRQHandler
                0x080034d8       0x14 ./Core/Src/stm32f4xx_it.o
                0x080034d8                DMA2_Stream0_IRQHandler
 .text._getpid  0x080034ec       0x10 ./Core/Src/syscalls.o
                0x080034ec                _getpid
 .text._kill    0x080034fc       0x20 ./Core/Src/syscalls.o
                0x080034fc                _kill
 .text._exit    0x0800351c       0x16 ./Core/Src/syscalls.o
                0x0800351c                _exit
 .text._read    0x08003532       0x3a ./Core/Src/syscalls.o
                0x08003532                _read
 .text._write   0x0800356c       0x38 ./Core/Src/syscalls.o
                0x0800356c                _write
 .text._close   0x080035a4       0x18 ./Core/Src/syscalls.o
                0x080035a4                _close
 .text._fstat   0x080035bc       0x20 ./Core/Src/syscalls.o
                0x080035bc                _fstat
 .text._isatty  0x080035dc       0x16 ./Core/Src/syscalls.o
                0x080035dc                _isatty
 .text._lseek   0x080035f2       0x1a ./Core/Src/syscalls.o
                0x080035f2                _lseek
 .text._sbrk    0x0800360c       0x6c ./Core/Src/sysmem.o
                0x0800360c                _sbrk
 .text.SystemInit
                0x08003678       0x24 ./Core/Src/system_stm32f4xx.o
                0x08003678                SystemInit
 .text.Reset_Handler
                0x0800369c       0x50 ./Core/Startup/startup_stm32f407vetx.o
                0x0800369c                Reset_Handler
 .text.Default_Handler
                0x080036ec        0x2 ./Core/Startup/startup_stm32f407vetx.o
                0x080036ec                RTC_Alarm_IRQHandler
                0x080036ec                HASH_RNG_IRQHandler
                0x080036ec                EXTI2_IRQHandler
                0x080036ec                TIM8_CC_IRQHandler
                0x080036ec                TIM1_CC_IRQHandler
                0x080036ec                DMA2_Stream5_IRQHandler
                0x080036ec                PVD_IRQHandler
                0x080036ec                SDIO_IRQHandler
                0x080036ec                TAMP_STAMP_IRQHandler
                0x080036ec                CAN2_RX1_IRQHandler
                0x080036ec                EXTI3_IRQHandler
                0x080036ec                TIM8_TRG_COM_TIM14_IRQHandler
                0x080036ec                TIM1_UP_TIM10_IRQHandler
                0x080036ec                TIM8_UP_TIM13_IRQHandler
                0x080036ec                I2C3_ER_IRQHandler
                0x080036ec                EXTI0_IRQHandler
                0x080036ec                I2C2_EV_IRQHandler
                0x080036ec                DMA1_Stream2_IRQHandler
                0x080036ec                CAN1_RX0_IRQHandler
                0x080036ec                FPU_IRQHandler
                0x080036ec                OTG_HS_WKUP_IRQHandler
                0x080036ec                CAN2_SCE_IRQHandler
                0x080036ec                DMA2_Stream2_IRQHandler
                0x080036ec                SPI1_IRQHandler
                0x080036ec                TIM1_BRK_TIM9_IRQHandler
                0x080036ec                DCMI_IRQHandler
                0x080036ec                CAN2_RX0_IRQHandler
                0x080036ec                DMA2_Stream3_IRQHandler
                0x080036ec                USART6_IRQHandler
                0x080036ec                USART3_IRQHandler
                0x080036ec                CAN1_RX1_IRQHandler
                0x080036ec                TIM4_IRQHandler
                0x080036ec                I2C1_EV_IRQHandler
                0x080036ec                DMA1_Stream6_IRQHandler
                0x080036ec                DMA1_Stream1_IRQHandler
                0x080036ec                TIM3_IRQHandler
                0x080036ec                RCC_IRQHandler
                0x080036ec                TIM8_BRK_TIM12_IRQHandler
                0x080036ec                Default_Handler
                0x080036ec                EXTI15_10_IRQHandler
                0x080036ec                ADC_IRQHandler
                0x080036ec                DMA1_Stream7_IRQHandler
                0x080036ec                CAN2_TX_IRQHandler
                0x080036ec                TIM5_IRQHandler
                0x080036ec                DMA2_Stream7_IRQHandler
                0x080036ec                I2C3_EV_IRQHandler
                0x080036ec                EXTI9_5_IRQHandler
                0x080036ec                RTC_WKUP_IRQHandler
                0x080036ec                ETH_WKUP_IRQHandler
                0x080036ec                SPI2_IRQHandler
                0x080036ec                OTG_HS_EP1_IN_IRQHandler
                0x080036ec                CAN1_TX_IRQHandler
                0x080036ec                FSMC_IRQHandler
                0x080036ec                ETH_IRQHandler
                0x080036ec                OTG_HS_EP1_OUT_IRQHandler
                0x080036ec                WWDG_IRQHandler
                0x080036ec                OTG_FS_WKUP_IRQHandler
                0x080036ec                TIM1_TRG_COM_TIM11_IRQHandler
                0x080036ec                OTG_HS_IRQHandler
                0x080036ec                EXTI1_IRQHandler
                0x080036ec                USART2_IRQHandler
                0x080036ec                I2C2_ER_IRQHandler
                0x080036ec                DMA2_Stream1_IRQHandler
                0x080036ec                CAN1_SCE_IRQHandler
                0x080036ec                FLASH_IRQHandler
                0x080036ec                DMA2_Stream4_IRQHandler
                0x080036ec                USART1_IRQHandler
                0x080036ec                OTG_FS_IRQHandler
                0x080036ec                SPI3_IRQHandler
                0x080036ec                DMA1_Stream4_IRQHandler
                0x080036ec                I2C1_ER_IRQHandler
                0x080036ec                DMA2_Stream6_IRQHandler
                0x080036ec                DMA1_Stream3_IRQHandler
 *fill*         0x080036ee        0x2 
 .text.HAL_Init
                0x080036f0       0x44 ./Drivers/STM32F4xx_HAL_Driver/Src/stm32f4xx_hal.o
                0x080036f0                HAL_Init
 .text.HAL_IncTick
                0x08003734       0x28 ./Drivers/STM32F4xx_HAL_Driver/Src/stm32f4xx_hal.o
                0x08003734                HAL_IncTick
 .text.HAL_GetTick
                0x0800375c       0x18 ./Drivers/STM32F4xx_HAL_Driver/Src/stm32f4xx_hal.o
                0x0800375c                HAL_GetTick
 .text.HAL_Delay
                0x08003774       0x48 ./Drivers/STM32F4xx_HAL_Driver/Src/stm32f4xx_hal.o
                0x08003774                HAL_Delay
 .text.__NVIC_SetPriorityGrouping
                0x080037bc       0x48 ./Drivers/STM32F4xx_HAL_Driver/Src/stm32f4xx_hal_cortex.o
 .text.__NVIC_GetPriorityGrouping
                0x08003804       0x1c ./Drivers/STM32F4xx_HAL_Driver/Src/stm32f4xx_hal_cortex.o
 .text.__NVIC_EnableIRQ
                0x08003820       0x3c ./Drivers/STM32F4xx_HAL_Driver/Src/stm32f4xx_hal_cortex.o
 .text.__NVIC_SetPriority
                0x0800385c       0x54 ./Drivers/STM32F4xx_HAL_Driver/Src/stm32f4xx_hal_cortex.o
 .text.NVIC_EncodePriority
                0x080038b0       0x66 ./Drivers/STM32F4xx_HAL_Driver/Src/stm32f4xx_hal_cortex.o
 .text.HAL_NVIC_SetPriorityGrouping
                0x08003916       0x16 ./Drivers/STM32F4xx_HAL_Driver/Src/stm32f4xx_hal_cortex.o
                0x08003916                HAL_NVIC_SetPriorityGrouping
 .text.HAL_NVIC_SetPriority
                0x0800392c       0x38 ./Drivers/STM32F4xx_HAL_Driver/Src/stm32f4xx_hal_cortex.o
                0x0800392c                HAL_NVIC_SetPriority
 .text.HAL_NVIC_EnableIRQ
                0x08003964       0x1c ./Drivers/STM32F4xx_HAL_Driver/Src/stm32f4xx_hal_cortex.o
                0x08003964                HAL_NVIC_EnableIRQ
 .text.HAL_DMA_Init
                0x08003980      0x15c ./Drivers/STM32F4xx_HAL_Driver/Src/stm32f4xx_hal_dma.o
                0x08003980                HAL_DMA_Init
 .text.HAL_DMA_Start_IT
                0x08003adc       0xb0 ./Drivers/STM32F4xx_HAL_Driver/Src/stm32f4xx_hal_dma.o
                0x08003adc                HAL_DMA_Start_IT
 .text.HAL_DMA_Abort
                0x08003b8c       0xe0 ./Drivers/STM32F4xx_HAL_Driver/Src/stm32f4xx_hal_dma.o
                0x08003b8c                HAL_DMA_Abort
 .text.HAL_DMA_Abort_IT
                0x08003c6c       0x44 ./Drivers/STM32F4xx_HAL_Driver/Src/stm32f4xx_hal_dma.o
                0x08003c6c                HAL_DMA_Abort_IT
 .text.HAL_DMA_IRQHandler
                0x08003cb0      0x314 ./Drivers/STM32F4xx_HAL_Driver/Src/stm32f4xx_hal_dma.o
                0x08003cb0                HAL_DMA_IRQHandler
 .text.DMA_SetConfig
                0x08003fc4       0x5c ./Drivers/STM32F4xx_HAL_Driver/Src/stm32f4xx_hal_dma.o
 .text.DMA_CalcBaseAndBitshift
                0x08004020       0x6c ./Drivers/STM32F4xx_HAL_Driver/Src/stm32f4xx_hal_dma.o
 .text.DMA_CheckFifoParam
                0x0800408c       0xf8 ./Drivers/STM32F4xx_HAL_Driver/Src/stm32f4xx_hal_dma.o
 .text.HAL_GPIO_Init
                0x08004184      0x338 ./Drivers/STM32F4xx_HAL_Driver/Src/stm32f4xx_hal_gpio.o
                0x08004184                HAL_GPIO_Init
 .text.HAL_GPIO_WritePin
                0x080044bc       0x32 ./Drivers/STM32F4xx_HAL_Driver/Src/stm32f4xx_hal_gpio.o
                0x080044bc                HAL_GPIO_WritePin
 *fill*         0x080044ee        0x2 
 .text.HAL_GPIO_EXTI_IRQHandler
                0x080044f0       0x30 ./Drivers/STM32F4xx_HAL_Driver/Src/stm32f4xx_hal_gpio.o
                0x080044f0                HAL_GPIO_EXTI_IRQHandler
 .text.HAL_GPIO_EXTI_Callback
                0x08004520       0x16 ./Drivers/STM32F4xx_HAL_Driver/Src/stm32f4xx_hal_gpio.o
                0x08004520                HAL_GPIO_EXTI_Callback
 *fill*         0x08004536        0x2 
 .text.HAL_I2C_Init
                0x08004538      0x288 ./Drivers/STM32F4xx_HAL_Driver/Src/stm32f4xx_hal_i2c.o
                0x08004538                HAL_I2C_Init
 .text.HAL_I2C_Master_Transmit
                0x080047c0      0x1fc ./Drivers/STM32F4xx_HAL_Driver/Src/stm32f4xx_hal_i2c.o
                0x080047c0                HAL_I2C_Master_Transmit
 .text.HAL_I2C_Master_Receive
                0x080049bc      0x464 ./Drivers/STM32F4xx_HAL_Driver/Src/stm32f4xx_hal_i2c.o
                0x080049bc                HAL_I2C_Master_Receive
 .text.I2C_MasterRequestWrite
                0x08004e20      0x104 ./Drivers/STM32F4xx_HAL_Driver/Src/stm32f4xx_hal_i2c.o
 .text.I2C_MasterRequestRead
                0x08004f24      0x19c ./Drivers/STM32F4xx_HAL_Driver/Src/stm32f4xx_hal_i2c.o
 .text.I2C_WaitOnFlagUntilTimeout
                0x080050c0       0xf4 ./Drivers/STM32F4xx_HAL_Driver/Src/stm32f4xx_hal_i2c.o
 .text.I2C_WaitOnMasterAddressFlagUntilTimeout
                0x080051b4      0x140 ./Drivers/STM32F4xx_HAL_Driver/Src/stm32f4xx_hal_i2c.o
 .text.I2C_WaitOnTXEFlagUntilTimeout
                0x080052f4       0x90 ./Drivers/STM32F4xx_HAL_Driver/Src/stm32f4xx_hal_i2c.o
 .text.I2C_WaitOnBTFFlagUntilTimeout
                0x08005384       0x90 ./Drivers/STM32F4xx_HAL_Driver/Src/stm32f4xx_hal_i2c.o
 .text.I2C_WaitOnRXNEFlagUntilTimeout
                0x08005414       0xba ./Drivers/STM32F4xx_HAL_Driver/Src/stm32f4xx_hal_i2c.o
 .text.I2C_IsAcknowledgeFailed
                0x080054ce       0x5e ./Drivers/STM32F4xx_HAL_Driver/Src/stm32f4xx_hal_i2c.o
 .text.HAL_RCC_OscConfig
                0x0800552c      0x4f0 ./Drivers/STM32F4xx_HAL_Driver/Src/stm32f4xx_hal_rcc.o
                0x0800552c                HAL_RCC_OscConfig
 .text.HAL_RCC_ClockConfig
                0x08005a1c      0x1cc ./Drivers/STM32F4xx_HAL_Driver/Src/stm32f4xx_hal_rcc.o
                0x08005a1c                HAL_RCC_ClockConfig
 .text.HAL_RCC_GetSysClockFreq
                0x08005be8      0x18c ./Drivers/STM32F4xx_HAL_Driver/Src/stm32f4xx_hal_rcc.o
                0x08005be8                HAL_RCC_GetSysClockFreq
 .text.HAL_RCC_GetHCLKFreq
                0x08005d74       0x18 ./Drivers/STM32F4xx_HAL_Driver/Src/stm32f4xx_hal_rcc.o
                0x08005d74                HAL_RCC_GetHCLKFreq
 .text.HAL_RCC_GetPCLK1Freq
                0x08005d8c       0x28 ./Drivers/STM32F4xx_HAL_Driver/Src/stm32f4xx_hal_rcc.o
                0x08005d8c                HAL_RCC_GetPCLK1Freq
 .text.HAL_RCC_GetPCLK2Freq
                0x08005db4       0x28 ./Drivers/STM32F4xx_HAL_Driver/Src/stm32f4xx_hal_rcc.o
                0x08005db4                HAL_RCC_GetPCLK2Freq
 .text.HAL_RCC_GetClockConfig
                0x08005ddc       0x64 ./Drivers/STM32F4xx_HAL_Driver/Src/stm32f4xx_hal_rcc.o
                0x08005ddc                HAL_RCC_GetClockConfig
 .text.HAL_SPI_Init
                0x08005e40      0x112 ./Drivers/STM32F4xx_HAL_Driver/Src/stm32f4xx_hal_spi.o
                0x08005e40                HAL_SPI_Init
 .text.HAL_SPI_Transmit
                0x08005f52      0x288 ./Drivers/STM32F4xx_HAL_Driver/Src/stm32f4xx_hal_spi.o
                0x08005f52                HAL_SPI_Transmit
 .text.HAL_SPI_TransmitReceive
                0x080061da      0x352 ./Drivers/STM32F4xx_HAL_Driver/Src/stm32f4xx_hal_spi.o
                0x080061da                HAL_SPI_TransmitReceive
 .text.SPI_WaitFlagStateUntilTimeout
                0x0800652c      0x110 ./Drivers/STM32F4xx_HAL_Driver/Src/stm32f4xx_hal_spi.o
 .text.SPI_EndRxTxTransaction
                0x0800663c       0xa8 ./Drivers/STM32F4xx_HAL_Driver/Src/stm32f4xx_hal_spi.o
 .text.HAL_TIM_Base_Init
                0x080066e4       0x9e ./Drivers/STM32F4xx_HAL_Driver/Src/stm32f4xx_hal_tim.o
                0x080066e4                HAL_TIM_Base_Init
 *fill*         0x08006782        0x2 
 .text.HAL_TIM_Base_Start_IT
                0x08006784       0xe0 ./Drivers/STM32F4xx_HAL_Driver/Src/stm32f4xx_hal_tim.o
                0x08006784                HAL_TIM_Base_Start_IT
 .text.HAL_TIM_IRQHandler
                0x08006864      0x1e0 ./Drivers/STM32F4xx_HAL_Driver/Src/stm32f4xx_hal_tim.o
                0x08006864                HAL_TIM_IRQHandler
 .text.HAL_TIM_ConfigClockSource
                0x08006a44      0x18e ./Drivers/STM32F4xx_HAL_Driver/Src/stm32f4xx_hal_tim.o
                0x08006a44                HAL_TIM_ConfigClockSource
 .text.HAL_TIM_OC_DelayElapsedCallback
                0x08006bd2       0x14 ./Drivers/STM32F4xx_HAL_Driver/Src/stm32f4xx_hal_tim.o
                0x08006bd2                HAL_TIM_OC_DelayElapsedCallback
 .text.HAL_TIM_IC_CaptureCallback
                0x08006be6       0x14 ./Drivers/STM32F4xx_HAL_Driver/Src/stm32f4xx_hal_tim.o
                0x08006be6                HAL_TIM_IC_CaptureCallback
 .text.HAL_TIM_PWM_PulseFinishedCallback
                0x08006bfa       0x14 ./Drivers/STM32F4xx_HAL_Driver/Src/stm32f4xx_hal_tim.o
                0x08006bfa                HAL_TIM_PWM_PulseFinishedCallback
 .text.HAL_TIM_TriggerCallback
                0x08006c0e       0x14 ./Drivers/STM32F4xx_HAL_Driver/Src/stm32f4xx_hal_tim.o
                0x08006c0e                HAL_TIM_TriggerCallback
 *fill*         0x08006c22        0x2 
 .text.TIM_Base_SetConfig
                0x08006c24      0x14c ./Drivers/STM32F4xx_HAL_Driver/Src/stm32f4xx_hal_tim.o
                0x08006c24                TIM_Base_SetConfig
 .text.TIM_TI1_ConfigInputStage
                0x08006d70       0x5e ./Drivers/STM32F4xx_HAL_Driver/Src/stm32f4xx_hal_tim.o
 .text.TIM_TI2_ConfigInputStage
                0x08006dce       0x60 ./Drivers/STM32F4xx_HAL_Driver/Src/stm32f4xx_hal_tim.o
 .text.TIM_ITRx_SetConfig
                0x08006e2e       0x36 ./Drivers/STM32F4xx_HAL_Driver/Src/stm32f4xx_hal_tim.o
 .text.TIM_ETR_SetConfig
                0x08006e64       0x40 ./Drivers/STM32F4xx_HAL_Driver/Src/stm32f4xx_hal_tim.o
                0x08006e64                TIM_ETR_SetConfig
 .text.HAL_TIMEx_MasterConfigSynchronization
                0x08006ea4       0xf8 ./Drivers/STM32F4xx_HAL_Driver/Src/stm32f4xx_hal_tim_ex.o
                0x08006ea4                HAL_TIMEx_MasterConfigSynchronization
 .text.HAL_TIMEx_CommutCallback
                0x08006f9c       0x14 ./Drivers/STM32F4xx_HAL_Driver/Src/stm32f4xx_hal_tim_ex.o
                0x08006f9c                HAL_TIMEx_CommutCallback
 .text.HAL_TIMEx_BreakCallback
                0x08006fb0       0x14 ./Drivers/STM32F4xx_HAL_Driver/Src/stm32f4xx_hal_tim_ex.o
                0x08006fb0                HAL_TIMEx_BreakCallback
 .text.HAL_UART_Init
                0x08006fc4       0xa0 ./Drivers/STM32F4xx_HAL_Driver/Src/stm32f4xx_hal_uart.o
                0x08006fc4                HAL_UART_Init
 .text.HAL_UART_Transmit
                0x08007064      0x116 ./Drivers/STM32F4xx_HAL_Driver/Src/stm32f4xx_hal_uart.o
                0x08007064                HAL_UART_Transmit
 .text.HAL_UART_Receive_IT
                0x0800717a       0x4a ./Drivers/STM32F4xx_HAL_Driver/Src/stm32f4xx_hal_uart.o
                0x0800717a                HAL_UART_Receive_IT
 .text.HAL_UART_DMAStop
                0x080071c4       0xfe ./Drivers/STM32F4xx_HAL_Driver/Src/stm32f4xx_hal_uart.o
                0x080071c4                HAL_UART_DMAStop
 .text.HAL_UARTEx_ReceiveToIdle_DMA
                0x080072c2       0xb2 ./Drivers/STM32F4xx_HAL_Driver/Src/stm32f4xx_hal_uart.o
                0x080072c2                HAL_UARTEx_ReceiveToIdle_DMA
 .text.HAL_UART_IRQHandler
                0x08007374      0x554 ./Drivers/STM32F4xx_HAL_Driver/Src/stm32f4xx_hal_uart.o
                0x08007374                HAL_UART_IRQHandler
 .text.HAL_UART_TxCpltCallback
                0x080078c8       0x14 ./Drivers/STM32F4xx_HAL_Driver/Src/stm32f4xx_hal_uart.o
                0x080078c8                HAL_UART_TxCpltCallback
 .text.HAL_UART_RxHalfCpltCallback
                0x080078dc       0x14 ./Drivers/STM32F4xx_HAL_Driver/Src/stm32f4xx_hal_uart.o
                0x080078dc                HAL_UART_RxHalfCpltCallback
 .text.HAL_UART_ErrorCallback
                0x080078f0       0x14 ./Drivers/STM32F4xx_HAL_Driver/Src/stm32f4xx_hal_uart.o
                0x080078f0                HAL_UART_ErrorCallback
 .text.UART_DMAReceiveCplt
                0x08007904      0x12c ./Drivers/STM32F4xx_HAL_Driver/Src/stm32f4xx_hal_uart.o
 .text.UART_DMARxHalfCplt
                0x08007a30       0x3c ./Drivers/STM32F4xx_HAL_Driver/Src/stm32f4xx_hal_uart.o
 .text.UART_DMAError
                0x08007a6c       0x94 ./Drivers/STM32F4xx_HAL_Driver/Src/stm32f4xx_hal_uart.o
 .text.UART_WaitOnFlagUntilTimeout
                0x08007b00       0xb2 ./Drivers/STM32F4xx_HAL_Driver/Src/stm32f4xx_hal_uart.o
 .text.UART_Start_Receive_IT
                0x08007bb2       0x74 ./Drivers/STM32F4xx_HAL_Driver/Src/stm32f4xx_hal_uart.o
                0x08007bb2                UART_Start_Receive_IT
 *fill*         0x08007c26        0x2 
 .text.UART_Start_Receive_DMA
                0x08007c28      0x14c ./Drivers/STM32F4xx_HAL_Driver/Src/stm32f4xx_hal_uart.o
                0x08007c28                UART_Start_Receive_DMA
 .text.UART_EndTxTransfer
                0x08007d74       0x50 ./Drivers/STM32F4xx_HAL_Driver/Src/stm32f4xx_hal_uart.o
 .text.UART_EndRxTransfer
                0x08007dc4       0xc6 ./Drivers/STM32F4xx_HAL_Driver/Src/stm32f4xx_hal_uart.o
 .text.UART_DMAAbortOnError
                0x08007e8a       0x22 ./Drivers/STM32F4xx_HAL_Driver/Src/stm32f4xx_hal_uart.o
 .text.UART_Transmit_IT
                0x08007eac       0xa0 ./Drivers/STM32F4xx_HAL_Driver/Src/stm32f4xx_hal_uart.o
 .text.UART_EndTransmit_IT
                0x08007f4c       0x30 ./Drivers/STM32F4xx_HAL_Driver/Src/stm32f4xx_hal_uart.o
 .text.UART_Receive_IT
                0x08007f7c      0x17c ./Drivers/STM32F4xx_HAL_Driver/Src/stm32f4xx_hal_uart.o
 .text.UART_SetConfig
                0x080080f8      0x4e8 ./Drivers/STM32F4xx_HAL_Driver/Src/stm32f4xx_hal_uart.o
 .text.MX_FATFS_Init
                0x080085e0       0x24 ./FATFS/App/fatfs.o
                0x080085e0                MX_FATFS_Init
 .text.USER_initialize
                0x08008604       0x1c ./FATFS/Target/user_diskio.o
                0x08008604                USER_initialize
 .text.USER_status
                0x08008620       0x1c ./FATFS/Target/user_diskio.o
                0x08008620                USER_status
 .text.USER_read
                0x0800863c       0x26 ./FATFS/Target/user_diskio.o
                0x0800863c                USER_read
 .text.USER_write
                0x08008662       0x26 ./FATFS/Target/user_diskio.o
                0x08008662                USER_write
 .text.USER_ioctl
                0x08008688       0x26 ./FATFS/Target/user_diskio.o
                0x08008688                USER_ioctl
 *fill*         0x080086ae        0x2 
 .text.SPI_Timer_On
                0x080086b0       0x28 ./FATFS/Target/user_diskio_spi.o
                0x080086b0                SPI_Timer_On
 .text.SPI_Timer_Status
                0x080086d8       0x2c ./FATFS/Target/user_diskio_spi.o
                0x080086d8                SPI_Timer_Status
 .text.xchg_spi
                0x08008704       0x2c ./FATFS/Target/user_diskio_spi.o
 .text.rcvr_spi_multi
                0x08008730       0x38 ./FATFS/Target/user_diskio_spi.o
 .text.xmit_spi_multi
                0x08008768       0x28 ./FATFS/Target/user_diskio_spi.o
 .text.wait_ready
                0x08008790       0x46 ./FATFS/Target/user_diskio_spi.o
 *fill*         0x080087d6        0x2 
 .text.despiselect
                0x080087d8       0x1c ./FATFS/Target/user_diskio_spi.o
 .text.spiselect
                0x080087f4       0x34 ./FATFS/Target/user_diskio_spi.o
 .text.rcvr_datablock
                0x08008828       0x52 ./FATFS/Target/user_diskio_spi.o
 .text.xmit_datablock
                0x0800887a       0x64 ./FATFS/Target/user_diskio_spi.o
 .text.send_cmd
                0x080088de       0xde ./FATFS/Target/user_diskio_spi.o
 .text.USER_SPI_initialize
                0x080089bc      0x1d4 ./FATFS/Target/user_diskio_spi.o
                0x080089bc                USER_SPI_initialize
 .text.USER_SPI_status
                0x08008b90       0x2c ./FATFS/Target/user_diskio_spi.o
                0x08008b90                USER_SPI_status
 .text.USER_SPI_read
                0x08008bbc       0xcc ./FATFS/Target/user_diskio_spi.o
                0x08008bbc                USER_SPI_read
 .text.USER_SPI_write
                0x08008c88       0xf8 ./FATFS/Target/user_diskio_spi.o
                0x08008c88                USER_SPI_write
 .text.USER_SPI_ioctl
                0x08008d80      0x2e0 ./FATFS/Target/user_diskio_spi.o
                0x08008d80                USER_SPI_ioctl
 .text.FATFS_LinkDriverEx
                0x08009060       0x98 ./Middlewares/Third_Party/FatFs/src/ff_gen_drv.o
                0x08009060                FATFS_LinkDriverEx
 .text.FATFS_LinkDriver
                0x080090f8       0x1e ./Middlewares/Third_Party/FatFs/src/ff_gen_drv.o
                0x080090f8                FATFS_LinkDriver
 *fill*         0x08009116        0x2 
 .text.__NVIC_SetPriority
                0x08009118       0x54 ./Middlewares/Third_Party/FreeRTOS/Source/CMSIS_RTOS_V2/cmsis_os2.o
 .text.SysTick_Handler
                0x0800916c       0x20 ./Middlewares/Third_Party/FreeRTOS/Source/CMSIS_RTOS_V2/cmsis_os2.o
                0x0800916c                SysTick_Handler
 .text.SVC_Setup
                0x0800918c       0x12 ./Middlewares/Third_Party/FreeRTOS/Source/CMSIS_RTOS_V2/cmsis_os2.o
 *fill*         0x0800919e        0x2 
 .text.osKernelInitialize
                0x080091a0       0x48 ./Middlewares/Third_Party/FreeRTOS/Source/CMSIS_RTOS_V2/cmsis_os2.o
                0x080091a0                osKernelInitialize
 .text.osKernelStart
                0x080091e8       0x4c ./Middlewares/Third_Party/FreeRTOS/Source/CMSIS_RTOS_V2/cmsis_os2.o
                0x080091e8                osKernelStart
 .text.osThreadNew
                0x08009234      0x124 ./Middlewares/Third_Party/FreeRTOS/Source/CMSIS_RTOS_V2/cmsis_os2.o
                0x08009234                osThreadNew
 .text.osDelay  0x08009358       0x36 ./Middlewares/Third_Party/FreeRTOS/Source/CMSIS_RTOS_V2/cmsis_os2.o
                0x08009358                osDelay
 .text.osSemaphoreNew
                0x0800938e      0x112 ./Middlewares/Third_Party/FreeRTOS/Source/CMSIS_RTOS_V2/cmsis_os2.o
                0x0800938e                osSemaphoreNew
 .text.vApplicationGetIdleTaskMemory
                0x080094a0       0x34 ./Middlewares/Third_Party/FreeRTOS/Source/CMSIS_RTOS_V2/cmsis_os2.o
                0x080094a0                vApplicationGetIdleTaskMemory
 .text.vApplicationGetTimerTaskMemory
                0x080094d4       0x34 ./Middlewares/Third_Party/FreeRTOS/Source/CMSIS_RTOS_V2/cmsis_os2.o
                0x080094d4                vApplicationGetTimerTaskMemory
 .text.vListInitialise
                0x08009508       0x40 ./Middlewares/Third_Party/FreeRTOS/Source/list.o
                0x08009508                vListInitialise
 .text.vListInitialiseItem
                0x08009548       0x1a ./Middlewares/Third_Party/FreeRTOS/Source/list.o
                0x08009548                vListInitialiseItem
 .text.vListInsertEnd
                0x08009562       0x48 ./Middlewares/Third_Party/FreeRTOS/Source/list.o
                0x08009562                vListInsertEnd
 .text.vListInsert
                0x080095aa       0x72 ./Middlewares/Third_Party/FreeRTOS/Source/list.o
                0x080095aa                vListInsert
 .text.uxListRemove
                0x0800961c       0x54 ./Middlewares/Third_Party/FreeRTOS/Source/list.o
                0x0800961c                uxListRemove
 .text.xQueueGenericReset
                0x08009670       0xd4 ./Middlewares/Third_Party/FreeRTOS/Source/queue.o
                0x08009670                xQueueGenericReset
 .text.xQueueGenericCreateStatic
                0x08009744       0xfa ./Middlewares/Third_Party/FreeRTOS/Source/queue.o
                0x08009744                xQueueGenericCreateStatic
 .text.xQueueGenericCreate
                0x0800983e       0x76 ./Middlewares/Third_Party/FreeRTOS/Source/queue.o
                0x0800983e                xQueueGenericCreate
 .text.prvInitialiseNewQueue
                0x080098b4       0x46 ./Middlewares/Third_Party/FreeRTOS/Source/queue.o
 .text.xQueueCreateCountingSemaphoreStatic
                0x080098fa       0x72 ./Middlewares/Third_Party/FreeRTOS/Source/queue.o
                0x080098fa                xQueueCreateCountingSemaphoreStatic
 .text.xQueueCreateCountingSemaphore
                0x0800996c       0x6a ./Middlewares/Third_Party/FreeRTOS/Source/queue.o
                0x0800996c                xQueueCreateCountingSemaphore
 *fill*         0x080099d6        0x2 
 .text.xQueueGenericSend
                0x080099d8      0x204 ./Middlewares/Third_Party/FreeRTOS/Source/queue.o
                0x080099d8                xQueueGenericSend
 .text.xQueueGenericSendFromISR
                0x08009bdc      0x13c ./Middlewares/Third_Party/FreeRTOS/Source/queue.o
                0x08009bdc                xQueueGenericSendFromISR
 .text.xQueueReceive
                0x08009d18      0x1c4 ./Middlewares/Third_Party/FreeRTOS/Source/queue.o
                0x08009d18                xQueueReceive
 .text.vQueueDelete
                0x08009edc       0x48 ./Middlewares/Third_Party/FreeRTOS/Source/queue.o
                0x08009edc                vQueueDelete
 .text.prvCopyDataToQueue
                0x08009f24       0xd4 ./Middlewares/Third_Party/FreeRTOS/Source/queue.o
 .text.prvCopyDataFromQueue
                0x08009ff8       0x4c ./Middlewares/Third_Party/FreeRTOS/Source/queue.o
 .text.prvUnlockQueue
                0x0800a044       0xa4 ./Middlewares/Third_Party/FreeRTOS/Source/queue.o
 .text.prvIsQueueEmpty
                0x0800a0e8       0x2c ./Middlewares/Third_Party/FreeRTOS/Source/queue.o
 .text.prvIsQueueFull
                0x0800a114       0x30 ./Middlewares/Third_Party/FreeRTOS/Source/queue.o
 .text.vQueueAddToRegistry
                0x0800a144       0x54 ./Middlewares/Third_Party/FreeRTOS/Source/queue.o
                0x0800a144                vQueueAddToRegistry
 .text.vQueueUnregisterQueue
                0x0800a198       0x54 ./Middlewares/Third_Party/FreeRTOS/Source/queue.o
                0x0800a198                vQueueUnregisterQueue
 .text.vQueueWaitForMessageRestricted
                0x0800a1ec       0x68 ./Middlewares/Third_Party/FreeRTOS/Source/queue.o
                0x0800a1ec                vQueueWaitForMessageRestricted
 .text.xTaskCreateStatic
                0x0800a254       0xc0 ./Middlewares/Third_Party/FreeRTOS/Source/tasks.o
                0x0800a254                xTaskCreateStatic
 .text.xTaskCreate
                0x0800a314       0x8a ./Middlewares/Third_Party/FreeRTOS/Source/tasks.o
                0x0800a314                xTaskCreate
 .text.prvInitialiseNewTask
                0x0800a39e      0x12c ./Middlewares/Third_Party/FreeRTOS/Source/tasks.o
 *fill*         0x0800a4ca        0x2 
 .text.prvAddNewTaskToReadyList
                0x0800a4cc       0xe0 ./Middlewares/Third_Party/FreeRTOS/Source/tasks.o
 .text.vTaskDelay
                0x0800a5ac       0x6c ./Middlewares/Third_Party/FreeRTOS/Source/tasks.o
                0x0800a5ac                vTaskDelay
 .text.vTaskStartScheduler
                0x0800a618       0xd4 ./Middlewares/Third_Party/FreeRTOS/Source/tasks.o
                0x0800a618                vTaskStartScheduler
 .text.vTaskSuspendAll
                0x0800a6ec       0x1c ./Middlewares/Third_Party/FreeRTOS/Source/tasks.o
                0x0800a6ec                vTaskSuspendAll
 .text.xTaskResumeAll
                0x0800a708      0x13c ./Middlewares/Third_Party/FreeRTOS/Source/tasks.o
                0x0800a708                xTaskResumeAll
 .text.xTaskGetTickCount
                0x0800a844       0x20 ./Middlewares/Third_Party/FreeRTOS/Source/tasks.o
                0x0800a844                xTaskGetTickCount
 .text.xTaskIncrementTick
                0x0800a864      0x174 ./Middlewares/Third_Party/FreeRTOS/Source/tasks.o
                0x0800a864                xTaskIncrementTick
 .text.vTaskSwitchContext
                0x0800a9d8       0xf4 ./Middlewares/Third_Party/FreeRTOS/Source/tasks.o
                0x0800a9d8                vTaskSwitchContext
 .text.vTaskPlaceOnEventList
                0x0800aacc       0x4c ./Middlewares/Third_Party/FreeRTOS/Source/tasks.o
                0x0800aacc                vTaskPlaceOnEventList
 .text.vTaskPlaceOnEventListRestricted
                0x0800ab18       0x58 ./Middlewares/Third_Party/FreeRTOS/Source/tasks.o
                0x0800ab18                vTaskPlaceOnEventListRestricted
 .text.xTaskRemoveFromEventList
                0x0800ab70       0xc8 ./Middlewares/Third_Party/FreeRTOS/Source/tasks.o
                0x0800ab70                xTaskRemoveFromEventList
 .text.vTaskInternalSetTimeOutState
                0x0800ac38       0x2c ./Middlewares/Third_Party/FreeRTOS/Source/tasks.o
                0x0800ac38                vTaskInternalSetTimeOutState
 .text.xTaskCheckForTimeOut
                0x0800ac64       0xc8 ./Middlewares/Third_Party/FreeRTOS/Source/tasks.o
                0x0800ac64                xTaskCheckForTimeOut
 .text.vTaskMissedYield
                0x0800ad2c       0x18 ./Middlewares/Third_Party/FreeRTOS/Source/tasks.o
                0x0800ad2c                vTaskMissedYield
 .text.prvIdleTask
                0x0800ad44       0x30 ./Middlewares/Third_Party/FreeRTOS/Source/tasks.o
 .text.prvInitialiseTaskLists
                0x0800ad74       0x80 ./Middlewares/Third_Party/FreeRTOS/Source/tasks.o
 .text.prvCheckTasksWaitingTermination
                0x0800adf4       0x5c ./Middlewares/Third_Party/FreeRTOS/Source/tasks.o
 .text.prvDeleteTCB
                0x0800ae50       0x60 ./Middlewares/Third_Party/FreeRTOS/Source/tasks.o
 .text.prvResetNextTaskUnblockTime
                0x0800aeb0       0x40 ./Middlewares/Third_Party/FreeRTOS/Source/tasks.o
 .text.xTaskGetSchedulerState
                0x0800aef0       0x3c ./Middlewares/Third_Party/FreeRTOS/Source/tasks.o
                0x0800aef0                xTaskGetSchedulerState
 .text.xTaskPriorityDisinherit
                0x0800af2c       0xe0 ./Middlewares/Third_Party/FreeRTOS/Source/tasks.o
                0x0800af2c                xTaskPriorityDisinherit
 .text.prvAddCurrentTaskToDelayedList
                0x0800b00c       0xa8 ./Middlewares/Third_Party/FreeRTOS/Source/tasks.o
 .text.xTimerCreateTimerTask
                0x0800b0b4       0x94 ./Middlewares/Third_Party/FreeRTOS/Source/timers.o
                0x0800b0b4                xTimerCreateTimerTask
 .text.xTimerGenericCommand
                0x0800b148       0x9c ./Middlewares/Third_Party/FreeRTOS/Source/timers.o
                0x0800b148                xTimerGenericCommand
 .text.prvProcessExpiredTimer
                0x0800b1e4       0x9c ./Middlewares/Third_Party/FreeRTOS/Source/timers.o
 .text.prvTimerTask
                0x0800b280       0x26 ./Middlewares/Third_Party/FreeRTOS/Source/timers.o
 *fill*         0x0800b2a6        0x2 
 .text.prvProcessTimerOrBlockTask
                0x0800b2a8       0x9c ./Middlewares/Third_Party/FreeRTOS/Source/timers.o
 .text.prvGetNextExpireTime
                0x0800b344       0x48 ./Middlewares/Third_Party/FreeRTOS/Source/timers.o
 .text.prvSampleTimeNow
                0x0800b38c       0x40 ./Middlewares/Third_Party/FreeRTOS/Source/timers.o
 .text.prvInsertTimerInActiveList
                0x0800b3cc       0x84 ./Middlewares/Third_Party/FreeRTOS/Source/timers.o
 .text.prvProcessReceivedCommands
                0x0800b450      0x1cc ./Middlewares/Third_Party/FreeRTOS/Source/timers.o
 .text.prvSwitchTimerLists
                0x0800b61c       0xcc ./Middlewares/Third_Party/FreeRTOS/Source/timers.o
 .text.prvCheckForValidListAndQueue
                0x0800b6e8       0x80 ./Middlewares/Third_Party/FreeRTOS/Source/timers.o
 .text.pxPortInitialiseStack
                0x0800b768       0x68 ./Middlewares/Third_Party/FreeRTOS/Source/portable/GCC/ARM_CM4F/port.o
                0x0800b768                pxPortInitialiseStack
 .text.prvTaskExitError
                0x0800b7d0       0x5c ./Middlewares/Third_Party/FreeRTOS/Source/portable/GCC/ARM_CM4F/port.o
 *fill*         0x0800b82c        0x4 
 .text.SVC_Handler
                0x0800b830       0x28 ./Middlewares/Third_Party/FreeRTOS/Source/portable/GCC/ARM_CM4F/port.o
                0x0800b830                SVC_Handler
 .text.prvPortStartFirstTask
                0x0800b858       0x28 ./Middlewares/Third_Party/FreeRTOS/Source/portable/GCC/ARM_CM4F/port.o
 .text.xPortStartScheduler
                0x0800b880      0x148 ./Middlewares/Third_Party/FreeRTOS/Source/portable/GCC/ARM_CM4F/port.o
                0x0800b880                xPortStartScheduler
 .text.vPortEnterCritical
                0x0800b9c8       0x64 ./Middlewares/Third_Party/FreeRTOS/Source/portable/GCC/ARM_CM4F/port.o
                0x0800b9c8                vPortEnterCritical
 .text.vPortExitCritical
                0x0800ba2c       0x54 ./Middlewares/Third_Party/FreeRTOS/Source/portable/GCC/ARM_CM4F/port.o
                0x0800ba2c                vPortExitCritical
 .text.PendSV_Handler
                0x0800ba80       0x68 ./Middlewares/Third_Party/FreeRTOS/Source/portable/GCC/ARM_CM4F/port.o
                0x0800ba80                PendSV_Handler
 .text.xPortSysTickHandler
                0x0800bae8       0x44 ./Middlewares/Third_Party/FreeRTOS/Source/portable/GCC/ARM_CM4F/port.o
                0x0800bae8                xPortSysTickHandler
 .text.vPortSetupTimerInterrupt
                0x0800bb2c       0x48 ./Middlewares/Third_Party/FreeRTOS/Source/portable/GCC/ARM_CM4F/port.o
                0x0800bb2c                vPortSetupTimerInterrupt
 .text.vPortEnableVFP
                0x0800bb74       0x14 ./Middlewares/Third_Party/FreeRTOS/Source/portable/GCC/ARM_CM4F/port.o
 .text.vPortValidateInterruptPriority
                0x0800bb88       0x84 ./Middlewares/Third_Party/FreeRTOS/Source/portable/GCC/ARM_CM4F/port.o
                0x0800bb88                vPortValidateInterruptPriority
 .text.pvPortMalloc
                0x0800bc0c      0x19c ./Middlewares/Third_Party/FreeRTOS/Source/portable/MemMang/heap_4.o
                0x0800bc0c                pvPortMalloc
 .text.vPortFree
                0x0800bda8       0xc8 ./Middlewares/Third_Party/FreeRTOS/Source/portable/MemMang/heap_4.o
                0x0800bda8                vPortFree
 .text.prvHeapInit
                0x0800be70       0xc4 ./Middlewares/Third_Party/FreeRTOS/Source/portable/MemMang/heap_4.o
 .text.prvInsertBlockIntoFreeList
                0x0800bf34       0xb4 ./Middlewares/Third_Party/FreeRTOS/Source/portable/MemMang/heap_4.o
 .text.__cvt    0x0800bfe8       0xca C:/ST/STM32CubeIDE_1.19.0/STM32CubeIDE/plugins/com.st.stm32cube.ide.mcu.externaltools.gnu-tools-for-stm32.13.3.rel1.win32_1.0.0.202411081344/tools/bin/../lib/gcc/arm-none-eabi/13.3.1/../../../../arm-none-eabi/lib/thumb/v7e-m+fp/hard\libc_nano.a(libc_a-nano-vfprintf_float.o)
                0x0800bfe8                __cvt
 .text.__exponent
                0x0800c0b2       0x74 C:/ST/STM32CubeIDE_1.19.0/STM32CubeIDE/plugins/com.st.stm32cube.ide.mcu.externaltools.gnu-tools-for-stm32.13.3.rel1.win32_1.0.0.202411081344/tools/bin/../lib/gcc/arm-none-eabi/13.3.1/../../../../arm-none-eabi/lib/thumb/v7e-m+fp/hard\libc_nano.a(libc_a-nano-vfprintf_float.o)
                0x0800c0b2                __exponent
 *fill*         0x0800c126        0x2 
 .text._printf_float
                0x0800c128      0x454 C:/ST/STM32CubeIDE_1.19.0/STM32CubeIDE/plugins/com.st.stm32cube.ide.mcu.externaltools.gnu-tools-for-stm32.13.3.rel1.win32_1.0.0.202411081344/tools/bin/../lib/gcc/arm-none-eabi/13.3.1/../../../../arm-none-eabi/lib/thumb/v7e-m+fp/hard\libc_nano.a(libc_a-nano-vfprintf_float.o)
                0x0800c128                _printf_float
 .text._printf_common
                0x0800c57c       0xda C:/ST/STM32CubeIDE_1.19.0/STM32CubeIDE/plugins/com.st.stm32cube.ide.mcu.externaltools.gnu-tools-for-stm32.13.3.rel1.win32_1.0.0.202411081344/tools/bin/../lib/gcc/arm-none-eabi/13.3.1/../../../../arm-none-eabi/lib/thumb/v7e-m+fp/hard\libc_nano.a(libc_a-nano-vfprintf_i.o)
                0x0800c57c                _printf_common
 *fill*         0x0800c656        0x2 
 .text._printf_i
                0x0800c658      0x23c C:/ST/STM32CubeIDE_1.19.0/STM32CubeIDE/plugins/com.st.stm32cube.ide.mcu.externaltools.gnu-tools-for-stm32.13.3.rel1.win32_1.0.0.202411081344/tools/bin/../lib/gcc/arm-none-eabi/13.3.1/../../../../arm-none-eabi/lib/thumb/v7e-m+fp/hard\libc_nano.a(libc_a-nano-vfprintf_i.o)
                0x0800c658                _printf_i
 .text._scanf_float
                0x0800c894      0x41c C:/ST/STM32CubeIDE_1.19.0/STM32CubeIDE/plugins/com.st.stm32cube.ide.mcu.externaltools.gnu-tools-for-stm32.13.3.rel1.win32_1.0.0.202411081344/tools/bin/../lib/gcc/arm-none-eabi/13.3.1/../../../../arm-none-eabi/lib/thumb/v7e-m+fp/hard\libc_nano.a(libc_a-nano-vfscanf_float.o)
                0x0800c894                _scanf_float
 .text.std      0x0800ccb0       0x6c C:/ST/STM32CubeIDE_1.19.0/STM32CubeIDE/plugins/com.st.stm32cube.ide.mcu.externaltools.gnu-tools-for-stm32.13.3.rel1.win32_1.0.0.202411081344/tools/bin/../lib/gcc/arm-none-eabi/13.3.1/../../../../arm-none-eabi/lib/thumb/v7e-m+fp/hard\libc_nano.a(libc_a-findfp.o)
 .text.stdio_exit_handler
                0x0800cd1c       0x18 C:/ST/STM32CubeIDE_1.19.0/STM32CubeIDE/plugins/com.st.stm32cube.ide.mcu.externaltools.gnu-tools-for-stm32.13.3.rel1.win32_1.0.0.202411081344/tools/bin/../lib/gcc/arm-none-eabi/13.3.1/../../../../arm-none-eabi/lib/thumb/v7e-m+fp/hard\libc_nano.a(libc_a-findfp.o)
 .text.cleanup_stdio
                0x0800cd34       0x40 C:/ST/STM32CubeIDE_1.19.0/STM32CubeIDE/plugins/com.st.stm32cube.ide.mcu.externaltools.gnu-tools-for-stm32.13.3.rel1.win32_1.0.0.202411081344/tools/bin/../lib/gcc/arm-none-eabi/13.3.1/../../../../arm-none-eabi/lib/thumb/v7e-m+fp/hard\libc_nano.a(libc_a-findfp.o)
 .text.global_stdio_init.part.0
                0x0800cd74       0x3c C:/ST/STM32CubeIDE_1.19.0/STM32CubeIDE/plugins/com.st.stm32cube.ide.mcu.externaltools.gnu-tools-for-stm32.13.3.rel1.win32_1.0.0.202411081344/tools/bin/../lib/gcc/arm-none-eabi/13.3.1/../../../../arm-none-eabi/lib/thumb/v7e-m+fp/hard\libc_nano.a(libc_a-findfp.o)
 .text.__sfp_lock_acquire
                0x0800cdb0        0xc C:/ST/STM32CubeIDE_1.19.0/STM32CubeIDE/plugins/com.st.stm32cube.ide.mcu.externaltools.gnu-tools-for-stm32.13.3.rel1.win32_1.0.0.202411081344/tools/bin/../lib/gcc/arm-none-eabi/13.3.1/../../../../arm-none-eabi/lib/thumb/v7e-m+fp/hard\libc_nano.a(libc_a-findfp.o)
                0x0800cdb0                __sfp_lock_acquire
 .text.__sfp_lock_release
                0x0800cdbc        0xc C:/ST/STM32CubeIDE_1.19.0/STM32CubeIDE/plugins/com.st.stm32cube.ide.mcu.externaltools.gnu-tools-for-stm32.13.3.rel1.win32_1.0.0.202411081344/tools/bin/../lib/gcc/arm-none-eabi/13.3.1/../../../../arm-none-eabi/lib/thumb/v7e-m+fp/hard\libc_nano.a(libc_a-findfp.o)
                0x0800cdbc                __sfp_lock_release
 .text.__sinit  0x0800cdc8       0x30 C:/ST/STM32CubeIDE_1.19.0/STM32CubeIDE/plugins/com.st.stm32cube.ide.mcu.externaltools.gnu-tools-for-stm32.13.3.rel1.win32_1.0.0.202411081344/tools/bin/../lib/gcc/arm-none-eabi/13.3.1/../../../../arm-none-eabi/lib/thumb/v7e-m+fp/hard\libc_nano.a(libc_a-findfp.o)
                0x0800cdc8                __sinit
 .text._fwalk_sglue
                0x0800cdf8       0x3c C:/ST/STM32CubeIDE_1.19.0/STM32CubeIDE/plugins/com.st.stm32cube.ide.mcu.externaltools.gnu-tools-for-stm32.13.3.rel1.win32_1.0.0.202411081344/tools/bin/../lib/gcc/arm-none-eabi/13.3.1/../../../../arm-none-eabi/lib/thumb/v7e-m+fp/hard\libc_nano.a(libc_a-fwalk.o)
                0x0800cdf8                _fwalk_sglue
 .text._puts_r  0x0800ce34       0xaa C:/ST/STM32CubeIDE_1.19.0/STM32CubeIDE/plugins/com.st.stm32cube.ide.mcu.externaltools.gnu-tools-for-stm32.13.3.rel1.win32_1.0.0.202411081344/tools/bin/../lib/gcc/arm-none-eabi/13.3.1/../../../../arm-none-eabi/lib/thumb/v7e-m+fp/hard\libc_nano.a(libc_a-puts.o)
                0x0800ce34                _puts_r
 *fill*         0x0800cede        0x2 
 .text.puts     0x0800cee0       0x10 C:/ST/STM32CubeIDE_1.19.0/STM32CubeIDE/plugins/com.st.stm32cube.ide.mcu.externaltools.gnu-tools-for-stm32.13.3.rel1.win32_1.0.0.202411081344/tools/bin/../lib/gcc/arm-none-eabi/13.3.1/../../../../arm-none-eabi/lib/thumb/v7e-m+fp/hard\libc_nano.a(libc_a-puts.o)
                0x0800cee0                puts
 .text.sprintf  0x0800cef0       0x44 C:/ST/STM32CubeIDE_1.19.0/STM32CubeIDE/plugins/com.st.stm32cube.ide.mcu.externaltools.gnu-tools-for-stm32.13.3.rel1.win32_1.0.0.202411081344/tools/bin/../lib/gcc/arm-none-eabi/13.3.1/../../../../arm-none-eabi/lib/thumb/v7e-m+fp/hard\libc_nano.a(libc_a-sprintf.o)
                0x0800cef0                siprintf
                0x0800cef0                sprintf
 .text.sscanf   0x0800cf34       0x58 C:/ST/STM32CubeIDE_1.19.0/STM32CubeIDE/plugins/com.st.stm32cube.ide.mcu.externaltools.gnu-tools-for-stm32.13.3.rel1.win32_1.0.0.202411081344/tools/bin/../lib/gcc/arm-none-eabi/13.3.1/../../../../arm-none-eabi/lib/thumb/v7e-m+fp/hard\libc_nano.a(libc_a-sscanf.o)
                0x0800cf34                siscanf
                0x0800cf34                sscanf
 .text.__sread  0x0800cf8c       0x22 C:/ST/STM32CubeIDE_1.19.0/STM32CubeIDE/plugins/com.st.stm32cube.ide.mcu.externaltools.gnu-tools-for-stm32.13.3.rel1.win32_1.0.0.202411081344/tools/bin/../lib/gcc/arm-none-eabi/13.3.1/../../../../arm-none-eabi/lib/thumb/v7e-m+fp/hard\libc_nano.a(libc_a-stdio.o)
                0x0800cf8c                __sread
 .text.__seofread
                0x0800cfae        0x4 C:/ST/STM32CubeIDE_1.19.0/STM32CubeIDE/plugins/com.st.stm32cube.ide.mcu.externaltools.gnu-tools-for-stm32.13.3.rel1.win32_1.0.0.202411081344/tools/bin/../lib/gcc/arm-none-eabi/13.3.1/../../../../arm-none-eabi/lib/thumb/v7e-m+fp/hard\libc_nano.a(libc_a-stdio.o)
                0x0800cfae                __seofread
 .text.__swrite
                0x0800cfb2       0x38 C:/ST/STM32CubeIDE_1.19.0/STM32CubeIDE/plugins/com.st.stm32cube.ide.mcu.externaltools.gnu-tools-for-stm32.13.3.rel1.win32_1.0.0.202411081344/tools/bin/../lib/gcc/arm-none-eabi/13.3.1/../../../../arm-none-eabi/lib/thumb/v7e-m+fp/hard\libc_nano.a(libc_a-stdio.o)
                0x0800cfb2                __swrite
 .text.__sseek  0x0800cfea       0x24 C:/ST/STM32CubeIDE_1.19.0/STM32CubeIDE/plugins/com.st.stm32cube.ide.mcu.externaltools.gnu-tools-for-stm32.13.3.rel1.win32_1.0.0.202411081344/tools/bin/../lib/gcc/arm-none-eabi/13.3.1/../../../../arm-none-eabi/lib/thumb/v7e-m+fp/hard\libc_nano.a(libc_a-stdio.o)
                0x0800cfea                __sseek
 .text.__sclose
                0x0800d00e        0x8 C:/ST/STM32CubeIDE_1.19.0/STM32CubeIDE/plugins/com.st.stm32cube.ide.mcu.externaltools.gnu-tools-for-stm32.13.3.rel1.win32_1.0.0.202411081344/tools/bin/../lib/gcc/arm-none-eabi/13.3.1/../../../../arm-none-eabi/lib/thumb/v7e-m+fp/hard\libc_nano.a(libc_a-stdio.o)
                0x0800d00e                __sclose
 .text.__swbuf_r
                0x0800d016       0x7c C:/ST/STM32CubeIDE_1.19.0/STM32CubeIDE/plugins/com.st.stm32cube.ide.mcu.externaltools.gnu-tools-for-stm32.13.3.rel1.win32_1.0.0.202411081344/tools/bin/../lib/gcc/arm-none-eabi/13.3.1/../../../../arm-none-eabi/lib/thumb/v7e-m+fp/hard\libc_nano.a(libc_a-wbuf.o)
                0x0800d016                __swbuf_r
 *fill*         0x0800d092        0x2 
 .text.__swsetup_r
                0x0800d094       0xac C:/ST/STM32CubeIDE_1.19.0/STM32CubeIDE/plugins/com.st.stm32cube.ide.mcu.externaltools.gnu-tools-for-stm32.13.3.rel1.win32_1.0.0.202411081344/tools/bin/../lib/gcc/arm-none-eabi/13.3.1/../../../../arm-none-eabi/lib/thumb/v7e-m+fp/hard\libc_nano.a(libc_a-wsetup.o)
                0x0800d094                __swsetup_r
 .text.memset   0x0800d140       0x10 C:/ST/STM32CubeIDE_1.19.0/STM32CubeIDE/plugins/com.st.stm32cube.ide.mcu.externaltools.gnu-tools-for-stm32.13.3.rel1.win32_1.0.0.202411081344/tools/bin/../lib/gcc/arm-none-eabi/13.3.1/../../../../arm-none-eabi/lib/thumb/v7e-m+fp/hard\libc_nano.a(libc_a-memset.o)
                0x0800d140                memset
 .text.strncmp  0x0800d150       0x24 C:/ST/STM32CubeIDE_1.19.0/STM32CubeIDE/plugins/com.st.stm32cube.ide.mcu.externaltools.gnu-tools-for-stm32.13.3.rel1.win32_1.0.0.202411081344/tools/bin/../lib/gcc/arm-none-eabi/13.3.1/../../../../arm-none-eabi/lib/thumb/v7e-m+fp/hard\libc_nano.a(libc_a-strncmp.o)
                0x0800d150                strncmp
 .text._localeconv_r
                0x0800d174        0x8 C:/ST/STM32CubeIDE_1.19.0/STM32CubeIDE/plugins/com.st.stm32cube.ide.mcu.externaltools.gnu-tools-for-stm32.13.3.rel1.win32_1.0.0.202411081344/tools/bin/../lib/gcc/arm-none-eabi/13.3.1/../../../../arm-none-eabi/lib/thumb/v7e-m+fp/hard\libc_nano.a(libc_a-localeconv.o)
                0x0800d174                _localeconv_r
 .text._close_r
                0x0800d17c       0x20 C:/ST/STM32CubeIDE_1.19.0/STM32CubeIDE/plugins/com.st.stm32cube.ide.mcu.externaltools.gnu-tools-for-stm32.13.3.rel1.win32_1.0.0.202411081344/tools/bin/../lib/gcc/arm-none-eabi/13.3.1/../../../../arm-none-eabi/lib/thumb/v7e-m+fp/hard\libc_nano.a(libc_a-closer.o)
                0x0800d17c                _close_r
 .text._lseek_r
                0x0800d19c       0x24 C:/ST/STM32CubeIDE_1.19.0/STM32CubeIDE/plugins/com.st.stm32cube.ide.mcu.externaltools.gnu-tools-for-stm32.13.3.rel1.win32_1.0.0.202411081344/tools/bin/../lib/gcc/arm-none-eabi/13.3.1/../../../../arm-none-eabi/lib/thumb/v7e-m+fp/hard\libc_nano.a(libc_a-lseekr.o)
                0x0800d19c                _lseek_r
 .text._read_r  0x0800d1c0       0x24 C:/ST/STM32CubeIDE_1.19.0/STM32CubeIDE/plugins/com.st.stm32cube.ide.mcu.externaltools.gnu-tools-for-stm32.13.3.rel1.win32_1.0.0.202411081344/tools/bin/../lib/gcc/arm-none-eabi/13.3.1/../../../../arm-none-eabi/lib/thumb/v7e-m+fp/hard\libc_nano.a(libc_a-readr.o)
                0x0800d1c0                _read_r
 .text._write_r
                0x0800d1e4       0x24 C:/ST/STM32CubeIDE_1.19.0/STM32CubeIDE/plugins/com.st.stm32cube.ide.mcu.externaltools.gnu-tools-for-stm32.13.3.rel1.win32_1.0.0.202411081344/tools/bin/../lib/gcc/arm-none-eabi/13.3.1/../../../../arm-none-eabi/lib/thumb/v7e-m+fp/hard\libc_nano.a(libc_a-writer.o)
                0x0800d1e4                _write_r
 .text.__errno  0x0800d208        0xc C:/ST/STM32CubeIDE_1.19.0/STM32CubeIDE/plugins/com.st.stm32cube.ide.mcu.externaltools.gnu-tools-for-stm32.13.3.rel1.win32_1.0.0.202411081344/tools/bin/../lib/gcc/arm-none-eabi/13.3.1/../../../../arm-none-eabi/lib/thumb/v7e-m+fp/hard\libc_nano.a(libc_a-errno.o)
                0x0800d208                __errno
 .text.__libc_init_array
                0x0800d214       0x48 C:/ST/STM32CubeIDE_1.19.0/STM32CubeIDE/plugins/com.st.stm32cube.ide.mcu.externaltools.gnu-tools-for-stm32.13.3.rel1.win32_1.0.0.202411081344/tools/bin/../lib/gcc/arm-none-eabi/13.3.1/../../../../arm-none-eabi/lib/thumb/v7e-m+fp/hard\libc_nano.a(libc_a-init.o)
                0x0800d214                __libc_init_array
 .text.__retarget_lock_init_recursive
                0x0800d25c        0x2 C:/ST/STM32CubeIDE_1.19.0/STM32CubeIDE/plugins/com.st.stm32cube.ide.mcu.externaltools.gnu-tools-for-stm32.13.3.rel1.win32_1.0.0.202411081344/tools/bin/../lib/gcc/arm-none-eabi/13.3.1/../../../../arm-none-eabi/lib/thumb/v7e-m+fp/hard\libc_nano.a(libc_a-lock.o)
                0x0800d25c                __retarget_lock_init_recursive
 .text.__retarget_lock_acquire_recursive
                0x0800d25e        0x2 C:/ST/STM32CubeIDE_1.19.0/STM32CubeIDE/plugins/com.st.stm32cube.ide.mcu.externaltools.gnu-tools-for-stm32.13.3.rel1.win32_1.0.0.202411081344/tools/bin/../lib/gcc/arm-none-eabi/13.3.1/../../../../arm-none-eabi/lib/thumb/v7e-m+fp/hard\libc_nano.a(libc_a-lock.o)
                0x0800d25e                __retarget_lock_acquire_recursive
 .text.__retarget_lock_release_recursive
                0x0800d260        0x2 C:/ST/STM32CubeIDE_1.19.0/STM32CubeIDE/plugins/com.st.stm32cube.ide.mcu.externaltools.gnu-tools-for-stm32.13.3.rel1.win32_1.0.0.202411081344/tools/bin/../lib/gcc/arm-none-eabi/13.3.1/../../../../arm-none-eabi/lib/thumb/v7e-m+fp/hard\libc_nano.a(libc_a-lock.o)
                0x0800d260                __retarget_lock_release_recursive
 .text.strcpy   0x0800d262       0x10 C:/ST/STM32CubeIDE_1.19.0/STM32CubeIDE/plugins/com.st.stm32cube.ide.mcu.externaltools.gnu-tools-for-stm32.13.3.rel1.win32_1.0.0.202411081344/tools/bin/../lib/gcc/arm-none-eabi/13.3.1/../../../../arm-none-eabi/lib/thumb/v7e-m+fp/hard\libc_nano.a(libc_a-strcpy.o)
                0x0800d262                strcpy
 .text.memcpy   0x0800d272       0x1c C:/ST/STM32CubeIDE_1.19.0/STM32CubeIDE/plugins/com.st.stm32cube.ide.mcu.externaltools.gnu-tools-for-stm32.13.3.rel1.win32_1.0.0.202411081344/tools/bin/../lib/gcc/arm-none-eabi/13.3.1/../../../../arm-none-eabi/lib/thumb/v7e-m+fp/hard\libc_nano.a(libc_a-memcpy-stub.o)
                0x0800d272                memcpy
 *fill*         0x0800d28e        0x2 
 .text.nanf     0x0800d290        0xc C:/ST/STM32CubeIDE_1.19.0/STM32CubeIDE/plugins/com.st.stm32cube.ide.mcu.externaltools.gnu-tools-for-stm32.13.3.rel1.win32_1.0.0.202411081344/tools/bin/../lib/gcc/arm-none-eabi/13.3.1/../../../../arm-none-eabi/lib/thumb/v7e-m+fp/hard\libc_nano.a(libm_a-sf_nan.o)
                0x0800d290                nanf
 .text.quorem   0x0800d29c      0x110 C:/ST/STM32CubeIDE_1.19.0/STM32CubeIDE/plugins/com.st.stm32cube.ide.mcu.externaltools.gnu-tools-for-stm32.13.3.rel1.win32_1.0.0.202411081344/tools/bin/../lib/gcc/arm-none-eabi/13.3.1/../../../../arm-none-eabi/lib/thumb/v7e-m+fp/hard\libc_nano.a(libc_a-dtoa.o)
 *fill*         0x0800d3ac        0x4 
 .text._dtoa_r  0x0800d3b0      0xba0 C:/ST/STM32CubeIDE_1.19.0/STM32CubeIDE/plugins/com.st.stm32cube.ide.mcu.externaltools.gnu-tools-for-stm32.13.3.rel1.win32_1.0.0.202411081344/tools/bin/../lib/gcc/arm-none-eabi/13.3.1/../../../../arm-none-eabi/lib/thumb/v7e-m+fp/hard\libc_nano.a(libc_a-dtoa.o)
                0x0800d3b0                _dtoa_r
 .text._free_r  0x0800df50       0x94 C:/ST/STM32CubeIDE_1.19.0/STM32CubeIDE/plugins/com.st.stm32cube.ide.mcu.externaltools.gnu-tools-for-stm32.13.3.rel1.win32_1.0.0.202411081344/tools/bin/../lib/gcc/arm-none-eabi/13.3.1/../../../../arm-none-eabi/lib/thumb/v7e-m+fp/hard\libc_nano.a(libc_a-freer.o)
                0x0800df50                _free_r
 .text.malloc   0x0800dfe4       0x10 C:/ST/STM32CubeIDE_1.19.0/STM32CubeIDE/plugins/com.st.stm32cube.ide.mcu.externaltools.gnu-tools-for-stm32.13.3.rel1.win32_1.0.0.202411081344/tools/bin/../lib/gcc/arm-none-eabi/13.3.1/../../../../arm-none-eabi/lib/thumb/v7e-m+fp/hard\libc_nano.a(libc_a-malloc.o)
                0x0800dfe4                malloc
 .text.sbrk_aligned
                0x0800dff4       0x44 C:/ST/STM32CubeIDE_1.19.0/STM32CubeIDE/plugins/com.st.stm32cube.ide.mcu.externaltools.gnu-tools-for-stm32.13.3.rel1.win32_1.0.0.202411081344/tools/bin/../lib/gcc/arm-none-eabi/13.3.1/../../../../arm-none-eabi/lib/thumb/v7e-m+fp/hard\libc_nano.a(libc_a-mallocr.o)
 .text._malloc_r
                0x0800e038      0x100 C:/ST/STM32CubeIDE_1.19.0/STM32CubeIDE/plugins/com.st.stm32cube.ide.mcu.externaltools.gnu-tools-for-stm32.13.3.rel1.win32_1.0.0.202411081344/tools/bin/../lib/gcc/arm-none-eabi/13.3.1/../../../../arm-none-eabi/lib/thumb/v7e-m+fp/hard\libc_nano.a(libc_a-mallocr.o)
                0x0800e038                _malloc_r
 .text.__malloc_lock
                0x0800e138        0xc C:/ST/STM32CubeIDE_1.19.0/STM32CubeIDE/plugins/com.st.stm32cube.ide.mcu.externaltools.gnu-tools-for-stm32.13.3.rel1.win32_1.0.0.202411081344/tools/bin/../lib/gcc/arm-none-eabi/13.3.1/../../../../arm-none-eabi/lib/thumb/v7e-m+fp/hard\libc_nano.a(libc_a-mlock.o)
                0x0800e138                __malloc_lock
 .text.__malloc_unlock
                0x0800e144        0xc C:/ST/STM32CubeIDE_1.19.0/STM32CubeIDE/plugins/com.st.stm32cube.ide.mcu.externaltools.gnu-tools-for-stm32.13.3.rel1.win32_1.0.0.202411081344/tools/bin/../lib/gcc/arm-none-eabi/13.3.1/../../../../arm-none-eabi/lib/thumb/v7e-m+fp/hard\libc_nano.a(libc_a-mlock.o)
                0x0800e144                __malloc_unlock
 .text._Balloc  0x0800e150       0x80 C:/ST/STM32CubeIDE_1.19.0/STM32CubeIDE/plugins/com.st.stm32cube.ide.mcu.externaltools.gnu-tools-for-stm32.13.3.rel1.win32_1.0.0.202411081344/tools/bin/../lib/gcc/arm-none-eabi/13.3.1/../../../../arm-none-eabi/lib/thumb/v7e-m+fp/hard\libc_nano.a(libc_a-mprec.o)
                0x0800e150                _Balloc
 .text._Bfree   0x0800e1d0       0x44 C:/ST/STM32CubeIDE_1.19.0/STM32CubeIDE/plugins/com.st.stm32cube.ide.mcu.externaltools.gnu-tools-for-stm32.13.3.rel1.win32_1.0.0.202411081344/tools/bin/../lib/gcc/arm-none-eabi/13.3.1/../../../../arm-none-eabi/lib/thumb/v7e-m+fp/hard\libc_nano.a(libc_a-mprec.o)
                0x0800e1d0                _Bfree
 .text.__multadd
                0x0800e214       0x8c C:/ST/STM32CubeIDE_1.19.0/STM32CubeIDE/plugins/com.st.stm32cube.ide.mcu.externaltools.gnu-tools-for-stm32.13.3.rel1.win32_1.0.0.202411081344/tools/bin/../lib/gcc/arm-none-eabi/13.3.1/../../../../arm-none-eabi/lib/thumb/v7e-m+fp/hard\libc_nano.a(libc_a-mprec.o)
                0x0800e214                __multadd
 .text.__s2b    0x0800e2a0       0x94 C:/ST/STM32CubeIDE_1.19.0/STM32CubeIDE/plugins/com.st.stm32cube.ide.mcu.externaltools.gnu-tools-for-stm32.13.3.rel1.win32_1.0.0.202411081344/tools/bin/../lib/gcc/arm-none-eabi/13.3.1/../../../../arm-none-eabi/lib/thumb/v7e-m+fp/hard\libc_nano.a(libc_a-mprec.o)
                0x0800e2a0                __s2b
 .text.__hi0bits
                0x0800e334       0x3e C:/ST/STM32CubeIDE_1.19.0/STM32CubeIDE/plugins/com.st.stm32cube.ide.mcu.externaltools.gnu-tools-for-stm32.13.3.rel1.win32_1.0.0.202411081344/tools/bin/../lib/gcc/arm-none-eabi/13.3.1/../../../../arm-none-eabi/lib/thumb/v7e-m+fp/hard\libc_nano.a(libc_a-mprec.o)
                0x0800e334                __hi0bits
 .text.__lo0bits
                0x0800e372       0x5a C:/ST/STM32CubeIDE_1.19.0/STM32CubeIDE/plugins/com.st.stm32cube.ide.mcu.externaltools.gnu-tools-for-stm32.13.3.rel1.win32_1.0.0.202411081344/tools/bin/../lib/gcc/arm-none-eabi/13.3.1/../../../../arm-none-eabi/lib/thumb/v7e-m+fp/hard\libc_nano.a(libc_a-mprec.o)
                0x0800e372                __lo0bits
 .text.__i2b    0x0800e3cc       0x2c C:/ST/STM32CubeIDE_1.19.0/STM32CubeIDE/plugins/com.st.stm32cube.ide.mcu.externaltools.gnu-tools-for-stm32.13.3.rel1.win32_1.0.0.202411081344/tools/bin/../lib/gcc/arm-none-eabi/13.3.1/../../../../arm-none-eabi/lib/thumb/v7e-m+fp/hard\libc_nano.a(libc_a-mprec.o)
                0x0800e3cc                __i2b
 .text.__multiply
                0x0800e3f8      0x144 C:/ST/STM32CubeIDE_1.19.0/STM32CubeIDE/plugins/com.st.stm32cube.ide.mcu.externaltools.gnu-tools-for-stm32.13.3.rel1.win32_1.0.0.202411081344/tools/bin/../lib/gcc/arm-none-eabi/13.3.1/../../../../arm-none-eabi/lib/thumb/v7e-m+fp/hard\libc_nano.a(libc_a-mprec.o)
                0x0800e3f8                __multiply
 .text.__pow5mult
                0x0800e53c       0xb4 C:/ST/STM32CubeIDE_1.19.0/STM32CubeIDE/plugins/com.st.stm32cube.ide.mcu.externaltools.gnu-tools-for-stm32.13.3.rel1.win32_1.0.0.202411081344/tools/bin/../lib/gcc/arm-none-eabi/13.3.1/../../../../arm-none-eabi/lib/thumb/v7e-m+fp/hard\libc_nano.a(libc_a-mprec.o)
                0x0800e53c                __pow5mult
 .text.__lshift
                0x0800e5f0       0xd8 C:/ST/STM32CubeIDE_1.19.0/STM32CubeIDE/plugins/com.st.stm32cube.ide.mcu.externaltools.gnu-tools-for-stm32.13.3.rel1.win32_1.0.0.202411081344/tools/bin/../lib/gcc/arm-none-eabi/13.3.1/../../../../arm-none-eabi/lib/thumb/v7e-m+fp/hard\libc_nano.a(libc_a-mprec.o)
                0x0800e5f0                __lshift
 .text.__mcmp   0x0800e6c8       0x36 C:/ST/STM32CubeIDE_1.19.0/STM32CubeIDE/plugins/com.st.stm32cube.ide.mcu.externaltools.gnu-tools-for-stm32.13.3.rel1.win32_1.0.0.202411081344/tools/bin/../lib/gcc/arm-none-eabi/13.3.1/../../../../arm-none-eabi/lib/thumb/v7e-m+fp/hard\libc_nano.a(libc_a-mprec.o)
                0x0800e6c8                __mcmp
 *fill*         0x0800e6fe        0x2 
 .text.__mdiff  0x0800e700      0x128 C:/ST/STM32CubeIDE_1.19.0/STM32CubeIDE/plugins/com.st.stm32cube.ide.mcu.externaltools.gnu-tools-for-stm32.13.3.rel1.win32_1.0.0.202411081344/tools/bin/../lib/gcc/arm-none-eabi/13.3.1/../../../../arm-none-eabi/lib/thumb/v7e-m+fp/hard\libc_nano.a(libc_a-mprec.o)
                0x0800e700                __mdiff
 .text.__ulp    0x0800e828       0x4c C:/ST/STM32CubeIDE_1.19.0/STM32CubeIDE/plugins/com.st.stm32cube.ide.mcu.externaltools.gnu-tools-for-stm32.13.3.rel1.win32_1.0.0.202411081344/tools/bin/../lib/gcc/arm-none-eabi/13.3.1/../../../../arm-none-eabi/lib/thumb/v7e-m+fp/hard\libc_nano.a(libc_a-mprec.o)
                0x0800e828                __ulp
 .text.__b2d    0x0800e874       0x94 C:/ST/STM32CubeIDE_1.19.0/STM32CubeIDE/plugins/com.st.stm32cube.ide.mcu.externaltools.gnu-tools-for-stm32.13.3.rel1.win32_1.0.0.202411081344/tools/bin/../lib/gcc/arm-none-eabi/13.3.1/../../../../arm-none-eabi/lib/thumb/v7e-m+fp/hard\libc_nano.a(libc_a-mprec.o)
                0x0800e874                __b2d
 .text.__d2b    0x0800e908       0xb0 C:/ST/STM32CubeIDE_1.19.0/STM32CubeIDE/plugins/com.st.stm32cube.ide.mcu.externaltools.gnu-tools-for-stm32.13.3.rel1.win32_1.0.0.202411081344/tools/bin/../lib/gcc/arm-none-eabi/13.3.1/../../../../arm-none-eabi/lib/thumb/v7e-m+fp/hard\libc_nano.a(libc_a-mprec.o)
                0x0800e908                __d2b
 .text.__ratio  0x0800e9b8       0x64 C:/ST/STM32CubeIDE_1.19.0/STM32CubeIDE/plugins/com.st.stm32cube.ide.mcu.externaltools.gnu-tools-for-stm32.13.3.rel1.win32_1.0.0.202411081344/tools/bin/../lib/gcc/arm-none-eabi/13.3.1/../../../../arm-none-eabi/lib/thumb/v7e-m+fp/hard\libc_nano.a(libc_a-mprec.o)
                0x0800e9b8                __ratio
 .text.__copybits
                0x0800ea1c       0x46 C:/ST/STM32CubeIDE_1.19.0/STM32CubeIDE/plugins/com.st.stm32cube.ide.mcu.externaltools.gnu-tools-for-stm32.13.3.rel1.win32_1.0.0.202411081344/tools/bin/../lib/gcc/arm-none-eabi/13.3.1/../../../../arm-none-eabi/lib/thumb/v7e-m+fp/hard\libc_nano.a(libc_a-mprec.o)
                0x0800ea1c                __copybits
 .text.__any_on
                0x0800ea62       0x42 C:/ST/STM32CubeIDE_1.19.0/STM32CubeIDE/plugins/com.st.stm32cube.ide.mcu.externaltools.gnu-tools-for-stm32.13.3.rel1.win32_1.0.0.202411081344/tools/bin/../lib/gcc/arm-none-eabi/13.3.1/../../../../arm-none-eabi/lib/thumb/v7e-m+fp/hard\libc_nano.a(libc_a-mprec.o)
                0x0800ea62                __any_on
 .text.sulp     0x0800eaa4       0x3c C:/ST/STM32CubeIDE_1.19.0/STM32CubeIDE/plugins/com.st.stm32cube.ide.mcu.externaltools.gnu-tools-for-stm32.13.3.rel1.win32_1.0.0.202411081344/tools/bin/../lib/gcc/arm-none-eabi/13.3.1/../../../../arm-none-eabi/lib/thumb/v7e-m+fp/hard\libc_nano.a(libc_a-strtod.o)
 .text._strtod_l
                0x0800eae0      0xbc8 C:/ST/STM32CubeIDE_1.19.0/STM32CubeIDE/plugins/com.st.stm32cube.ide.mcu.externaltools.gnu-tools-for-stm32.13.3.rel1.win32_1.0.0.202411081344/tools/bin/../lib/gcc/arm-none-eabi/13.3.1/../../../../arm-none-eabi/lib/thumb/v7e-m+fp/hard\libc_nano.a(libc_a-strtod.o)
                0x0800eae0                _strtod_l
 .text._strtod_r
                0x0800f6a8        0xc C:/ST/STM32CubeIDE_1.19.0/STM32CubeIDE/plugins/com.st.stm32cube.ide.mcu.externaltools.gnu-tools-for-stm32.13.3.rel1.win32_1.0.0.202411081344/tools/bin/../lib/gcc/arm-none-eabi/13.3.1/../../../../arm-none-eabi/lib/thumb/v7e-m+fp/hard\libc_nano.a(libc_a-strtod.o)
                0x0800f6a8                _strtod_r
 .text._strtol_l.isra.0
                0x0800f6b4       0xf4 C:/ST/STM32CubeIDE_1.19.0/STM32CubeIDE/plugins/com.st.stm32cube.ide.mcu.externaltools.gnu-tools-for-stm32.13.3.rel1.win32_1.0.0.202411081344/tools/bin/../lib/gcc/arm-none-eabi/13.3.1/../../../../arm-none-eabi/lib/thumb/v7e-m+fp/hard\libc_nano.a(libc_a-strtol.o)
 .text._strtol_r
                0x0800f7a8        0x4 C:/ST/STM32CubeIDE_1.19.0/STM32CubeIDE/plugins/com.st.stm32cube.ide.mcu.externaltools.gnu-tools-for-stm32.13.3.rel1.win32_1.0.0.202411081344/tools/bin/../lib/gcc/arm-none-eabi/13.3.1/../../../../arm-none-eabi/lib/thumb/v7e-m+fp/hard\libc_nano.a(libc_a-strtol.o)
                0x0800f7a8                _strtol_r
 .text.__ssputs_r
                0x0800f7ac       0xb6 C:/ST/STM32CubeIDE_1.19.0/STM32CubeIDE/plugins/com.st.stm32cube.ide.mcu.externaltools.gnu-tools-for-stm32.13.3.rel1.win32_1.0.0.202411081344/tools/bin/../lib/gcc/arm-none-eabi/13.3.1/../../../../arm-none-eabi/lib/thumb/v7e-m+fp/hard\libc_nano.a(libc_a-nano-svfprintf.o)
                0x0800f7ac                __ssputs_r
 *fill*         0x0800f862        0x2 
 .text._svfprintf_r
                0x0800f864      0x1f8 C:/ST/STM32CubeIDE_1.19.0/STM32CubeIDE/plugins/com.st.stm32cube.ide.mcu.externaltools.gnu-tools-for-stm32.13.3.rel1.win32_1.0.0.202411081344/tools/bin/../lib/gcc/arm-none-eabi/13.3.1/../../../../arm-none-eabi/lib/thumb/v7e-m+fp/hard\libc_nano.a(libc_a-nano-svfprintf.o)
                0x0800f864                _svfiprintf_r
                0x0800f864                _svfprintf_r
 .text._sungetc_r
                0x0800fa5c       0x7a C:/ST/STM32CubeIDE_1.19.0/STM32CubeIDE/plugins/com.st.stm32cube.ide.mcu.externaltools.gnu-tools-for-stm32.13.3.rel1.win32_1.0.0.202411081344/tools/bin/../lib/gcc/arm-none-eabi/13.3.1/../../../../arm-none-eabi/lib/thumb/v7e-m+fp/hard\libc_nano.a(libc_a-nano-svfscanf.o)
                0x0800fa5c                _sungetc_r
 .text.__ssrefill_r
                0x0800fad6       0x3a C:/ST/STM32CubeIDE_1.19.0/STM32CubeIDE/plugins/com.st.stm32cube.ide.mcu.externaltools.gnu-tools-for-stm32.13.3.rel1.win32_1.0.0.202411081344/tools/bin/../lib/gcc/arm-none-eabi/13.3.1/../../../../arm-none-eabi/lib/thumb/v7e-m+fp/hard\libc_nano.a(libc_a-nano-svfscanf.o)
                0x0800fad6                __ssrefill_r
 .text.__ssvfscanf_r
                0x0800fb10      0x2ec C:/ST/STM32CubeIDE_1.19.0/STM32CubeIDE/plugins/com.st.stm32cube.ide.mcu.externaltools.gnu-tools-for-stm32.13.3.rel1.win32_1.0.0.202411081344/tools/bin/../lib/gcc/arm-none-eabi/13.3.1/../../../../arm-none-eabi/lib/thumb/v7e-m+fp/hard\libc_nano.a(libc_a-nano-svfscanf.o)
                0x0800fb10                __ssvfiscanf_r
                0x0800fb10                __ssvfscanf_r
 .text._scanf_chars
                0x0800fdfc       0xb4 C:/ST/STM32CubeIDE_1.19.0/STM32CubeIDE/plugins/com.st.stm32cube.ide.mcu.externaltools.gnu-tools-for-stm32.13.3.rel1.win32_1.0.0.202411081344/tools/bin/../lib/gcc/arm-none-eabi/13.3.1/../../../../arm-none-eabi/lib/thumb/v7e-m+fp/hard\libc_nano.a(libc_a-nano-vfscanf_i.o)
                0x0800fdfc                _scanf_chars
 .text._scanf_i
                0x0800feb0      0x1e8 C:/ST/STM32CubeIDE_1.19.0/STM32CubeIDE/plugins/com.st.stm32cube.ide.mcu.externaltools.gnu-tools-for-stm32.13.3.rel1.win32_1.0.0.202411081344/tools/bin/../lib/gcc/arm-none-eabi/13.3.1/../../../../arm-none-eabi/lib/thumb/v7e-m+fp/hard\libc_nano.a(libc_a-nano-vfscanf_i.o)
                0x0800feb0                _scanf_i
 .text.__sflush_r
                0x08010098      0x108 C:/ST/STM32CubeIDE_1.19.0/STM32CubeIDE/plugins/com.st.stm32cube.ide.mcu.externaltools.gnu-tools-for-stm32.13.3.rel1.win32_1.0.0.202411081344/tools/bin/../lib/gcc/arm-none-eabi/13.3.1/../../../../arm-none-eabi/lib/thumb/v7e-m+fp/hard\libc_nano.a(libc_a-fflush.o)
                0x08010098                __sflush_r
 .text._fflush_r
                0x080101a0       0x50 C:/ST/STM32CubeIDE_1.19.0/STM32CubeIDE/plugins/com.st.stm32cube.ide.mcu.externaltools.gnu-tools-for-stm32.13.3.rel1.win32_1.0.0.202411081344/tools/bin/../lib/gcc/arm-none-eabi/13.3.1/../../../../arm-none-eabi/lib/thumb/v7e-m+fp/hard\libc_nano.a(libc_a-fflush.o)
                0x080101a0                _fflush_r
 .text.__swhatbuf_r
                0x080101f0       0x4c C:/ST/STM32CubeIDE_1.19.0/STM32CubeIDE/plugins/com.st.stm32cube.ide.mcu.externaltools.gnu-tools-for-stm32.13.3.rel1.win32_1.0.0.202411081344/tools/bin/../lib/gcc/arm-none-eabi/13.3.1/../../../../arm-none-eabi/lib/thumb/v7e-m+fp/hard\libc_nano.a(libc_a-makebuf.o)
                0x080101f0                __swhatbuf_r
 .text.__smakebuf_r
                0x0801023c       0x78 C:/ST/STM32CubeIDE_1.19.0/STM32CubeIDE/plugins/com.st.stm32cube.ide.mcu.externaltools.gnu-tools-for-stm32.13.3.rel1.win32_1.0.0.202411081344/tools/bin/../lib/gcc/arm-none-eabi/13.3.1/../../../../arm-none-eabi/lib/thumb/v7e-m+fp/hard\libc_nano.a(libc_a-makebuf.o)
                0x0801023c                __smakebuf_r
 .text.__sccl   0x080102b4       0x72 C:/ST/STM32CubeIDE_1.19.0/STM32CubeIDE/plugins/com.st.stm32cube.ide.mcu.externaltools.gnu-tools-for-stm32.13.3.rel1.win32_1.0.0.202411081344/tools/bin/../lib/gcc/arm-none-eabi/13.3.1/../../../../arm-none-eabi/lib/thumb/v7e-m+fp/hard\libc_nano.a(libc_a-sccl.o)
                0x080102b4                __sccl
 .text.__submore
                0x08010326       0x74 C:/ST/STM32CubeIDE_1.19.0/STM32CubeIDE/plugins/com.st.stm32cube.ide.mcu.externaltools.gnu-tools-for-stm32.13.3.rel1.win32_1.0.0.202411081344/tools/bin/../lib/gcc/arm-none-eabi/13.3.1/../../../../arm-none-eabi/lib/thumb/v7e-m+fp/hard\libc_nano.a(libc_a-ungetc.o)
                0x08010326                __submore
 .text.memmove  0x0801039a       0x34 C:/ST/STM32CubeIDE_1.19.0/STM32CubeIDE/plugins/com.st.stm32cube.ide.mcu.externaltools.gnu-tools-for-stm32.13.3.rel1.win32_1.0.0.202411081344/tools/bin/../lib/gcc/arm-none-eabi/13.3.1/../../../../arm-none-eabi/lib/thumb/v7e-m+fp/hard\libc_nano.a(libc_a-memmove.o)
                0x0801039a                memmove
 *fill*         0x080103ce        0x2 
 .text._fstat_r
                0x080103d0       0x24 C:/ST/STM32CubeIDE_1.19.0/STM32CubeIDE/plugins/com.st.stm32cube.ide.mcu.externaltools.gnu-tools-for-stm32.13.3.rel1.win32_1.0.0.202411081344/tools/bin/../lib/gcc/arm-none-eabi/13.3.1/../../../../arm-none-eabi/lib/thumb/v7e-m+fp/hard\libc_nano.a(libc_a-fstatr.o)
                0x080103d0                _fstat_r
 .text._isatty_r
                0x080103f4       0x20 C:/ST/STM32CubeIDE_1.19.0/STM32CubeIDE/plugins/com.st.stm32cube.ide.mcu.externaltools.gnu-tools-for-stm32.13.3.rel1.win32_1.0.0.202411081344/tools/bin/../lib/gcc/arm-none-eabi/13.3.1/../../../../arm-none-eabi/lib/thumb/v7e-m+fp/hard\libc_nano.a(libc_a-isattyr.o)
                0x080103f4                _isatty_r
 .text._sbrk_r  0x08010414       0x20 C:/ST/STM32CubeIDE_1.19.0/STM32CubeIDE/plugins/com.st.stm32cube.ide.mcu.externaltools.gnu-tools-for-stm32.13.3.rel1.win32_1.0.0.202411081344/tools/bin/../lib/gcc/arm-none-eabi/13.3.1/../../../../arm-none-eabi/lib/thumb/v7e-m+fp/hard\libc_nano.a(libc_a-sbrkr.o)
                0x08010414                _sbrk_r
 *fill*         0x08010434        0x4 