Archive member included to satisfy reference by file (symbol)

D:/STM32CubeIDE_1.17.0/STM32CubeIDE/plugins/com.st.stm32cube.ide.mcu.externaltools.gnu-tools-for-stm32.14.3.rel1.win32_1.0.100.202602081740/tools/bin/../lib/gcc/arm-none-eabi/14.3.1/../../../../arm-none-eabi/lib/thumb/v7e-m+fp/hard\libm.a(libm_a-s_round.o)
                              ./Core/App/Libraries/Sim7600x/Sim7600x.o (round)
D:/STM32CubeIDE_1.17.0/STM32CubeIDE/plugins/com.st.stm32cube.ide.mcu.externaltools.gnu-tools-for-stm32.14.3.rel1.win32_1.0.100.202602081740/tools/bin/../lib/gcc/arm-none-eabi/14.3.1/../../../../arm-none-eabi/lib/thumb/v7e-m+fp/hard\libc_nano.a(libc_a-exit.o)
                              D:/STM32CubeIDE_1.17.0/STM32CubeIDE/plugins/com.st.stm32cube.ide.mcu.externaltools.gnu-tools-for-stm32.14.3.rel1.win32_1.0.100.202602081740/tools/bin/../lib/gcc/arm-none-eabi/14.3.1/../../../../arm-none-eabi/lib/thumb/v7e-m+fp/hard/crt0.o (exit)
D:/STM32CubeIDE_1.17.0/STM32CubeIDE/plugins/com.st.stm32cube.ide.mcu.externaltools.gnu-tools-for-stm32.14.3.rel1.win32_1.0.100.202602081740/tools/bin/../lib/gcc/arm-none-eabi/14.3.1/../../../../arm-none-eabi/lib/thumb/v7e-m+fp/hard\libc_nano.a(libc_a-nano-vfprintf_float.o)
                              (_printf_float)
D:/STM32CubeIDE_1.17.0/STM32CubeIDE/plugins/com.st.stm32cube.ide.mcu.externaltools.gnu-tools-for-stm32.14.3.rel1.win32_1.0.100.202602081740/tools/bin/../lib/gcc/arm-none-eabi/14.3.1/../../../../arm-none-eabi/lib/thumb/v7e-m+fp/hard\libc_nano.a(libc_a-nano-vfprintf_i.o)
                              D:/STM32CubeIDE_1.17.0/STM32CubeIDE/plugins/com.st.stm32cube.ide.mcu.externaltools.gnu-tools-for-stm32.14.3.rel1.win32_1.0.100.202602081740/tools/bin/../lib/gcc/arm-none-eabi/14.3.1/../../../../arm-none-eabi/lib/thumb/v7e-m+fp/hard\libc_nano.a(libc_a-nano-vfprintf_float.o) (_printf_common)
D:/STM32CubeIDE_1.17.0/STM32CubeIDE/plugins/com.st.stm32cube.ide.mcu.externaltools.gnu-tools-for-stm32.14.3.rel1.win32_1.0.100.202602081740/tools/bin/../lib/gcc/arm-none-eabi/14.3.1/../../../../arm-none-eabi/lib/thumb/v7e-m+fp/hard\libc_nano.a(libc_a-nano-vfscanf_float.o)
                              (_scanf_float)
D:/STM32CubeIDE_1.17.0/STM32CubeIDE/plugins/com.st.stm32cube.ide.mcu.externaltools.gnu-tools-for-stm32.14.3.rel1.win32_1.0.100.202602081740/tools/bin/../lib/gcc/arm-none-eabi/14.3.1/../../../../arm-none-eabi/lib/thumb/v7e-m+fp/hard\libc_nano.a(libc_a-findfp.o)
                              D:/STM32CubeIDE_1.17.0/STM32CubeIDE/plugins/com.st.stm32cube.ide.mcu.externaltools.gnu-tools-for-stm32.14.3.rel1.win32_1.0.100.202602081740/tools/bin/../lib/gcc/arm-none-eabi/14.3.1/../../../../arm-none-eabi/lib/thumb/v7e-m+fp/hard\libc_nano.a(libc_a-exit.o) (__stdio_exit_handler)
D:/STM32CubeIDE_1.17.0/STM32CubeIDE/plugins/com.st.stm32cube.ide.mcu.externaltools.gnu-tools-for-stm32.14.3.rel1.win32_1.0.100.202602081740/tools/bin/../lib/gcc/arm-none-eabi/14.3.1/../../../../arm-none-eabi/lib/thumb/v7e-m+fp/hard\libc_nano.a(libc_a-fwalk.o)
                              D:/STM32CubeIDE_1.17.0/STM32CubeIDE/plugins/com.st.stm32cube.ide.mcu.externaltools.gnu-tools-for-stm32.14.3.rel1.win32_1.0.100.202602081740/tools/bin/../lib/gcc/arm-none-eabi/14.3.1/../../../../arm-none-eabi/lib/thumb/v7e-m+fp/hard\libc_nano.a(libc_a-findfp.o) (_fwalk_sglue)
D:/STM32CubeIDE_1.17.0/STM32CubeIDE/plugins/com.st.stm32cube.ide.mcu.externaltools.gnu-tools-for-stm32.14.3.rel1.win32_1.0.100.202602081740/tools/bin/../lib/gcc/arm-none-eabi/14.3.1/../../../../arm-none-eabi/lib/thumb/v7e-m+fp/hard\libc_nano.a(libc_a-printf.o)
                              ./Core/App/ChuongTrinhChinh.o (printf)
D:/STM32CubeIDE_1.17.0/STM32CubeIDE/plugins/com.st.stm32cube.ide.mcu.externaltools.gnu-tools-for-stm32.14.3.rel1.win32_1.0.100.202602081740/tools/bin/../lib/gcc/arm-none-eabi/14.3.1/../../../../arm-none-eabi/lib/thumb/v7e-m+fp/hard\libc_nano.a(libc_a-putchar.o)
                              ./Core/App/Libraries/Sim7600x/Sim7600x.o (putchar)
D:/STM32CubeIDE_1.17.0/STM32CubeIDE/plugins/com.st.stm32cube.ide.mcu.externaltools.gnu-tools-for-stm32.14.3.rel1.win32_1.0.100.202602081740/tools/bin/../lib/gcc/arm-none-eabi/14.3.1/../../../../arm-none-eabi/lib/thumb/v7e-m+fp/hard\libc_nano.a(libc_a-puts.o)
                              ./Core/App/ChuongTrinhChinh.o (puts)
D:/STM32CubeIDE_1.17.0/STM32CubeIDE/plugins/com.st.stm32cube.ide.mcu.externaltools.gnu-tools-for-stm32.14.3.rel1.win32_1.0.100.202602081740/tools/bin/../lib/gcc/arm-none-eabi/14.3.1/../../../../arm-none-eabi/lib/thumb/v7e-m+fp/hard\libc_nano.a(libc_a-snprintf.o)
                              ./Core/App/05_RTC.o (snprintf)
D:/STM32CubeIDE_1.17.0/STM32CubeIDE/plugins/com.st.stm32cube.ide.mcu.externaltools.gnu-tools-for-stm32.14.3.rel1.win32_1.0.100.202602081740/tools/bin/../lib/gcc/arm-none-eabi/14.3.1/../../../../arm-none-eabi/lib/thumb/v7e-m+fp/hard\libc_nano.a(libc_a-sprintf.o)
                              ./Core/App/ChuongTrinhChinh.o (sprintf)
[...]
Memory Configuration

Name             Origin             Length             Attributes
CCMRAM           0x10000000         0x00010000         xrw
RAM              0x20000000         0x00020000         xrw
FLASH            0x08000000         0x00080000         xr
*default*        0x00000000         0xffffffff

Linker script and memory map

LOAD D:/STM32CubeIDE_1.17.0/STM32CubeIDE/plugins/com.st.stm32cube.ide.mcu.externaltools.gnu-tools-for-stm32.14.3.rel1.win32_1.0.100.202602081740/tools/bin/../lib/gcc/arm-none-eabi/14.3.1/thumb/v7e-m+fp/hard/crti.o
LOAD D:/STM32CubeIDE_1.17.0/STM32CubeIDE/plugins/com.st.stm32cube.ide.mcu.externaltools.gnu-tools-for-stm32.14.3.rel1.win32_1.0.100.202602081740/tools/bin/../lib/gcc/arm-none-eabi/14.3.1/thumb/v7e-m+fp/hard/crtbegin.o
LOAD D:/STM32CubeIDE_1.17.0/STM32CubeIDE/plugins/com.st.stm32cube.ide.mcu.externaltools.gnu-tools-for-stm32.14.3.rel1.win32_1.0.100.202602081740/tools/bin/../lib/gcc/arm-none-eabi/14.3.1/../../../../arm-none-eabi/lib/thumb/v7e-m+fp/hard/crt0.o
LOAD ./Core/App/01_Flags.o
LOAD ./Core/App/05_RTC.o
LOAD ./Core/App/06_SDCard.o
LOAD ./Core/App/07_Relay.o
LOAD ./Core/App/ChuongTrinhChinh.o
LOAD ./Core/App/sen66_app.o
LOAD ./Core/App/Libraries/DS3231/DS3231.o
LOAD ./Core/App/Libraries/DaviteqSensor/davitedSensor.o
LOAD ./Core/App/Libraries/DaviteqSensor/ringbuffer.o
LOAD ./Core/App/Libraries/FuelSensorRS232/FuelSensorRS232.o
LOAD ./Core/App/Libraries/GNSS/GNSS.o
LOAD ./Core/App/Libraries/PZEM004T/PZEM004T.o
LOAD ./Core/App/Libraries/Relay/Relay.o
LOAD ./Core/App/Libraries/Relay/Relaytime.o
LOAD ./Core/App/Libraries/SD/SDCard.o
LOAD ./Core/App/Libraries/SHT31/SHT31.o
LOAD ./Core/App/Libraries/Sen66/Sen66.o
LOAD ./Core/App/Libraries/Sim7600x/Sim7600x.o
LOAD ./Core/Src/freertos.o
LOAD ./Core/Src/main.o
LOAD ./Core/Src/stm32f4xx_hal_msp.o
LOAD ./Core/Src/stm32f4xx_hal_timebase_tim.o
LOAD ./Core/Src/stm32f4xx_it.o
LOAD ./Core/Src/syscalls.o
LOAD ./Core/Src/sysmem.o
LOAD ./Core/Src/system_stm32f4xx.o
LOAD ./Core/Startup/startup_stm32f407vetx.o
LOAD ./Drivers/STM32F4xx_HAL_Driver/Src/stm32f4xx_hal.o
LOAD ./Drivers/STM32F4xx_HAL_Driver/Src/stm32f4xx_hal_cortex.o
LOAD ./Drivers/STM32F4xx_HAL_Driver/Src/stm32f4xx_hal_dma.o
LOAD ./Drivers/STM32F4xx_HAL_Driver/Src/stm32f4xx_hal_dma_ex.o
LOAD ./Drivers/STM32F4xx_HAL_Driver/Src/stm32f4xx_hal_exti.o
LOAD ./Drivers/STM32F4xx_HAL_Driver/Src/stm32f4xx_hal_flash.o
LOAD ./Drivers/STM32F4xx_HAL_Driver/Src/stm32f4xx_hal_flash_ex.o
LOAD ./Drivers/STM32F4xx_HAL_Driver/Src/stm32f4xx_hal_flash_ramfunc.o
LOAD ./Drivers/STM32F4xx_HAL_Driver/Src/stm32f4xx_hal_gpio.o
LOAD ./Drivers/STM32F4xx_HAL_Driver/Src/stm32f4xx_hal_i2c.o
LOAD ./Drivers/STM32F4xx_HAL_Driver/Src/stm32f4xx_hal_i2c_ex.o
LOAD ./Drivers/STM32F4xx_HAL_Driver/Src/stm32f4xx_hal_pwr.o
LOAD ./Drivers/STM32F4xx_HAL_Driver/Src/stm32f4xx_hal_pwr_ex.o
LOAD ./Drivers/STM32F4xx_HAL_Driver/Src/stm32f4xx_hal_rcc.o
LOAD ./Drivers/STM32F4xx_HAL_Driver/Src/stm32f4xx_hal_rcc_ex.o
LOAD ./Drivers/STM32F4xx_HAL_Driver/Src/stm32f4xx_hal_spi.o
LOAD ./Drivers/STM32F4xx_HAL_Driver/Src/stm32f4xx_hal_tim.o
LOAD ./Drivers/STM32F4xx_HAL_Driver/Src/stm32f4xx_hal_tim_ex.o
LOAD ./Drivers/STM32F4xx_HAL_Driver/Src/stm32f4xx_hal_uart.o
LOAD ./FATFS/App/fatfs.o
LOAD ./FATFS/Target/user_diskio.o
LOAD ./FATFS/Target/user_diskio_spi.o
LOAD ./Middlewares/Third_Party/FatFs/src/diskio.o
LOAD ./Middlewares/Third_Party/FatFs/src/ff.o
LOAD ./Middlewares/Third_Party/FatFs/src/ff_gen_drv.o
LOAD ./Middlewares/Third_Party/FatFs/src/option/syscall.o
LOAD ./Middlewares/Third_Party/FreeRTOS/Source/CMSIS_RTOS_V2/cmsis_os2.o
LOAD ./Middlewares/Third_Party/FreeRTOS/Source/croutine.o
LOAD ./Middlewares/Third_Party/FreeRTOS/Source/event_groups.o
LOAD ./Middlewares/Third_Party/FreeRTOS/Source/list.o
LOAD ./Middlewares/Third_Party/FreeRTOS/Source/queue.o
LOAD ./Middlewares/Third_Party/FreeRTOS/Source/stream_buffer.o
LOAD ./Middlewares/Third_Party/FreeRTOS/Source/tasks.o
LOAD ./Middlewares/Third_Party/FreeRTOS/Source/timers.o
LOAD ./Middlewares/Third_Party/FreeRTOS/Source/portable/GCC/ARM_CM4F/port.o
LOAD ./Middlewares/Third_Party/FreeRTOS/Source/portable/MemMang/heap_4.o
START GROUP
LOAD D:/STM32CubeIDE_1.17.0/STM32CubeIDE/plugins/com.st.stm32cube.ide.mcu.externaltools.gnu-tools-for-stm32.14.3.rel1.win32_1.0.100.202602081740/tools/bin/../lib/gcc/arm-none-eabi/14.3.1/../../../../arm-none-eabi/lib/thumb/v7e-m+fp/hard\libstdc++_nano.a
LOAD D:/STM32CubeIDE_1.17.0/STM32CubeIDE/plugins/com.st.stm32cube.ide.mcu.externaltools.gnu-tools-for-stm32.14.3.rel1.win32_1.0.100.202602081740/tools/bin/../lib/gcc/arm-none-eabi/14.3.1/../../../../arm-none-eabi/lib/thumb/v7e-m+fp/hard\libsupc++_nano.a
END GROUP
LOAD D:/STM32CubeIDE_1.17.0/STM32CubeIDE/plugins/com.st.stm32cube.ide.mcu.externaltools.gnu-tools-for-stm32.14.3.rel1.win32_1.0.100.202602081740/tools/bin/../lib/gcc/arm-none-eabi/14.3.1/../../../../arm-none-eabi/lib/thumb/v7e-m+fp/hard\libstdc++_nano.a
LOAD D:/STM32CubeIDE_1.17.0/STM32CubeIDE/plugins/com.st.stm32cube.ide.mcu.externaltools.gnu-tools-for-stm32.14.3.rel1.win32_1.0.100.202602081740/tools/bin/../lib/gcc/arm-none-eabi/14.3.1/../../../../arm-none-eabi/lib/thumb/v7e-m+fp/hard\libm.a
LOAD D:/STM32CubeIDE_1.17.0/STM32CubeIDE/plugins/com.st.stm32cube.ide.mcu.externaltools.gnu-tools-for-stm32.14.3.rel1.win32_1.0.100.202602081740/tools/bin/../lib/gcc/arm-none-eabi/14.3.1/../../../../arm-none-eabi/lib/thumb/v7e-m+fp/hard\libc_nano.a
START GROUP
LOAD D:/STM32CubeIDE_1.17.0/STM32CubeIDE/plugins/com.st.stm32cube.ide.mcu.externaltools.gnu-tools-for-stm32.14.3.rel1.win32_1.0.100.202602081740/tools/bin/../lib/gcc/arm-none-eabi/14.3.1/thumb/v7e-m+fp/hard\libgcc.a
LOAD D:/STM32CubeIDE_1.17.0/STM32CubeIDE/plugins/com.st.stm32cube.ide.mcu.externaltools.gnu-tools-for-stm32.14.3.rel1.win32_1.0.100.202602081740/tools/bin/../lib/gcc/arm-none-eabi/14.3.1/../../../../arm-none-eabi/lib/thumb/v7e-m+fp/hard\libc_nano.a
END GROUP
START GROUP
LOAD D:/STM32CubeIDE_1.17.0/STM32CubeIDE/plugins/com.st.stm32cube.ide.mcu.externaltools.gnu-tools-for-stm32.14.3.rel1.win32_1.0.100.202602081740/tools/bin/../lib/gcc/arm-none-eabi/14.3.1/thumb/v7e-m+fp/hard\libgcc.a
LOAD D:/STM32CubeIDE_1.17.0/STM32CubeIDE/plugins/com.st.stm32cube.ide.mcu.externaltools.gnu-tools-for-stm32.14.3.rel1.win32_1.0.100.202602081740/tools/bin/../lib/gcc/arm-none-eabi/14.3.1/../../../../arm-none-eabi/lib/thumb/v7e-m+fp/hard\libc_nano.a
LOAD D:/STM32CubeIDE_1.17.0/STM32CubeIDE/plugins/com.st.stm32cube.ide.mcu.externaltools.gnu-tools-for-stm32.14.3.rel1.win32_1.0.100.202602081740/tools/bin/../lib/gcc/arm-none-eabi/14.3.1/../../../../arm-none-eabi/lib/thumb/v7e-m+fp/hard\libnosys.a
END GROUP
START GROUP
LOAD D:/STM32CubeIDE_1.17.0/STM32CubeIDE/plugins/com.st.stm32cube.ide.mcu.externaltools.gnu-tools-for-stm32.14.3.rel1.win32_1.0.100.202602081740/tools/bin/../lib/gcc/arm-none-eabi/14.3.1/thumb/v7e-m+fp/hard\libgcc.a
LOAD D:/STM32CubeIDE_1.17.0/STM32CubeIDE/plugins/com.st.stm32cube.ide.mcu.externaltools.gnu-tools-for-stm32.14.3.rel1.win32_1.0.100.202602081740/tools/bin/../lib/gcc/arm-none-eabi/14.3.1/../../../../arm-none-eabi/lib/thumb/v7e-m+fp/hard\libc_nano.a
LOAD D:/STM32CubeIDE_1.17.0/STM32CubeIDE/plugins/com.st.stm32cube.ide.mcu.externaltools.gnu-tools-for-stm32.14.3.rel1.win32_1.0.100.202602081740/tools/bin/../lib/gcc/arm-none-eabi/14.3.1/../../../../arm-none-eabi/lib/thumb/v7e-m+fp/hard\libnosys.a
END GROUP
LOAD D:/STM32CubeIDE_1.17.0/STM32CubeIDE/plugins/com.st.stm32cube.ide.mcu.externaltools.gnu-tools-for-stm32.14.3.rel1.win32_1.0.100.202602081740/tools/bin/../lib/gcc/arm-none-eabi/14.3.1/thumb/v7e-m+fp/hard/crtend.o
LOAD D:/STM32CubeIDE_1.17.0/STM32CubeIDE/plugins/com.st.stm32cube.ide.mcu.externaltools.gnu-tools-for-stm32.14.3.rel1.win32_1.0.100.202602081740/tools/bin/../lib/gcc/arm-none-eabi/14.3.1/thumb/v7e-m+fp/hard/crtn.o
                0x20020000                        _estack = (ORIGIN (RAM) + LENGTH (RAM))
                0x00000200                        _Min_Heap_Size = 0x200
                0x00000400                        _Min_Stack_Size = 0x400

.isr_vector     0x08000000      0x188
                0x08000000                        . = ALIGN (0x4)
 *(.isr_vector)
 .isr_vector    0x08000000      0x188 ./Core/Startup/startup_stm32f407vetx.o
                0x08000000                g_pfnVectors
                0x08000188                        . = ALIGN (0x4)

.text           0x08000190    0x140ac
                0x08000190                        . = ALIGN (0x4)
 *(.text)
 .text          0x08000190       0x40 D:/STM32CubeIDE_1.17.0/STM32CubeIDE/plugins/com.st.stm32cube.ide.mcu.externaltools.gnu-tools-for-stm32.14.3.rel1.win32_1.0.100.202602081740/tools/bin/../lib/gcc/arm-none-eabi/14.3.1/thumb/v7e-m+fp/hard/crtbegin.o
 .text          0x080001d0       0xa0 D:/STM32CubeIDE_1.17.0/STM32CubeIDE/plugins/com.st.stm32cube.ide.mcu.externaltools.gnu-tools-for-stm32.14.3.rel1.win32_1.0.100.202602081740/tools/bin/../lib/gcc/arm-none-eabi/14.3.1/../../../../arm-none-eabi/lib/thumb/v7e-m+fp/hard\libc_nano.a(libc_a-memchr.o)
                0x080001d0                memchr
 .text          0x08000270       0x10 D:/STM32CubeIDE_1.17.0/STM32CubeIDE/plugins/com.st.stm32cube.ide.mcu.externaltools.gnu-tools-for-stm32.14.3.rel1.win32_1.0.100.202602081740/tools/bin/../lib/gcc/arm-none-eabi/14.3.1/../../../../arm-none-eabi/lib/thumb/v7e-m+fp/hard\libc_nano.a(libc_a-strlen.o)
                0x08000270                strlen
 .text          0x08000280      0x378 D:/STM32CubeIDE_1.17.0/STM32CubeIDE/plugins/com.st.stm32cube.ide.mcu.externaltools.gnu-tools-for-stm32.14.3.rel1.win32_1.0.100.202602081740/tools/bin/../lib/gcc/arm-none-eabi/14.3.1/thumb/v7e-m+fp/hard\libgcc.a(_arm_addsubdf3.o)
                0x08000280                __aeabi_drsub
                0x08000288                __aeabi_dsub
                0x08000288                __subdf3
                0x0800028c                __aeabi_dadd
                0x0800028c                __adddf3
                0x08000504                __floatunsidf
                0x08000504                __aeabi_ui2d
                0x08000524                __floatsidf
                0x08000524                __aeabi_i2d
                0x08000548                __aeabi_f2d
                0x08000548                __extendsfdf2
                0x0800058c                __floatundidf
                0x0800058c                __aeabi_ul2d
                0x0800059c                __floatdidf
                0x0800059c                __aeabi_l2d
 .text          0x080005f8      0x424 D:/STM32CubeIDE_1.17.0/STM32CubeIDE/plugins/com.st.stm32cube.ide.mcu.externaltools.gnu-tools-for-stm32.14.3.rel1.win32_1.0.100.202602081740/tools/bin/../lib/gcc/arm-none-eabi/14.3.1/thumb/v7e-m+fp/hard\libgcc.a(_arm_muldivdf3.o)
                0x080005f8                __aeabi_dmul
                0x080005f8                __muldf3
                0x0800084c                __divdf3
                0x0800084c                __aeabi_ddiv
 .text          0x08000a1c      0x110 D:/STM32CubeIDE_1.17.0/STM32CubeIDE/plugins/com.st.stm32cube.ide.mcu.externaltools.gnu-tools-for-stm32.14.3.rel1.win32_1.0.100.202602081740/tools/bin/../lib/gcc/arm-none-eabi/14.3.1/thumb/v7e-m+fp/hard\libgcc.a(_arm_cmpdf2.o)
                0x08000a1c                __gtdf2
                0x08000a1c                __gedf2
                0x08000a24                __ltdf2
                0x08000a24                __ledf2
                0x08000a2c                __nedf2
                0x08000a2c                __eqdf2
                0x08000a2c                __cmpdf2
                0x08000aa8                __aeabi_cdrcmple
                0x08000ab8                __aeabi_cdcmpeq
                0x08000ab8                __aeabi_cdcmple
                0x08000ac8                __aeabi_dcmpeq
                0x08000adc                __aeabi_dcmplt
                0x08000af0                __aeabi_dcmple
                0x08000b04                __aeabi_dcmpge
                0x08000b18                __aeabi_dcmpgt
 .text          0x08000b2c       0x2c D:/STM32CubeIDE_1.17.0/STM32CubeIDE/plugins/com.st.stm32cube.ide.mcu.externaltools.gnu-tools-for-stm32.14.3.rel1.win32_1.0.100.202602081740/tools/bin/../lib/gcc/arm-none-eabi/14.3.1/thumb/v7e-m+fp/hard\libgcc.a(_arm_unorddf2.o)
                0x08000b2c                __unorddf2
                0x08000b2c                __aeabi_dcmpun
 .text          0x08000b58       0x50 D:/STM32CubeIDE_1.17.0/STM32CubeIDE/plugins/com.st.stm32cube.ide.mcu.externaltools.gnu-tools-for-stm32.14.3.rel1.win32_1.0.100.202602081740/tools/bin/../lib/gcc/arm-none-eabi/14.3.1/thumb/v7e-m+fp/hard\libgcc.a(_arm_fixdfsi.o)
                0x08000b58                __aeabi_d2iz
                0x08000b58                __fixdfsi
 .text          0x08000ba8       0x40 D:/STM32CubeIDE_1.17.0/STM32CubeIDE/plugins/com.st.stm32cube.ide.mcu.externaltools.gnu-tools-for-stm32.14.3.rel1.win32_1.0.100.202602081740/tools/bin/../lib/gcc/arm-none-eabi/14.3.1/thumb/v7e-m+fp/hard\libgcc.a(_arm_fixunsdfsi.o)
                0x08000ba8                __aeabi_d2uiz
                0x08000ba8                __fixunsdfsi
 .text          0x08000be8       0xa0 D:/STM32CubeIDE_1.17.0/STM32CubeIDE/plugins/com.st.stm32cube.ide.mcu.externaltools.gnu-tools-for-stm32.14.3.rel1.win32_1.0.100.202602081740/tools/bin/../lib/gcc/arm-none-eabi/14.3.1/thumb/v7e-m+fp/hard\libgcc.a(_arm_truncdfsf2.o)
                0x08000be8                __truncdfsf2
                0x08000be8                __aeabi_d2f
 .text          0x08000c88       0x30 D:/STM32CubeIDE_1.17.0/STM32CubeIDE/plugins/com.st.stm32cube.ide.mcu.externaltools.gnu-tools-for-stm32.14.3.rel1.win32_1.0.100.202602081740/tools/bin/../lib/gcc/arm-none-eabi/14.3.1/thumb/v7e-m+fp/hard\libgcc.a(_aeabi_uldivmod.o)
                0x08000c88                __aeabi_uldivmod
 .text          0x08000cb8       0x30 D:/STM32CubeIDE_1.17.0/STM32CubeIDE/plugins/com.st.stm32cube.ide.mcu.externaltools.gnu-tools-for-stm32.14.3.rel1.win32_1.0.100.202602081740/tools/bin/../lib/gcc/arm-none-eabi/14.3.1/thumb/v7e-m+fp/hard\libgcc.a(_fixdfdi.o)
                0x08000cb8                __fixdfdi
                0x08000cb8                __aeabi_d2lz
 .text          0x08000ce8       0x3c D:/STM32CubeIDE_1.17.0/STM32CubeIDE/plugins/com.st.stm32cube.ide.mcu.externaltools.gnu-tools-for-stm32.14.3.rel1.win32_1.0.100.202602081740/tools/bin/../lib/gcc/arm-none-eabi/14.3.1/thumb/v7e-m+fp/hard\libgcc.a(_fixunsdfdi.o)
                0x08000ce8                __fixunsdfdi
                0x08000ce8                __aeabi_d2ulz
 .text          0x08000d24      0x2f8 D:/STM32CubeIDE_1.17.0/STM32CubeIDE/plugins/com.st.stm32cube.ide.mcu.externaltools.gnu-tools-for-stm32.14.3.rel1.win32_1.0.100.202602081740/tools/bin/../lib/gcc/arm-none-eabi/14.3.1/thumb/v7e-m+fp/hard\libgcc.a(_udivmoddi4.o)
                0x08000d24                __udivmoddi4
 .text          0x0800101c        0x4 D:/STM32CubeIDE_1.17.0/STM32CubeIDE/plugins/com.st.stm32cube.ide.mcu.externaltools.gnu-tools-for-stm32.14.3.rel1.win32_1.0.100.202602081740/tools/bin/../lib/gcc/arm-none-eabi/14.3.1/thumb/v7e-m+fp/hard\libgcc.a(_dvmd_tls.o)
                0x0800101c                __aeabi_idiv0
                0x0800101c                __aeabi_ldiv0
 *(.text*)
 .text.SetTimerCount
                0x08001020       0x50 ./Core/App/01_Flags.o
                0x08001020                SetTimerCount
 .text.Flag_CallBack
                0x08001070       0x7e ./Core/App/01_Flags.o
                0x08001070                Flag_CallBack
 *fill*         0x080010ee        0x2 
 .text._ZN9RTCDS323110KhoiTaoRTCEv
                0x080010f0       0x20 ./Core/App/05_RTC.o
                0x080010f0                RTCDS3231::KhoiTaoRTC()
 .text._ZN9RTCDS323114LayRTCTuDS3231Ev
                0x08001110       0x1c ./Core/App/05_RTC.o
                0x08001110                RTCDS3231::LayRTCTuDS3231()
 .text._ZN9RTCDS323123LayRTCTuServerIoTVisionEv
                0x0800112c      0x45c ./Core/App/05_RTC.o
                0x0800112c                RTCDS3231::LayRTCTuServerIoTVision()
 .text._ZN9RTCDS323118CaiDatRTCChoDS3231Ev
                0x08001588       0x1c ./Core/App/05_RTC.o
                0x08001588                RTCDS3231::CaiDatRTCChoDS3231()
 .text.HAL_GPIO_EXTI_Callback
                0x080015a4       0x5c ./Core/App/06_SDCard.o
                0x080015a4                HAL_GPIO_EXTI_Callback
 .text._ZN6SDCard13KhoiTaoSDCardEv
                0x08001600       0x24 ./Core/App/06_SDCard.o
                0x08001600                SDCard::KhoiTaoSDCard()
 .text.HAL_TIM_PeriodElapsedCallback
                0x08001624       0x38 ./Core/App/ChuongTrinhChinh.o
                0x08001624                HAL_TIM_PeriodElapsedCallback
 .text.HAL_UART_RxCpltCallback
                0x0800165c       0x24 ./Core/App/ChuongTrinhChinh.o
                0x0800165c                HAL_UART_RxCpltCallback
 .text.HAL_UARTEx_RxEventCallback
                0x08001680       0x28 ./Core/App/ChuongTrinhChinh.o
                0x08001680                HAL_UARTEx_RxEventCallback
 .text.KhoiTao  0x080016a8      0x130 ./Core/App/ChuongTrinhChinh.o
                0x080016a8                KhoiTao
 .text.TaskThucThiTacVuTheoFlag
                0x080017d8       0x5c ./Core/App/ChuongTrinhChinh.o
                0x080017d8                TaskThucThiTacVuTheoFlag
 .text.TaskDocCamBien
                0x08001834       0xd0 ./Core/App/ChuongTrinhChinh.o
                0x08001834                TaskDocCamBien
 .text.TaskPostDataMQTT
                0x08001904      0x5ec ./Core/App/ChuongTrinhChinh.o
                0x08001904                TaskPostDataMQTT
 .text.ThucThiTacVuTheoFlag
                0x08001ef0       0x44 ./Core/App/ChuongTrinhChinh.o
                0x08001ef0                ThucThiTacVuTheoFlag
 .text.SEN66_App_Init
                0x08001f34       0x1c ./Core/App/sen66_app.o
                0x08001f34                SEN66_App_Init
 .text.SEN66_App_Update
                0x08001f50      0x114 ./Core/App/sen66_app.o
                0x08001f50                SEN66_App_Update
 .text.SEN66_App_GetData
                0x08002064       0x2c ./Core/App/sen66_app.o
                0x08002064                SEN66_App_GetData
 .text.SEN66_App_PrintData
                0x08002090      0x124 ./Core/App/sen66_app.o
                0x08002090                SEN66_App_PrintData
 .text.rtc_init
                0x080021b4       0x20 ./Core/App/Libraries/DS3231/DS3231.o
                0x080021b4                rtc_init
 .text.Decimal2BCD
                0x080021d4       0x4c ./Core/App/Libraries/DS3231/DS3231.o
                0x080021d4                Decimal2BCD
 .text.BCD2Decimal
                0x08002220       0x32 ./Core/App/Libraries/DS3231/DS3231.o
                0x08002220                BCD2Decimal
 *fill*         0x08002252        0x2 
 .text.DS3231_write_time
                0x08002254       0xe4 ./Core/App/Libraries/DS3231/DS3231.o
                0x08002254                DS3231_write_time
 .text.DS3231_read_time
                0x08002338       0xb8 ./Core/App/Libraries/DS3231/DS3231.o
                0x08002338                DS3231_read_time
 .text.GPS_UART_CallBack
                0x080023f0       0x80 ./Core/App/Libraries/GNSS/GNSS.o
                0x080023f0                GPS_UART_CallBack
 .text.GPS_validate
                0x08002470       0xc8 ./Core/App/Libraries/GNSS/GNSS.o
                0x08002470                GPS_validate
 .text.GPS_parse
                0x08002538      0x330 ./Core/App/Libraries/GNSS/GNSS.o
                0x08002538                GPS_parse
 .text.GPS_nmea_to_dec
                0x08002868       0x9c ./Core/App/Libraries/GNSS/GNSS.o
                0x08002868                GPS_nmea_to_dec
 .text.card_init
                0x08002904       0x88 ./Core/App/Libraries/SD/SDCard.o
                0x08002904                card_init
 .text.card_unmount
                0x0800298c       0x3c ./Core/App/Libraries/SD/SDCard.o
                0x0800298c                card_unmount
 .text.card_remount
                0x080029c8       0x54 ./Core/App/Libraries/SD/SDCard.o
                0x080029c8                card_remount
 .text.get_free_space
                0x08002a1c       0x5c ./Core/App/Libraries/SD/SDCard.o
                0x08002a1c                get_free_space
 .text.delay_ms
                0x08002a78       0x16 ./Core/App/Libraries/Sen66/Sen66.o
                0x08002a78                delay_ms
 .text.CRC_cal  0x08002a8e       0x70 ./Core/App/Libraries/Sen66/Sen66.o
                0x08002a8e                CRC_cal
 *fill*         0x08002afe        0x2 
 .text.Read_Register
                0x08002b00       0x68 ./Core/App/Libraries/Sen66/Sen66.o
                0x08002b00                Read_Register
 .text.Send_command_write
                0x08002b68       0x34 ./Core/App/Libraries/Sen66/Sen66.o
                0x08002b68                Send_command_write
 .text.Start_Or_Stop_Sensor
                0x08002b9c       0x38 ./Core/App/Libraries/Sen66/Sen66.o
                0x08002b9c                Start_Or_Stop_Sensor
 .text.combine_data
                0x08002bd4       0x2e ./Core/App/Libraries/Sen66/Sen66.o
                0x08002bd4                combine_data
 *fill*         0x08002c02        0x2 
 .text.Return_Value_Of_Sensor
                0x08002c04      0x2ec ./Core/App/Libraries/Sen66/Sen66.o
                0x08002c04                Return_Value_Of_Sensor
 .text.findSubstring
                0x08002ef0      0x178 ./Core/App/Libraries/Sim7600x/Sim7600x.o
                0x08002ef0                findSubstring
 .text.SIM_UART_DMA_CallBack
                0x08003068       0x22 ./Core/App/Libraries/Sim7600x/Sim7600x.o
                0x08003068                SIM_UART_DMA_CallBack
 .text.ClearBuffer
                0x0800308a       0x3c ./Core/App/Libraries/Sim7600x/Sim7600x.o
                0x0800308a                ClearBuffer
 .text.WaitForResponse
                0x080030c6       0x8c ./Core/App/Libraries/Sim7600x/Sim7600x.o
                0x080030c6                WaitForResponse
 .text.SendCommand
                0x08003152       0x4c ./Core/App/Libraries/Sim7600x/Sim7600x.o
                0x08003152                SendCommand
 .text.SIMInit  0x0800319e       0x90 ./Core/App/Libraries/Sim7600x/Sim7600x.o
                0x0800319e                SIMInit
 *fill*         0x0800322e        0x2 
 .text.PowerOn  0x08003230       0x6c ./Core/App/Libraries/Sim7600x/Sim7600x.o
                0x08003230                PowerOn
 .text.ResetModule
                0x0800329c      0x1ac ./Core/App/Libraries/Sim7600x/Sim7600x.o
                0x0800329c                ResetModule
 .text.StartModuleService
                0x08003448       0x6e ./Core/App/Libraries/Sim7600x/Sim7600x.o
                0x08003448                StartModuleService
 *fill*         0x080034b6        0x2 
 .text.ConnectToModule
                0x080034b8      0x144 ./Core/App/Libraries/Sim7600x/Sim7600x.o
                0x080034b8                ConnectToModule
 .text.CheckSimConnect
                0x080035fc       0xac ./Core/App/Libraries/Sim7600x/Sim7600x.o
                0x080035fc                CheckSimConnect
 .text.GetPhoneNumber
                0x080036a8      0x1ac ./Core/App/Libraries/Sim7600x/Sim7600x.o
                0x080036a8                GetPhoneNumber
 .text.GetRSSI  0x08003854       0xe0 ./Core/App/Libraries/Sim7600x/Sim7600x.o
                0x08003854                GetRSSI
 .text.GetSignal
                0x08003934      0x158 ./Core/App/Libraries/Sim7600x/Sim7600x.o
                0x08003934                GetSignal
 .text.InitHTTP
                0x08003a8c       0x94 ./Core/App/Libraries/Sim7600x/Sim7600x.o
                0x08003a8c                InitHTTP
 .text.DeInitHTTP
                0x08003b20       0x9c ./Core/App/Libraries/Sim7600x/Sim7600x.o
                0x08003b20                DeInitHTTP
 .text.SetupHTTPUrl
                0x08003bbc       0xbc ./Core/App/Libraries/Sim7600x/Sim7600x.o
                0x08003bbc                SetupHTTPUrl
 .text.SuperviseHTTP
                0x08003c78       0xa0 ./Core/App/Libraries/Sim7600x/Sim7600x.o
                0x08003c78                SuperviseHTTP
 .text.http_get
                0x08003d18      0x45c ./Core/App/Libraries/Sim7600x/Sim7600x.o
                0x08003d18                http_get
 .text.configureTimerForRunTimeStats
                0x08004174       0x1c ./Core/Src/freertos.o
                0x08004174                configureTimerForRunTimeStats
 .text.getRunTimeCounterValue
                0x08004190       0x18 ./Core/Src/freertos.o
                0x08004190                getRunTimeCounterValue
 .text.Get_STM32_DeviceID
                0x080041a8       0x34 ./Core/Src/main.o
                0x080041a8                Get_STM32_DeviceID
 .text.main     0x080041dc       0x68 ./Core/Src/main.o
                0x080041dc                main
 .text.SystemClock_Config
                0x08004244       0xd4 ./Core/Src/main.o
                0x08004244                SystemClock_Config
 .text.MX_I2C1_Init
                0x08004318       0x5c ./Core/Src/main.o
 .text.MX_I2C3_Init
                0x08004374       0x5c ./Core/Src/main.o
 .text.MX_SPI1_Init
                0x080043d0       0x6c ./Core/Src/main.o
 .text.MX_TIM2_Init
                0x0800443c       0x98 ./Core/Src/main.o
 .text.MX_TIM7_Init
                0x080044d4       0x6c ./Core/Src/main.o
 .text.MX_UART4_Init
                0x08004540       0x54 ./Core/Src/main.o
 .text.MX_UART5_Init
                0x08004594       0x54 ./Core/Src/main.o
 .text.MX_USART2_UART_Init
                0x080045e8       0x54 ./Core/Src/main.o
 .text.MX_DMA_Init
                0x0800463c       0x7c ./Core/Src/main.o
 .text.MX_GPIO_Init
                0x080046b8      0x238 ./Core/Src/main.o
 .text.StartDefaultTask
                0x080048f0       0x10 ./Core/Src/main.o
                0x080048f0                StartDefaultTask
 .text.Error_Handler
                0x08004900        0xc ./Core/Src/main.o
                0x08004900                Error_Handler
 .text.HAL_MspInit
                0x0800490c       0x58 ./Core/Src/stm32f4xx_hal_msp.o
                0x0800490c                HAL_MspInit
 .text.HAL_I2C_MspInit
                0x08004964      0x140 ./Core/Src/stm32f4xx_hal_msp.o
                0x08004964                HAL_I2C_MspInit
 .text.HAL_SPI_MspInit
                0x08004aa4       0xf4 ./Core/Src/stm32f4xx_hal_msp.o
                0x08004aa4                HAL_SPI_MspInit
 .text.HAL_TIM_Base_MspInit
                0x08004b98       0x88 ./Core/Src/stm32f4xx_hal_msp.o
                0x08004b98                HAL_TIM_Base_MspInit
 .text.HAL_UART_MspInit
                0x08004c20      0x290 ./Core/Src/stm32f4xx_hal_msp.o
                0x08004c20                HAL_UART_MspInit
 .text.HAL_InitTick
                0x08004eb0       0xf8 ./Core/Src/stm32f4xx_hal_timebase_tim.o
                0x08004eb0                HAL_InitTick
 .text.NMI_Handler
                0x08004fa8        0x8 ./Core/Src/stm32f4xx_it.o
                0x08004fa8                NMI_Handler
 .text.HardFault_Handler
                0x08004fb0        0x8 ./Core/Src/stm32f4xx_it.o
                0x08004fb0                HardFault_Handler
 .text.MemManage_Handler
                0x08004fb8        0x8 ./Core/Src/stm32f4xx_it.o
                0x08004fb8                MemManage_Handler
 .text.BusFault_Handler
                0x08004fc0        0x8 ./Core/Src/stm32f4xx_it.o
                0x08004fc0                BusFault_Handler
 .text.UsageFault_Handler
                0x08004fc8        0x8 ./Core/Src/stm32f4xx_it.o
                0x08004fc8                UsageFault_Handler
 .text.DebugMon_Handler
                0x08004fd0        0xe ./Core/Src/stm32f4xx_it.o
                0x08004fd0                DebugMon_Handler
 .text.EXTI4_IRQHandler
                0x08004fde        0xe ./Core/Src/stm32f4xx_it.o
                0x08004fde                EXTI4_IRQHandler
 .text.DMA1_Stream0_IRQHandler
                0x08004fec       0x14 ./Core/Src/stm32f4xx_it.o
                0x08004fec                DMA1_Stream0_IRQHandler
 .text.DMA1_Stream5_IRQHandler
                0x08005000       0x14 ./Core/Src/stm32f4xx_it.o
                0x08005000                DMA1_Stream5_IRQHandler
 .text.TIM2_IRQHandler
                0x08005014       0x14 ./Core/Src/stm32f4xx_it.o
                0x08005014                TIM2_IRQHandler
 .text.UART4_IRQHandler
                0x08005028       0x14 ./Core/Src/stm32f4xx_it.o
                0x08005028                UART4_IRQHandler
 .text.UART5_IRQHandler
                0x0800503c       0x14 ./Core/Src/stm32f4xx_it.o
                0x0800503c                UART5_IRQHandler
 .text.TIM6_DAC_IRQHandler
                0x08005050       0x14 ./Core/Src/stm32f4xx_it.o
                0x08005050                TIM6_DAC_IRQHandler
 .text.TIM7_IRQHandler
                0x08005064       0x20 ./Core/Src/stm32f4xx_it.o
                0x08005064                TIM7_IRQHandler
 .text.DMA2_Stream0_IRQHandler
                0x08005084       0x14 ./Core/Src/stm32f4xx_it.o
                0x08005084                DMA2_Stream0_IRQHandler
 .text._getpid  0x08005098       0x10 ./Core/Src/syscalls.o
                0x08005098                _getpid
 .text._kill    0x080050a8       0x20 ./Core/Src/syscalls.o
                0x080050a8                _kill
 .text._exit    0x080050c8       0x16 ./Core/Src/syscalls.o
                0x080050c8                _exit
 .text._read    0x080050de       0x3a ./Core/Src/syscalls.o
                0x080050de                _read
 .text._write   0x08005118       0x38 ./Core/Src/syscalls.o
                0x08005118                _write
 .text._close   0x08005150       0x18 ./Core/Src/syscalls.o
                0x08005150                _close
 .text._fstat   0x08005168       0x20 ./Core/Src/syscalls.o
                0x08005168                _fstat
 .text._isatty  0x08005188       0x16 ./Core/Src/syscalls.o
                0x08005188                _isatty
 .text._lseek   0x0800519e       0x1a ./Core/Src/syscalls.o
                0x0800519e                _lseek
 .text._sbrk    0x080051b8       0x6c ./Core/Src/sysmem.o
                0x080051b8                _sbrk
 .text.SystemInit
                0x08005224       0x24 ./Core/Src/system_stm32f4xx.o
                0x08005224                SystemInit
 .text.Reset_Handler
                0x08005248       0x50 ./Core/Startup/startup_stm32f407vetx.o
                0x08005248                Reset_Handler
 .text.Default_Handler
                0x08005298        0x2 ./Core/Startup/startup_stm32f407vetx.o
                0x08005298                RTC_Alarm_IRQHandler
                0x08005298                HASH_RNG_IRQHandler
                0x08005298                EXTI2_IRQHandler
                0x08005298                TIM8_CC_IRQHandler
                0x08005298                TIM1_CC_IRQHandler
                0x08005298                DMA2_Stream5_IRQHandler
                0x08005298                PVD_IRQHandler
                0x08005298                SDIO_IRQHandler
                0x08005298                TAMP_STAMP_IRQHandler
                0x08005298                CAN2_RX1_IRQHandler
                0x08005298                EXTI3_IRQHandler
                0x08005298                TIM8_TRG_COM_TIM14_IRQHandler
                0x08005298                TIM1_UP_TIM10_IRQHandler
                0x08005298                TIM8_UP_TIM13_IRQHandler
                0x08005298                I2C3_ER_IRQHandler
                0x08005298                EXTI0_IRQHandler
                0x08005298                I2C2_EV_IRQHandler
                0x08005298                DMA1_Stream2_IRQHandler
                0x08005298                CAN1_RX0_IRQHandler
                0x08005298                FPU_IRQHandler
                0x08005298                OTG_HS_WKUP_IRQHandler
                0x08005298                CAN2_SCE_IRQHandler
                0x08005298                DMA2_Stream2_IRQHandler
                0x08005298                SPI1_IRQHandler
                0x08005298                TIM1_BRK_TIM9_IRQHandler
                0x08005298                DCMI_IRQHandler
                0x08005298                CAN2_RX0_IRQHandler
                0x08005298                DMA2_Stream3_IRQHandler
                0x08005298                USART6_IRQHandler
                0x08005298                USART3_IRQHandler
                0x08005298                CAN1_RX1_IRQHandler
                0x08005298                TIM4_IRQHandler
                0x08005298                I2C1_EV_IRQHandler
                0x08005298                DMA1_Stream6_IRQHandler
                0x08005298                DMA1_Stream1_IRQHandler
                0x08005298                TIM3_IRQHandler
                0x08005298                RCC_IRQHandler
                0x08005298                TIM8_BRK_TIM12_IRQHandler
                0x08005298                Default_Handler
                0x08005298                EXTI15_10_IRQHandler
                0x08005298                ADC_IRQHandler
                0x08005298                DMA1_Stream7_IRQHandler
                0x08005298                CAN2_TX_IRQHandler
                0x08005298                TIM5_IRQHandler
                0x08005298                DMA2_Stream7_IRQHandler
                0x08005298                I2C3_EV_IRQHandler
                0x08005298                EXTI9_5_IRQHandler
                0x08005298                RTC_WKUP_IRQHandler
                0x08005298                ETH_WKUP_IRQHandler
                0x08005298                SPI2_IRQHandler
                0x08005298                OTG_HS_EP1_IN_IRQHandler
                0x08005298                CAN1_TX_IRQHandler
                0x08005298                FSMC_IRQHandler
                0x08005298                ETH_IRQHandler
                0x08005298                OTG_HS_EP1_OUT_IRQHandler
                0x08005298                WWDG_IRQHandler
                0x08005298                OTG_FS_WKUP_IRQHandler
                0x08005298                TIM1_TRG_COM_TIM11_IRQHandler
                0x08005298                OTG_HS_IRQHandler
                0x08005298                EXTI1_IRQHandler
                0x08005298                USART2_IRQHandler
                0x08005298                I2C2_ER_IRQHandler
                0x08005298                DMA2_Stream1_IRQHandler
                0x08005298                CAN1_SCE_IRQHandler
                0x08005298                FLASH_IRQHandler
                0x08005298                DMA2_Stream4_IRQHandler
                0x08005298                USART1_IRQHandler
                0x08005298                OTG_FS_IRQHandler
                0x08005298                SPI3_IRQHandler
                0x08005298                DMA1_Stream4_IRQHandler
                0x08005298                I2C1_ER_IRQHandler
                0x08005298                DMA2_Stream6_IRQHandler
                0x08005298                DMA1_Stream3_IRQHandler
 *fill*         0x0800529a        0x2 
 .text.HAL_Init
                0x0800529c       0x44 ./Drivers/STM32F4xx_HAL_Driver/Src/stm32f4xx_hal.o
                0x0800529c                HAL_Init
 .text.HAL_IncTick
                0x080052e0       0x28 ./Drivers/STM32F4xx_HAL_Driver/Src/stm32f4xx_hal.o
                0x080052e0                HAL_IncTick
 .text.HAL_GetTick
                0x08005308       0x18 ./Drivers/STM32F4xx_HAL_Driver/Src/stm32f4xx_hal.o
                0x08005308                HAL_GetTick
 .text.HAL_Delay
                0x08005320       0x48 ./Drivers/STM32F4xx_HAL_Driver/Src/stm32f4xx_hal.o
                0x08005320                HAL_Delay
 .text.HAL_GetUIDw0
                0x08005368       0x18 ./Drivers/STM32F4xx_HAL_Driver/Src/stm32f4xx_hal.o
                0x08005368                HAL_GetUIDw0
 .text.HAL_GetUIDw2
                0x08005380       0x18 ./Drivers/STM32F4xx_HAL_Driver/Src/stm32f4xx_hal.o
                0x08005380                HAL_GetUIDw2
 .text.__NVIC_SetPriorityGrouping
                0x08005398       0x48 ./Drivers/STM32F4xx_HAL_Driver/Src/stm32f4xx_hal_cortex.o
 .text.__NVIC_GetPriorityGrouping
                0x080053e0       0x1c ./Drivers/STM32F4xx_HAL_Driver/Src/stm32f4xx_hal_cortex.o
 .text.__NVIC_EnableIRQ
                0x080053fc       0x3c ./Drivers/STM32F4xx_HAL_Driver/Src/stm32f4xx_hal_cortex.o
 .text.__NVIC_SetPriority
                0x08005438       0x54 ./Drivers/STM32F4xx_HAL_Driver/Src/stm32f4xx_hal_cortex.o
 .text.NVIC_EncodePriority
                0x0800548c       0x66 ./Drivers/STM32F4xx_HAL_Driver/Src/stm32f4xx_hal_cortex.o
 .text.HAL_NVIC_SetPriorityGrouping
                0x080054f2       0x16 ./Drivers/STM32F4xx_HAL_Driver/Src/stm32f4xx_hal_cortex.o
                0x080054f2                HAL_NVIC_SetPriorityGrouping
 .text.HAL_NVIC_SetPriority
                0x08005508       0x38 ./Drivers/STM32F4xx_HAL_Driver/Src/stm32f4xx_hal_cortex.o
                0x08005508                HAL_NVIC_SetPriority
 .text.HAL_NVIC_EnableIRQ
                0x08005540       0x1c ./Drivers/STM32F4xx_HAL_Driver/Src/stm32f4xx_hal_cortex.o
                0x08005540                HAL_NVIC_EnableIRQ
 .text.HAL_DMA_Init
                0x0800555c      0x15c ./Drivers/STM32F4xx_HAL_Driver/Src/stm32f4xx_hal_dma.o
                0x0800555c                HAL_DMA_Init
 .text.HAL_DMA_Start_IT
                0x080056b8       0xb0 ./Drivers/STM32F4xx_HAL_Driver/Src/stm32f4xx_hal_dma.o
                0x080056b8                HAL_DMA_Start_IT
 .text.HAL_DMA_Abort
                0x08005768       0xe0 ./Drivers/STM32F4xx_HAL_Driver/Src/stm32f4xx_hal_dma.o
                0x08005768                HAL_DMA_Abort
 .text.HAL_DMA_Abort_IT
                0x08005848       0x44 ./Drivers/STM32F4xx_HAL_Driver/Src/stm32f4xx_hal_dma.o
                0x08005848                HAL_DMA_Abort_IT
 .text.HAL_DMA_IRQHandler
                0x0800588c      0x314 ./Drivers/STM32F4xx_HAL_Driver/Src/stm32f4xx_hal_dma.o
                0x0800588c                HAL_DMA_IRQHandler
 .text.DMA_SetConfig
                0x08005ba0       0x5c ./Drivers/STM32F4xx_HAL_Driver/Src/stm32f4xx_hal_dma.o
 .text.DMA_CalcBaseAndBitshift
                0x08005bfc       0x6c ./Drivers/STM32F4xx_HAL_Driver/Src/stm32f4xx_hal_dma.o
 .text.DMA_CheckFifoParam
                0x08005c68       0xf8 ./Drivers/STM32F4xx_HAL_Driver/Src/stm32f4xx_hal_dma.o
 .text.HAL_GPIO_Init
                0x08005d60      0x338 ./Drivers/STM32F4xx_HAL_Driver/Src/stm32f4xx_hal_gpio.o
                0x08005d60                HAL_GPIO_Init
 .text.HAL_GPIO_ReadPin
                0x08006098       0x30 ./Drivers/STM32F4xx_HAL_Driver/Src/stm32f4xx_hal_gpio.o
                0x08006098                HAL_GPIO_ReadPin
 .text.HAL_GPIO_WritePin
                0x080060c8       0x32 ./Drivers/STM32F4xx_HAL_Driver/Src/stm32f4xx_hal_gpio.o
                0x080060c8                HAL_GPIO_WritePin
 .text.HAL_GPIO_TogglePin
                0x080060fa       0x34 ./Drivers/STM32F4xx_HAL_Driver/Src/stm32f4xx_hal_gpio.o
                0x080060fa                HAL_GPIO_TogglePin
 *fill*         0x0800612e        0x2 
 .text.HAL_GPIO_EXTI_IRQHandler
                0x08006130       0x30 ./Drivers/STM32F4xx_HAL_Driver/Src/stm32f4xx_hal_gpio.o
                0x08006130                HAL_GPIO_EXTI_IRQHandler
 .text.HAL_I2C_Init
                0x08006160      0x288 ./Drivers/STM32F4xx_HAL_Driver/Src/stm32f4xx_hal_i2c.o
                0x08006160                HAL_I2C_Init
 .text.HAL_I2C_Master_Transmit
                0x080063e8      0x1fc ./Drivers/STM32F4xx_HAL_Driver/Src/stm32f4xx_hal_i2c.o
                0x080063e8                HAL_I2C_Master_Transmit
 .text.HAL_I2C_Master_Receive
                0x080065e4      0x464 ./Drivers/STM32F4xx_HAL_Driver/Src/stm32f4xx_hal_i2c.o
                0x080065e4                HAL_I2C_Master_Receive
 .text.I2C_MasterRequestWrite
                0x08006a48      0x104 ./Drivers/STM32F4xx_HAL_Driver/Src/stm32f4xx_hal_i2c.o
 .text.I2C_MasterRequestRead
                0x08006b4c      0x19c ./Drivers/STM32F4xx_HAL_Driver/Src/stm32f4xx_hal_i2c.o
 .text.I2C_WaitOnFlagUntilTimeout
                0x08006ce8       0xf4 ./Drivers/STM32F4xx_HAL_Driver/Src/stm32f4xx_hal_i2c.o
 .text.I2C_WaitOnMasterAddressFlagUntilTimeout
                0x08006ddc      0x140 ./Drivers/STM32F4xx_HAL_Driver/Src/stm32f4xx_hal_i2c.o
 .text.I2C_WaitOnTXEFlagUntilTimeout
                0x08006f1c       0x90 ./Drivers/STM32F4xx_HAL_Driver/Src/stm32f4xx_hal_i2c.o
 .text.I2C_WaitOnBTFFlagUntilTimeout
                0x08006fac       0x90 ./Drivers/STM32F4xx_HAL_Driver/Src/stm32f4xx_hal_i2c.o
 .text.I2C_WaitOnRXNEFlagUntilTimeout
                0x0800703c       0xba ./Drivers/STM32F4xx_HAL_Driver/Src/stm32f4xx_hal_i2c.o
 .text.I2C_IsAcknowledgeFailed
                0x080070f6       0x5e ./Drivers/STM32F4xx_HAL_Driver/Src/stm32f4xx_hal_i2c.o
 .text.HAL_RCC_OscConfig
                0x08007154      0x4f0 ./Drivers/STM32F4xx_HAL_Driver/Src/stm32f4xx_hal_rcc.o
                0x08007154                HAL_RCC_OscConfig
 .text.HAL_RCC_ClockConfig
                0x08007644      0x1cc ./Drivers/STM32F4xx_HAL_Driver/Src/stm32f4xx_hal_rcc.o
                0x08007644                HAL_RCC_ClockConfig
 .text.HAL_RCC_GetSysClockFreq
                0x08007810      0x188 ./Drivers/STM32F4xx_HAL_Driver/Src/stm32f4xx_hal_rcc.o
                0x08007810                HAL_RCC_GetSysClockFreq
 .text.HAL_RCC_GetHCLKFreq
                0x08007998       0x18 ./Drivers/STM32F4xx_HAL_Driver/Src/stm32f4xx_hal_rcc.o
                0x08007998                HAL_RCC_GetHCLKFreq
 .text.HAL_RCC_GetPCLK1Freq
                0x080079b0       0x28 ./Drivers/STM32F4xx_HAL_Driver/Src/stm32f4xx_hal_rcc.o
                0x080079b0                HAL_RCC_GetPCLK1Freq
 .text.HAL_RCC_GetPCLK2Freq
                0x080079d8       0x28 ./Drivers/STM32F4xx_HAL_Driver/Src/stm32f4xx_hal_rcc.o
                0x080079d8                HAL_RCC_GetPCLK2Freq
 .text.HAL_RCC_GetClockConfig
                0x08007a00       0x64 ./Drivers/STM32F4xx_HAL_Driver/Src/stm32f4xx_hal_rcc.o
                0x08007a00                HAL_RCC_GetClockConfig
 .text.HAL_SPI_Init
                0x08007a64      0x112 ./Drivers/STM32F4xx_HAL_Driver/Src/stm32f4xx_hal_spi.o
                0x08007a64                HAL_SPI_Init
 .text.HAL_SPI_Transmit
                0x08007b76      0x288 ./Drivers/STM32F4xx_HAL_Driver/Src/stm32f4xx_hal_spi.o
                0x08007b76                HAL_SPI_Transmit
 .text.HAL_SPI_TransmitReceive
                0x08007dfe      0x352 ./Drivers/STM32F4xx_HAL_Driver/Src/stm32f4xx_hal_spi.o
                0x08007dfe                HAL_SPI_TransmitReceive
 .text.SPI_WaitFlagStateUntilTimeout
                0x08008150      0x110 ./Drivers/STM32F4xx_HAL_Driver/Src/stm32f4xx_hal_spi.o
 .text.SPI_EndRxTxTransaction
                0x08008260       0xa8 ./Drivers/STM32F4xx_HAL_Driver/Src/stm32f4xx_hal_spi.o
 .text.HAL_TIM_Base_Init
                0x08008308       0x9e ./Drivers/STM32F4xx_HAL_Driver/Src/stm32f4xx_hal_tim.o
                0x08008308                HAL_TIM_Base_Init
 *fill*         0x080083a6        0x2 
 .text.HAL_TIM_Base_Start_IT
                0x080083a8       0xe0 ./Drivers/STM32F4xx_HAL_Driver/Src/stm32f4xx_hal_tim.o
                0x080083a8                HAL_TIM_Base_Start_IT
 .text.HAL_TIM_IRQHandler
                0x08008488      0x1e0 ./Drivers/STM32F4xx_HAL_Driver/Src/stm32f4xx_hal_tim.o
                0x08008488                HAL_TIM_IRQHandler
 .text.HAL_TIM_ConfigClockSource
                0x08008668      0x18e ./Drivers/STM32F4xx_HAL_Driver/Src/stm32f4xx_hal_tim.o
                0x08008668                HAL_TIM_ConfigClockSource
 .text.HAL_TIM_OC_DelayElapsedCallback
                0x080087f6       0x14 ./Drivers/STM32F4xx_HAL_Driver/Src/stm32f4xx_hal_tim.o
                0x080087f6                HAL_TIM_OC_DelayElapsedCallback
 .text.HAL_TIM_IC_CaptureCallback
                0x0800880a       0x14 ./Drivers/STM32F4xx_HAL_Driver/Src/stm32f4xx_hal_tim.o
                0x0800880a                HAL_TIM_IC_CaptureCallback
 .text.HAL_TIM_PWM_PulseFinishedCallback
                0x0800881e       0x14 ./Drivers/STM32F4xx_HAL_Driver/Src/stm32f4xx_hal_tim.o
                0x0800881e                HAL_TIM_PWM_PulseFinishedCallback
 .text.HAL_TIM_TriggerCallback
                0x08008832       0x14 ./Drivers/STM32F4xx_HAL_Driver/Src/stm32f4xx_hal_tim.o
                0x08008832                HAL_TIM_TriggerCallback
 *fill*         0x08008846        0x2 
 .text.TIM_Base_SetConfig
                0x08008848      0x14c ./Drivers/STM32F4xx_HAL_Driver/Src/stm32f4xx_hal_tim.o
                0x08008848                TIM_Base_SetConfig
 .text.TIM_TI1_ConfigInputStage
                0x08008994       0x5e ./Drivers/STM32F4xx_HAL_Driver/Src/stm32f4xx_hal_tim.o
 .text.TIM_TI2_ConfigInputStage
                0x080089f2       0x60 ./Drivers/STM32F4xx_HAL_Driver/Src/stm32f4xx_hal_tim.o
 .text.TIM_ITRx_SetConfig
                0x08008a52       0x36 ./Drivers/STM32F4xx_HAL_Driver/Src/stm32f4xx_hal_tim.o
 .text.TIM_ETR_SetConfig
                0x08008a88       0x40 ./Drivers/STM32F4xx_HAL_Driver/Src/stm32f4xx_hal_tim.o
                0x08008a88                TIM_ETR_SetConfig
 .text.HAL_TIMEx_MasterConfigSynchronization
                0x08008ac8       0xf8 ./Drivers/STM32F4xx_HAL_Driver/Src/stm32f4xx_hal_tim_ex.o
                0x08008ac8                HAL_TIMEx_MasterConfigSynchronization
 .text.HAL_TIMEx_CommutCallback
                0x08008bc0       0x14 ./Drivers/STM32F4xx_HAL_Driver/Src/stm32f4xx_hal_tim_ex.o
                0x08008bc0                HAL_TIMEx_CommutCallback
 .text.HAL_TIMEx_BreakCallback
                0x08008bd4       0x14 ./Drivers/STM32F4xx_HAL_Driver/Src/stm32f4xx_hal_tim_ex.o
                0x08008bd4                HAL_TIMEx_BreakCallback
 .text.HAL_UART_Init
                0x08008be8       0xa0 ./Drivers/STM32F4xx_HAL_Driver/Src/stm32f4xx_hal_uart.o
                0x08008be8                HAL_UART_Init
 .text.HAL_UART_Transmit
                0x08008c88      0x116 ./Drivers/STM32F4xx_HAL_Driver/Src/stm32f4xx_hal_uart.o
                0x08008c88                HAL_UART_Transmit
 .text.HAL_UART_Receive_IT
                0x08008d9e       0x4a ./Drivers/STM32F4xx_HAL_Driver/Src/stm32f4xx_hal_uart.o
                0x08008d9e                HAL_UART_Receive_IT
 .text.HAL_UART_DMAStop
                0x08008de8       0xfe ./Drivers/STM32F4xx_HAL_Driver/Src/stm32f4xx_hal_uart.o
                0x08008de8                HAL_UART_DMAStop
 .text.HAL_UARTEx_ReceiveToIdle_DMA
                0x08008ee6       0xb2 ./Drivers/STM32F4xx_HAL_Driver/Src/stm32f4xx_hal_uart.o
                0x08008ee6                HAL_UARTEx_ReceiveToIdle_DMA
 .text.HAL_UART_IRQHandler
                0x08008f98      0x554 ./Drivers/STM32F4xx_HAL_Driver/Src/stm32f4xx_hal_uart.o
                0x08008f98                HAL_UART_IRQHandler
 .text.HAL_UART_TxCpltCallback
                0x080094ec       0x14 ./Drivers/STM32F4xx_HAL_Driver/Src/stm32f4xx_hal_uart.o
                0x080094ec                HAL_UART_TxCpltCallback
 .text.HAL_UART_RxHalfCpltCallback
                0x08009500       0x14 ./Drivers/STM32F4xx_HAL_Driver/Src/stm32f4xx_hal_uart.o
                0x08009500                HAL_UART_RxHalfCpltCallback
 .text.HAL_UART_ErrorCallback
                0x08009514       0x14 ./Drivers/STM32F4xx_HAL_Driver/Src/stm32f4xx_hal_uart.o
                0x08009514                HAL_UART_ErrorCallback
 .text.UART_DMAReceiveCplt
                0x08009528      0x12c ./Drivers/STM32F4xx_HAL_Driver/Src/stm32f4xx_hal_uart.o
 .text.UART_DMARxHalfCplt
                0x08009654       0x3c ./Drivers/STM32F4xx_HAL_Driver/Src/stm32f4xx_hal_uart.o
 .text.UART_DMAError
                0x08009690       0x94 ./Drivers/STM32F4xx_HAL_Driver/Src/stm32f4xx_hal_uart.o
 .text.UART_WaitOnFlagUntilTimeout
                0x08009724       0xb2 ./Drivers/STM32F4xx_HAL_Driver/Src/stm32f4xx_hal_uart.o
 .text.UART_Start_Receive_IT
                0x080097d6       0x74 ./Drivers/STM32F4xx_HAL_Driver/Src/stm32f4xx_hal_uart.o
                0x080097d6                UART_Start_Receive_IT
 *fill*         0x0800984a        0x2 
 .text.UART_Start_Receive_DMA
                0x0800984c      0x14c ./Drivers/STM32F4xx_HAL_Driver/Src/stm32f4xx_hal_uart.o
                0x0800984c                UART_Start_Receive_DMA
 .text.UART_EndTxTransfer
                0x08009998       0x50 ./Drivers/STM32F4xx_HAL_Driver/Src/stm32f4xx_hal_uart.o
 .text.UART_EndRxTransfer
                0x080099e8       0xc6 ./Drivers/STM32F4xx_HAL_Driver/Src/stm32f4xx_hal_uart.o
 .text.UART_DMAAbortOnError
                0x08009aae       0x22 ./Drivers/STM32F4xx_HAL_Driver/Src/stm32f4xx_hal_uart.o
 .text.UART_Transmit_IT
                0x08009ad0       0xa0 ./Drivers/STM32F4xx_HAL_Driver/Src/stm32f4xx_hal_uart.o
 .text.UART_EndTransmit_IT
                0x08009b70       0x30 ./Drivers/STM32F4xx_HAL_Driver/Src/stm32f4xx_hal_uart.o
 .text.UART_Receive_IT
                0x08009ba0      0x17c ./Drivers/STM32F4xx_HAL_Driver/Src/stm32f4xx_hal_uart.o
 .text.UART_SetConfig
                0x08009d1c      0x4e8 ./Drivers/STM32F4xx_HAL_Driver/Src/stm32f4xx_hal_uart.o
 .text.MX_FATFS_Init
                0x0800a204       0x24 ./FATFS/App/fatfs.o
                0x0800a204                MX_FATFS_Init
 .text.MX_FATFS_DeInit
                0x0800a228       0x20 ./FATFS/App/fatfs.o
                0x0800a228                MX_FATFS_DeInit
 .text.USER_initialize
                0x0800a248       0x1c ./FATFS/Target/user_diskio.o
                0x0800a248                USER_initialize
 .text.USER_status
                0x0800a264       0x1c ./FATFS/Target/user_diskio.o
                0x0800a264                USER_status
 .text.USER_read
                0x0800a280       0x26 ./FATFS/Target/user_diskio.o
                0x0800a280                USER_read
 .text.USER_write
                0x0800a2a6       0x26 ./FATFS/Target/user_diskio.o
                0x0800a2a6                USER_write
 .text.USER_ioctl
                0x0800a2cc       0x26 ./FATFS/Target/user_diskio.o
                0x0800a2cc                USER_ioctl
 *fill*         0x0800a2f2        0x2 
 .text.SPI_Timer_On
                0x0800a2f4       0x28 ./FATFS/Target/user_diskio_spi.o
                0x0800a2f4                SPI_Timer_On
 .text.SPI_Timer_Status
                0x0800a31c       0x2c ./FATFS/Target/user_diskio_spi.o
                0x0800a31c                SPI_Timer_Status
 .text.xchg_spi
                0x0800a348       0x2c ./FATFS/Target/user_diskio_spi.o
 .text.rcvr_spi_multi
                0x0800a374       0x38 ./FATFS/Target/user_diskio_spi.o
 .text.xmit_spi_multi
                0x0800a3ac       0x28 ./FATFS/Target/user_diskio_spi.o
 .text.wait_ready
                0x0800a3d4       0x46 ./FATFS/Target/user_diskio_spi.o
 *fill*         0x0800a41a        0x2 
 .text.despiselect
                0x0800a41c       0x1c ./FATFS/Target/user_diskio_spi.o
 .text.spiselect
                0x0800a438       0x34 ./FATFS/Target/user_diskio_spi.o
 .text.rcvr_datablock
                0x0800a46c       0x52 ./FATFS/Target/user_diskio_spi.o
 .text.xmit_datablock
                0x0800a4be       0x64 ./FATFS/Target/user_diskio_spi.o
 .text.send_cmd
                0x0800a522       0xde ./FATFS/Target/user_diskio_spi.o
 .text.USER_SPI_initialize
                0x0800a600      0x1d4 ./FATFS/Target/user_diskio_spi.o
                0x0800a600                USER_SPI_initialize
 .text.USER_SPI_status
                0x0800a7d4       0x2c ./FATFS/Target/user_diskio_spi.o
                0x0800a7d4                USER_SPI_status
 .text.USER_SPI_read
                0x0800a800       0xcc ./FATFS/Target/user_diskio_spi.o
                0x0800a800                USER_SPI_read
 .text.USER_SPI_write
                0x0800a8cc       0xf8 ./FATFS/Target/user_diskio_spi.o
                0x0800a8cc                USER_SPI_write
 .text.USER_SPI_ioctl
                0x0800a9c4      0x2e0 ./FATFS/Target/user_diskio_spi.o
                0x0800a9c4                USER_SPI_ioctl
 .text.disk_status
                0x0800aca4       0x34 ./Middlewares/Third_Party/FatFs/src/diskio.o
                0x0800aca4                disk_status
 .text.disk_initialize
                0x0800acd8       0x50 ./Middlewares/Third_Party/FatFs/src/diskio.o
                0x0800acd8                disk_initialize
 .text.disk_read
                0x0800ad28       0x40 ./Middlewares/Third_Party/FatFs/src/diskio.o
                0x0800ad28                disk_read
 .text.disk_write
                0x0800ad68       0x40 ./Middlewares/Third_Party/FatFs/src/diskio.o
                0x0800ad68                disk_write
 .text.ld_word  0x0800ada8       0x32 ./Middlewares/Third_Party/FatFs/src/ff.o
 .text.ld_dword
                0x0800adda       0x46 ./Middlewares/Third_Party/FatFs/src/ff.o
 .text.lock_fs  0x0800ae20       0x2c ./Middlewares/Third_Party/FatFs/src/ff.o
 .text.unlock_fs
                0x0800ae4c       0x36 ./Middlewares/Third_Party/FatFs/src/ff.o
 *fill*         0x0800ae82        0x2 
 .text.clear_lock
                0x0800ae84       0x48 ./Middlewares/Third_Party/FatFs/src/ff.o
 .text.sync_window
                0x0800aecc       0x88 ./Middlewares/Third_Party/FatFs/src/ff.o
 .text.move_window
                0x0800af54       0x5a ./Middlewares/Third_Party/FatFs/src/ff.o
 .text.get_fat  0x0800afae      0x14e ./Middlewares/Third_Party/FatFs/src/ff.o
 .text.get_ldnumber
                0x0800b0fc       0x88 ./Middlewares/Third_Party/FatFs/src/ff.o
 .text.check_fs
                0x0800b184       0xac ./Middlewares/Third_Party/FatFs/src/ff.o
 .text.find_volume
                0x0800b230      0x4a8 ./Middlewares/Third_Party/FatFs/src/ff.o
 .text.f_mount  0x0800b6d8       0xc8 ./Middlewares/Third_Party/FatFs/src/ff.o
                0x0800b6d8                f_mount
 .text.f_getfree
                0x0800b7a0      0x178 ./Middlewares/Third_Party/FatFs/src/ff.o
                0x0800b7a0                f_getfree
 .text.FATFS_LinkDriverEx
                0x0800b918       0x98 ./Middlewares/Third_Party/FatFs/src/ff_gen_drv.o
                0x0800b918                FATFS_LinkDriverEx
 .text.FATFS_LinkDriver
                0x0800b9b0       0x1e ./Middlewares/Third_Party/FatFs/src/ff_gen_drv.o
                0x0800b9b0                FATFS_LinkDriver
 *fill*         0x0800b9ce        0x2 
 .text.FATFS_UnLinkDriverEx
                0x0800b9d0       0x70 ./Middlewares/Third_Party/FatFs/src/ff_gen_drv.o
                0x0800b9d0                FATFS_UnLinkDriverEx
 .text.FATFS_UnLinkDriver
                0x0800ba40       0x1a ./Middlewares/Third_Party/FatFs/src/ff_gen_drv.o
                0x0800ba40                FATFS_UnLinkDriver
 .text.ff_cre_syncobj
                0x0800ba5a       0x36 ./Middlewares/Third_Party/FatFs/src/option/syscall.o
                0x0800ba5a                ff_cre_syncobj
 .text.ff_del_syncobj
                0x0800ba90       0x18 ./Middlewares/Third_Party/FatFs/src/option/syscall.o
                0x0800ba90                ff_del_syncobj
 .text.ff_req_grant
                0x0800baa8       0x2a ./Middlewares/Third_Party/FatFs/src/option/syscall.o
                0x0800baa8                ff_req_grant
 .text.ff_rel_grant
                0x0800bad2       0x16 ./Middlewares/Third_Party/FatFs/src/option/syscall.o
                0x0800bad2                ff_rel_grant
 .text.__NVIC_SetPriority
                0x0800bae8       0x54 ./Middlewares/Third_Party/FreeRTOS/Source/CMSIS_RTOS_V2/cmsis_os2.o
 .text.SysTick_Handler
                0x0800bb3c       0x20 ./Middlewares/Third_Party/FreeRTOS/Source/CMSIS_RTOS_V2/cmsis_os2.o
                0x0800bb3c                SysTick_Handler
 .text.SVC_Setup
                0x0800bb5c       0x12 ./Middlewares/Third_Party/FreeRTOS/Source/CMSIS_RTOS_V2/cmsis_os2.o
 *fill*         0x0800bb6e        0x2 
 .text.osKernelInitialize
                0x0800bb70       0x48 ./Middlewares/Third_Party/FreeRTOS/Source/CMSIS_RTOS_V2/cmsis_os2.o
                0x0800bb70                osKernelInitialize
 .text.osKernelStart
                0x0800bbb8       0x4c ./Middlewares/Third_Party/FreeRTOS/Source/CMSIS_RTOS_V2/cmsis_os2.o
                0x0800bbb8                osKernelStart
 .text.osThreadNew
                0x0800bc04      0x124 ./Middlewares/Third_Party/FreeRTOS/Source/CMSIS_RTOS_V2/cmsis_os2.o
                0x0800bc04                osThreadNew
 .text.osDelay  0x0800bd28       0x36 ./Middlewares/Third_Party/FreeRTOS/Source/CMSIS_RTOS_V2/cmsis_os2.o
                0x0800bd28                osDelay
 .text.osSemaphoreNew
                0x0800bd5e      0x112 ./Middlewares/Third_Party/FreeRTOS/Source/CMSIS_RTOS_V2/cmsis_os2.o
                0x0800bd5e                osSemaphoreNew
 .text.osSemaphoreAcquire
                0x0800be70       0xa4 ./Middlewares/Third_Party/FreeRTOS/Source/CMSIS_RTOS_V2/cmsis_os2.o
                0x0800be70                osSemaphoreAcquire
 .text.osSemaphoreRelease
                0x0800bf14       0x88 ./Middlewares/Third_Party/FreeRTOS/Source/CMSIS_RTOS_V2/cmsis_os2.o
                0x0800bf14                osSemaphoreRelease
 .text.osSemaphoreDelete
                0x0800bf9c       0x48 ./Middlewares/Third_Party/FreeRTOS/Source/CMSIS_RTOS_V2/cmsis_os2.o
                0x0800bf9c                osSemaphoreDelete
 .text.vApplicationGetIdleTaskMemory
                0x0800bfe4       0x34 ./Middlewares/Third_Party/FreeRTOS/Source/CMSIS_RTOS_V2/cmsis_os2.o
                0x0800bfe4                vApplicationGetIdleTaskMemory
 .text.vApplicationGetTimerTaskMemory
                0x0800c018       0x34 ./Middlewares/Third_Party/FreeRTOS/Source/CMSIS_RTOS_V2/cmsis_os2.o
                0x0800c018                vApplicationGetTimerTaskMemory
 .text.vListInitialise
                0x0800c04c       0x40 ./Middlewares/Third_Party/FreeRTOS/Source/list.o
                0x0800c04c                vListInitialise
 .text.vListInitialiseItem
                0x0800c08c       0x1a ./Middlewares/Third_Party/FreeRTOS/Source/list.o
                0x0800c08c                vListInitialiseItem
 .text.vListInsertEnd
                0x0800c0a6       0x48 ./Middlewares/Third_Party/FreeRTOS/Source/list.o
                0x0800c0a6                vListInsertEnd
 .text.vListInsert
                0x0800c0ee       0x72 ./Middlewares/Third_Party/FreeRTOS/Source/list.o
                0x0800c0ee                vListInsert
 .text.uxListRemove
                0x0800c160       0x54 ./Middlewares/Third_Party/FreeRTOS/Source/list.o
                0x0800c160                uxListRemove
 .text.xQueueGenericReset
                0x0800c1b4       0xd4 ./Middlewares/Third_Party/FreeRTOS/Source/queue.o
                0x0800c1b4                xQueueGenericReset
 .text.xQueueGenericCreateStatic
                0x0800c288       0xfa ./Middlewares/Third_Party/FreeRTOS/Source/queue.o
                0x0800c288                xQueueGenericCreateStatic
 .text.xQueueGenericCreate
                0x0800c382       0x76 ./Middlewares/Third_Party/FreeRTOS/Source/queue.o
                0x0800c382                xQueueGenericCreate
 .text.prvInitialiseNewQueue
                0x0800c3f8       0x46 ./Middlewares/Third_Party/FreeRTOS/Source/queue.o
 .text.xQueueCreateCountingSemaphoreStatic
                0x0800c43e       0x72 ./Middlewares/Third_Party/FreeRTOS/Source/queue.o
                0x0800c43e                xQueueCreateCountingSemaphoreStatic
 .text.xQueueCreateCountingSemaphore
                0x0800c4b0       0x6a ./Middlewares/Third_Party/FreeRTOS/Source/queue.o
                0x0800c4b0                xQueueCreateCountingSemaphore
 *fill*         0x0800c51a        0x2 
 .text.xQueueGenericSend
                0x0800c51c      0x204 ./Middlewares/Third_Party/FreeRTOS/Source/queue.o
                0x0800c51c                xQueueGenericSend
 .text.xQueueGenericSendFromISR
                0x0800c720      0x13c ./Middlewares/Third_Party/FreeRTOS/Source/queue.o
                0x0800c720                xQueueGenericSendFromISR
 .text.xQueueGiveFromISR
                0x0800c85c      0x120 ./Middlewares/Third_Party/FreeRTOS/Source/queue.o
                0x0800c85c                xQueueGiveFromISR
 .text.xQueueReceive
                0x0800c97c      0x1c4 ./Middlewares/Third_Party/FreeRTOS/Source/queue.o
                0x0800c97c                xQueueReceive
 .text.xQueueSemaphoreTake
                0x0800cb40      0x220 ./Middlewares/Third_Party/FreeRTOS/Source/queue.o
                0x0800cb40                xQueueSemaphoreTake
 .text.xQueueReceiveFromISR
                0x0800cd60      0x104 ./Middlewares/Third_Party/FreeRTOS/Source/queue.o
                0x0800cd60                xQueueReceiveFromISR
 .text.vQueueDelete
                0x0800ce64       0x48 ./Middlewares/Third_Party/FreeRTOS/Source/queue.o
                0x0800ce64                vQueueDelete
 .text.prvGetDisinheritPriorityAfterTimeout
                0x0800ceac       0x30 ./Middlewares/Third_Party/FreeRTOS/Source/queue.o
 .text.prvCopyDataToQueue
                0x0800cedc       0xd4 ./Middlewares/Third_Party/FreeRTOS/Source/queue.o
 .text.prvCopyDataFromQueue
                0x0800cfb0       0x4c ./Middlewares/Third_Party/FreeRTOS/Source/queue.o
 .text.prvUnlockQueue
                0x0800cffc       0xa4 ./Middlewares/Third_Party/FreeRTOS/Source/queue.o
 .text.prvIsQueueEmpty
                0x0800d0a0       0x2c ./Middlewares/Third_Party/FreeRTOS/Source/queue.o
 .text.prvIsQueueFull
                0x0800d0cc       0x30 ./Middlewares/Third_Party/FreeRTOS/Source/queue.o
 .text.vQueueAddToRegistry
                0x0800d0fc       0x54 ./Middlewares/Third_Party/FreeRTOS/Source/queue.o
                0x0800d0fc                vQueueAddToRegistry
 .text.vQueueUnregisterQueue
                0x0800d150       0x54 ./Middlewares/Third_Party/FreeRTOS/Source/queue.o
                0x0800d150                vQueueUnregisterQueue
 .text.vQueueWaitForMessageRestricted
                0x0800d1a4       0x68 ./Middlewares/Third_Party/FreeRTOS/Source/queue.o
                0x0800d1a4                vQueueWaitForMessageRestricted
 .text.xTaskCreateStatic
                0x0800d20c       0xc0 ./Middlewares/Third_Party/FreeRTOS/Source/tasks.o
                0x0800d20c                xTaskCreateStatic
 .text.xTaskCreate
                0x0800d2cc       0x8a ./Middlewares/Third_Party/FreeRTOS/Source/tasks.o
                0x0800d2cc                xTaskCreate
 .text.prvInitialiseNewTask
                0x0800d356      0x12c ./Middlewares/Third_Party/FreeRTOS/Source/tasks.o
 *fill*         0x0800d482        0x2 
 .text.prvAddNewTaskToReadyList
                0x0800d484       0xe0 ./Middlewares/Third_Party/FreeRTOS/Source/tasks.o
 .text.vTaskDelay
                0x0800d564       0x6c ./Middlewares/Third_Party/FreeRTOS/Source/tasks.o
                0x0800d564                vTaskDelay
 .text.vTaskStartScheduler
                0x0800d5d0       0xd4 ./Middlewares/Third_Party/FreeRTOS/Source/tasks.o
                0x0800d5d0                vTaskStartScheduler
 .text.vTaskSuspendAll
                0x0800d6a4       0x1c ./Middlewares/Third_Party/FreeRTOS/Source/tasks.o
                0x0800d6a4                vTaskSuspendAll
 .text.xTaskResumeAll
                0x0800d6c0      0x13c ./Middlewares/Third_Party/FreeRTOS/Source/tasks.o
                0x0800d6c0                xTaskResumeAll
 .text.xTaskGetTickCount
                0x0800d7fc       0x20 ./Middlewares/Third_Party/FreeRTOS/Source/tasks.o
                0x0800d7fc                xTaskGetTickCount
 .text.xTaskIncrementTick
                0x0800d81c      0x174 ./Middlewares/Third_Party/FreeRTOS/Source/tasks.o
                0x0800d81c                xTaskIncrementTick
 .text.vTaskSwitchContext
                0x0800d990       0xf4 ./Middlewares/Third_Party/FreeRTOS/Source/tasks.o
                0x0800d990                vTaskSwitchContext
 .text.vTaskPlaceOnEventList
                0x0800da84       0x4c ./Middlewares/Third_Party/FreeRTOS/Source/tasks.o
                0x0800da84                vTaskPlaceOnEventList
 .text.vTaskPlaceOnEventListRestricted
                0x0800dad0       0x58 ./Middlewares/Third_Party/FreeRTOS/Source/tasks.o
                0x0800dad0                vTaskPlaceOnEventListRestricted
 .text.xTaskRemoveFromEventList
                0x0800db28       0xc8 ./Middlewares/Third_Party/FreeRTOS/Source/tasks.o
                0x0800db28                xTaskRemoveFromEventList
 .text.vTaskInternalSetTimeOutState
                0x0800dbf0       0x2c ./Middlewares/Third_Party/FreeRTOS/Source/tasks.o
                0x0800dbf0                vTaskInternalSetTimeOutState
 .text.xTaskCheckForTimeOut
                0x0800dc1c       0xc8 ./Middlewares/Third_Party/FreeRTOS/Source/tasks.o
                0x0800dc1c                xTaskCheckForTimeOut
 .text.vTaskMissedYield
                0x0800dce4       0x18 ./Middlewares/Third_Party/FreeRTOS/Source/tasks.o
                0x0800dce4                vTaskMissedYield
 .text.prvIdleTask
                0x0800dcfc       0x30 ./Middlewares/Third_Party/FreeRTOS/Source/tasks.o
 .text.prvInitialiseTaskLists
                0x0800dd2c       0x80 ./Middlewares/Third_Party/FreeRTOS/Source/tasks.o
 .text.prvCheckTasksWaitingTermination
                0x0800ddac       0x5c ./Middlewares/Third_Party/FreeRTOS/Source/tasks.o
 .text.prvDeleteTCB
                0x0800de08       0x60 ./Middlewares/Third_Party/FreeRTOS/Source/tasks.o
 .text.prvResetNextTaskUnblockTime
                0x0800de68       0x40 ./Middlewares/Third_Party/FreeRTOS/Source/tasks.o
 .text.xTaskGetSchedulerState
                0x0800dea8       0x3c ./Middlewares/Third_Party/FreeRTOS/Source/tasks.o
                0x0800dea8                xTaskGetSchedulerState
 .text.xTaskPriorityInherit
                0x0800dee4       0xd0 ./Middlewares/Third_Party/FreeRTOS/Source/tasks.o
                0x0800dee4                xTaskPriorityInherit
 .text.xTaskPriorityDisinherit
                0x0800dfb4       0xe0 ./Middlewares/Third_Party/FreeRTOS/Source/tasks.o
                0x0800dfb4                xTaskPriorityDisinherit
 .text.vTaskPriorityDisinheritAfterTimeout
                0x0800e094      0x108 ./Middlewares/Third_Party/FreeRTOS/Source/tasks.o
                0x0800e094                vTaskPriorityDisinheritAfterTimeout
 .text.pvTaskIncrementMutexHeldCount
                0x0800e19c       0x28 ./Middlewares/Third_Party/FreeRTOS/Source/tasks.o
                0x0800e19c                pvTaskIncrementMutexHeldCount
 .text.prvAddCurrentTaskToDelayedList
                0x0800e1c4       0xa8 ./Middlewares/Third_Party/FreeRTOS/Source/tasks.o
 .text.xTimerCreateTimerTask
                0x0800e26c       0x94 ./Middlewares/Third_Party/FreeRTOS/Source/timers.o
                0x0800e26c                xTimerCreateTimerTask
 .text.xTimerGenericCommand
                0x0800e300       0x9c ./Middlewares/Third_Party/FreeRTOS/Source/timers.o
                0x0800e300                xTimerGenericCommand
 .text.prvProcessExpiredTimer
                0x0800e39c       0x9c ./Middlewares/Third_Party/FreeRTOS/Source/timers.o
 .text.prvTimerTask
                0x0800e438       0x26 ./Middlewares/Third_Party/FreeRTOS/Source/timers.o
 *fill*         0x0800e45e        0x2 
 .text.prvProcessTimerOrBlockTask
                0x0800e460       0x9c ./Middlewares/Third_Party/FreeRTOS/Source/timers.o
 .text.prvGetNextExpireTime
                0x0800e4fc       0x48 ./Middlewares/Third_Party/FreeRTOS/Source/timers.o
 .text.prvSampleTimeNow
                0x0800e544       0x40 ./Middlewares/Third_Party/FreeRTOS/Source/timers.o
 .text.prvInsertTimerInActiveList
                0x0800e584       0x84 ./Middlewares/Third_Party/FreeRTOS/Source/timers.o
 .text.prvProcessReceivedCommands
                0x0800e608      0x1cc ./Middlewares/Third_Party/FreeRTOS/Source/timers.o
 .text.prvSwitchTimerLists
                0x0800e7d4       0xcc ./Middlewares/Third_Party/FreeRTOS/Source/timers.o
 .text.prvCheckForValidListAndQueue
                0x0800e8a0       0x80 ./Middlewares/Third_Party/FreeRTOS/Source/timers.o
 .text.pxPortInitialiseStack
                0x0800e920       0x68 ./Middlewares/Third_Party/FreeRTOS/Source/portable/GCC/ARM_CM4F/port.o
                0x0800e920                pxPortInitialiseStack
 .text.prvTaskExitError
                0x0800e988       0x5c ./Middlewares/Third_Party/FreeRTOS/Source/portable/GCC/ARM_CM4F/port.o
 *fill*         0x0800e9e4        0xc 
 .text.SVC_Handler
                0x0800e9f0       0x28 ./Middlewares/Third_Party/FreeRTOS/Source/portable/GCC/ARM_CM4F/port.o
                0x0800e9f0                SVC_Handler
 .text.prvPortStartFirstTask
                0x0800ea18       0x28 ./Middlewares/Third_Party/FreeRTOS/Source/portable/GCC/ARM_CM4F/port.o
 .text.xPortStartScheduler
                0x0800ea40      0x148 ./Middlewares/Third_Party/FreeRTOS/Source/portable/GCC/ARM_CM4F/port.o
                0x0800ea40                xPortStartScheduler
 .text.vPortEnterCritical
                0x0800eb88       0x64 ./Middlewares/Third_Party/FreeRTOS/Source/portable/GCC/ARM_CM4F/port.o
                0x0800eb88                vPortEnterCritical
 .text.vPortExitCritical
                0x0800ebec       0x54 ./Middlewares/Third_Party/FreeRTOS/Source/portable/GCC/ARM_CM4F/port.o
                0x0800ebec                vPortExitCritical
 .text.PendSV_Handler
                0x0800ec40       0x68 ./Middlewares/Third_Party/FreeRTOS/Source/portable/GCC/ARM_CM4F/port.o
                0x0800ec40                PendSV_Handler
 .text.xPortSysTickHandler
                0x0800eca8       0x44 ./Middlewares/Third_Party/FreeRTOS/Source/portable/GCC/ARM_CM4F/port.o
                0x0800eca8                xPortSysTickHandler
 .text.vPortSetupTimerInterrupt
                0x0800ecec       0x48 ./Middlewares/Third_Party/FreeRTOS/Source/portable/GCC/ARM_CM4F/port.o
                0x0800ecec                vPortSetupTimerInterrupt
 .text.vPortEnableVFP
                0x0800ed34       0x14 ./Middlewares/Third_Party/FreeRTOS/Source/portable/GCC/ARM_CM4F/port.o
 .text.vPortValidateInterruptPriority
                0x0800ed48       0x84 ./Middlewares/Third_Party/FreeRTOS/Source/portable/GCC/ARM_CM4F/port.o
                0x0800ed48                vPortValidateInterruptPriority
 .text.pvPortMalloc
                0x0800edcc      0x19c ./Middlewares/Third_Party/FreeRTOS/Source/portable/MemMang/heap_4.o
                0x0800edcc                pvPortMalloc
 .text.vPortFree
                0x0800ef68       0xc8 ./Middlewares/Third_Party/FreeRTOS/Source/portable/MemMang/heap_4.o
                0x0800ef68                vPortFree
 .text.prvHeapInit
                0x0800f030       0xc4 ./Middlewares/Third_Party/FreeRTOS/Source/portable/MemMang/heap_4.o
 .text.prvInsertBlockIntoFreeList
                0x0800f0f4       0xb4 ./Middlewares/Third_Party/FreeRTOS/Source/portable/MemMang/heap_4.o
 .text.__cvt    0x0800f1a8       0xca D:/STM32CubeIDE_1.17.0/STM32CubeIDE/plugins/com.st.stm32cube.ide.mcu.externaltools.gnu-tools-for-stm32.14.3.rel1.win32_1.0.100.202602081740/tools/bin/../lib/gcc/arm-none-eabi/14.3.1/../../../../arm-none-eabi/lib/thumb/v7e-m+fp/hard\libc_nano.a(libc_a-nano-vfprintf_float.o)
                0x0800f1a8                __cvt
 .text.__exponent
                0x0800f272       0x74 D:/STM32CubeIDE_1.17.0/STM32CubeIDE/plugins/com.st.stm32cube.ide.mcu.externaltools.gnu-tools-for-stm32.14.3.rel1.win32_1.0.100.202602081740/tools/bin/../lib/gcc/arm-none-eabi/14.3.1/../../../../arm-none-eabi/lib/thumb/v7e-m+fp/hard\libc_nano.a(libc_a-nano-vfprintf_float.o)
                0x0800f272                __exponent
 *fill*         0x0800f2e6        0x2 
 .text._printf_float
                0x0800f2e8      0x450 D:/STM32CubeIDE_1.17.0/STM32CubeIDE/plugins/com.st.stm32cube.ide.mcu.externaltools.gnu-tools-for-stm32.14.3.rel1.win32_1.0.100.202602081740/tools/bin/../lib/gcc/arm-none-eabi/14.3.1/../../../../arm-none-eabi/lib/thumb/v7e-m+fp/hard\libc_nano.a(libc_a-nano-vfprintf_float.o)
                0x0800f2e8                _printf_float
 .text._printf_common
                0x0800f738       0xda D:/STM32CubeIDE_1.17.0/STM32CubeIDE/plugins/com.st.stm32cube.ide.mcu.externaltools.gnu-tools-for-stm32.14.3.rel1.win32_1.0.100.202602081740/tools/bin/../lib/gcc/arm-none-eabi/14.3.1/../../../../arm-none-eabi/lib/thumb/v7e-m+fp/hard\libc_nano.a(libc_a-nano-vfprintf_i.o)
                0x0800f738                _printf_common
 *fill*         0x0800f812        0x2 
 .text._printf_i
                0x0800f814      0x24c D:/STM32CubeIDE_1.17.0/STM32CubeIDE/plugins/com.st.stm32cube.ide.mcu.externaltools.gnu-tools-for-stm32.14.3.rel1.win32_1.0.100.202602081740/tools/bin/../lib/gcc/arm-none-eabi/14.3.1/../../../../arm-none-eabi/lib/thumb/v7e-m+fp/hard\libc_nano.a(libc_a-nano-vfprintf_i.o)
                0x0800f814                _printf_i
 .text._scanf_float
                0x0800fa60      0x418 D:/STM32CubeIDE_1.17.0/STM32CubeIDE/plugins/com.st.stm32cube.ide.mcu.externaltools.gnu-tools-for-stm32.14.3.rel1.win32_1.0.100.202602081740/tools/bin/../lib/gcc/arm-none-eabi/14.3.1/../../../../arm-none-eabi/lib/thumb/v7e-m+fp/hard\libc_nano.a(libc_a-nano-vfscanf_float.o)
                0x0800fa60                _scanf_float
 .text.std      0x0800fe78       0x6c D:/STM32CubeIDE_1.17.0/STM32CubeIDE/plugins/com.st.stm32cube.ide.mcu.externaltools.gnu-tools-for-stm32.14.3.rel1.win32_1.0.100.202602081740/tools/bin/../lib/gcc/arm-none-eabi/14.3.1/../../../../arm-none-eabi/lib/thumb/v7e-m+fp/hard\libc_nano.a(libc_a-findfp.o)
 .text.stdio_exit_handler
                0x0800fee4       0x18 D:/STM32CubeIDE_1.17.0/STM32CubeIDE/plugins/com.st.stm32cube.ide.mcu.externaltools.gnu-tools-for-stm32.14.3.rel1.win32_1.0.100.202602081740/tools/bin/../lib/gcc/arm-none-eabi/14.3.1/../../../../arm-none-eabi/lib/thumb/v7e-m+fp/hard\libc_nano.a(libc_a-findfp.o)
 .text.cleanup_stdio
                0x0800fefc       0x40 D:/STM32CubeIDE_1.17.0/STM32CubeIDE/plugins/com.st.stm32cube.ide.mcu.externaltools.gnu-tools-for-stm32.14.3.rel1.win32_1.0.100.202602081740/tools/bin/../lib/gcc/arm-none-eabi/14.3.1/../../../../arm-none-eabi/lib/thumb/v7e-m+fp/hard\libc_nano.a(libc_a-findfp.o)
 .text.global_stdio_init.part.0
                0x0800ff3c       0x40 D:/STM32CubeIDE_1.17.0/STM32CubeIDE/plugins/com.st.stm32cube.ide.mcu.externaltools.gnu-tools-for-stm32.14.3.rel1.win32_1.0.100.202602081740/tools/bin/../lib/gcc/arm-none-eabi/14.3.1/../../../../arm-none-eabi/lib/thumb/v7e-m+fp/hard\libc_nano.a(libc_a-findfp.o)
 .text.__sfp_lock_acquire
                0x0800ff7c        0xc D:/STM32CubeIDE_1.17.0/STM32CubeIDE/plugins/com.st.stm32cube.ide.mcu.externaltools.gnu-tools-for-stm32.14.3.rel1.win32_1.0.100.202602081740/tools/bin/../lib/gcc/arm-none-eabi/14.3.1/../../../../arm-none-eabi/lib/thumb/v7e-m+fp/hard\libc_nano.a(libc_a-findfp.o)
                0x0800ff7c                __sfp_lock_acquire
 .text.__sfp_lock_release
                0x0800ff88        0xc D:/STM32CubeIDE_1.17.0/STM32CubeIDE/plugins/com.st.stm32cube.ide.mcu.externaltools.gnu-tools-for-stm32.14.3.rel1.win32_1.0.100.202602081740/tools/bin/../lib/gcc/arm-none-eabi/14.3.1/../../../../arm-none-eabi/lib/thumb/v7e-m+fp/hard\libc_nano.a(libc_a-findfp.o)
                0x0800ff88                __sfp_lock_release
 .text.__sinit  0x0800ff94       0x30 D:/STM32CubeIDE_1.17.0/STM32CubeIDE/plugins/com.st.stm32cube.ide.mcu.externaltools.gnu-tools-for-stm32.14.3.rel1.win32_1.0.100.202602081740/tools/bin/../lib/gcc/arm-none-eabi/14.3.1/../../../../arm-none-eabi/lib/thumb/v7e-m+fp/hard\libc_nano.a(libc_a-findfp.o)
                0x0800ff94                __sinit
 .text._fwalk_sglue
                0x0800ffc4       0x3c D:/STM32CubeIDE_1.17.0/STM32CubeIDE/plugins/com.st.stm32cube.ide.mcu.externaltools.gnu-tools-for-stm32.14.3.rel1.win32_1.0.100.202602081740/tools/bin/../lib/gcc/arm-none-eabi/14.3.1/../../../../arm-none-eabi/lib/thumb/v7e-m+fp/hard\libc_nano.a(libc_a-fwalk.o)
                0x0800ffc4                _fwalk_sglue
 .text.printf   0x08010000       0x24 D:/STM32CubeIDE_1.17.0/STM32CubeIDE/plugins/com.st.stm32cube.ide.mcu.externaltools.gnu-tools-for-stm32.14.3.rel1.win32_1.0.100.202602081740/tools/bin/../lib/gcc/arm-none-eabi/14.3.1/../../../../arm-none-eabi/lib/thumb/v7e-m+fp/hard\libc_nano.a(libc_a-printf.o)
                0x08010000                iprintf
                0x08010000                printf
 .text._puts_r  0x08010024       0xaa D:/STM32CubeIDE_1.17.0/STM32CubeIDE/plugins/com.st.stm32cube.ide.mcu.externaltools.gnu-tools-for-stm32.14.3.rel1.win32_1.0.100.202602081740/tools/bin/../lib/gcc/arm-none-eabi/14.3.1/../../../../arm-none-eabi/lib/thumb/v7e-m+fp/hard\libc_nano.a(libc_a-puts.o)
                0x08010024                _puts_r
 *fill*         0x080100ce        0x2 
 .text.puts     0x080100d0       0x10 D:/STM32CubeIDE_1.17.0/STM32CubeIDE/plugins/com.st.stm32cube.ide.mcu.externaltools.gnu-tools-for-stm32.14.3.rel1.win32_1.0.100.202602081740/tools/bin/../lib/gcc/arm-none-eabi/14.3.1/../../../../arm-none-eabi/lib/thumb/v7e-m+fp/hard\libc_nano.a(libc_a-puts.o)
                0x080100d0                puts
 .text.sprintf  0x080100e0       0x44 D:/STM32CubeIDE_1.17.0/STM32CubeIDE/plugins/com.st.stm32cube.ide.mcu.externaltools.gnu-tools-for-stm32.14.3.rel1.win32_1.0.100.202602081740/tools/bin/../lib/gcc/arm-none-eabi/14.3.1/../../../../arm-none-eabi/lib/thumb/v7e-m+fp/hard\libc_nano.a(libc_a-sprintf.o)
                0x080100e0                siprintf
                0x080100e0                sprintf
 .text.sscanf   0x08010124       0x58 D:/STM32CubeIDE_1.17.0/STM32CubeIDE/plugins/com.st.stm32cube.ide.mcu.externaltools.gnu-tools-for-stm32.14.3.rel1.win32_1.0.100.202602081740/tools/bin/../lib/gcc/arm-none-eabi/14.3.1/../../../../arm-none-eabi/lib/thumb/v7e-m+fp/hard\libc_nano.a(libc_a-sscanf.o)
                0x08010124                siscanf
                0x08010124                sscanf
 .text.__sread  0x0801017c       0x22 D:/STM32CubeIDE_1.17.0/STM32CubeIDE/plugins/com.st.stm32cube.ide.mcu.externaltools.gnu-tools-for-stm32.14.3.rel1.win32_1.0.100.202602081740/tools/bin/../lib/gcc/arm-none-eabi/14.3.1/../../../../arm-none-eabi/lib/thumb/v7e-m+fp/hard\libc_nano.a(libc_a-stdio.o)
                0x0801017c                __sread
 .text.__seofread
                0x0801019e        0x4 D:/STM32CubeIDE_1.17.0/STM32CubeIDE/plugins/com.st.stm32cube.ide.mcu.externaltools.gnu-tools-for-stm32.14.3.rel1.win32_1.0.100.202602081740/tools/bin/../lib/gcc/arm-none-eabi/14.3.1/../../../../arm-none-eabi/lib/thumb/v7e-m+fp/hard\libc_nano.a(libc_a-stdio.o)
                0x0801019e                __seofread
 .text.__swrite
                0x080101a2       0x38 D:/STM32CubeIDE_1.17.0/STM32CubeIDE/plugins/com.st.stm32cube.ide.mcu.externaltools.gnu-tools-for-stm32.14.3.rel1.win32_1.0.100.202602081740/tools/bin/../lib/gcc/arm-none-eabi/14.3.1/../../../../arm-none-eabi/lib/thumb/v7e-m+fp/hard\libc_nano.a(libc_a-stdio.o)
                0x080101a2                __swrite
 .text.__sseek  0x080101da       0x26 D:/STM32CubeIDE_1.17.0/STM32CubeIDE/plugins/com.st.stm32cube.ide.mcu.externaltools.gnu-tools-for-stm32.14.3.rel1.win32_1.0.100.202602081740/tools/bin/../lib/gcc/arm-none-eabi/14.3.1/../../../../arm-none-eabi/lib/thumb/v7e-m+fp/hard\libc_nano.a(libc_a-stdio.o)
                0x080101da                __sseek
 .text.__sclose
                0x08010200        0x8 D:/STM32CubeIDE_1.17.0/STM32CubeIDE/plugins/com.st.stm32cube.ide.mcu.externaltools.gnu-tools-for-stm32.14.3.rel1.win32_1.0.100.202602081740/tools/bin/../lib/gcc/arm-none-eabi/14.3.1/../../../../arm-none-eabi/lib/thumb/v7e-m+fp/hard\libc_nano.a(libc_a-stdio.o)
                0x08010200                __sclose
 .text.__swbuf_r
                0x08010208       0x7c D:/STM32CubeIDE_1.17.0/STM32CubeIDE/plugins/com.st.stm32cube.ide.mcu.externaltools.gnu-tools-for-stm32.14.3.rel1.win32_1.0.100.202602081740/tools/bin/../lib/gcc/arm-none-eabi/14.3.1/../../../../arm-none-eabi/lib/thumb/v7e-m+fp/hard\libc_nano.a(libc_a-wbuf.o)
                0x08010208                __swbuf_r
 .text.__swsetup_r
                0x08010284       0xa8 D:/STM32CubeIDE_1.17.0/STM32CubeIDE/plugins/com.st.stm32cube.ide.mcu.externaltools.gnu-tools-for-stm32.14.3.rel1.win32_1.0.100.202602081740/tools/bin/../lib/gcc/arm-none-eabi/14.3.1/../../../../arm-none-eabi/lib/thumb/v7e-m+fp/hard\libc_nano.a(libc_a-wsetup.o)
                0x08010284                __swsetup_r
 .text.memset   0x0801032c       0x10 D:/STM32CubeIDE_1.17.0/STM32CubeIDE/plugins/com.st.stm32cube.ide.mcu.externaltools.gnu-tools-for-stm32.14.3.rel1.win32_1.0.100.202602081740/tools/bin/../lib/gcc/arm-none-eabi/14.3.1/../../../../arm-none-eabi/lib/thumb/v7e-m+fp/hard\libc_nano.a(libc_a-memset.o)
                0x0801032c                memset
 .text.strncmp  0x0801033c       0x24 D:/STM32CubeIDE_1.17.0/STM32CubeIDE/plugins/com.st.stm32cube.ide.mcu.externaltools.gnu-tools-for-stm32.14.3.rel1.win32_1.0.100.202602081740/tools/bin/../lib/gcc/arm-none-eabi/14.3.1/../../../../arm-none-eabi/lib/thumb/v7e-m+fp/hard\libc_nano.a(libc_a-strncmp.o)
                0x0801033c                strncmp
 .text.strstr   0x08010360       0x2c D:/STM32CubeIDE_1.17.0/STM32CubeIDE/plugins/com.st.stm32cube.ide.mcu.externaltools.gnu-tools-for-stm32.14.3.rel1.win32_1.0.100.202602081740/tools/bin/../lib/gcc/arm-none-eabi/14.3.1/../../../../arm-none-eabi/lib/thumb/v7e-m+fp/hard\libc_nano.a(libc_a-strstr.o)
                0x08010360                strstr
 .text._localeconv_r
                0x0801038c        0x8 D:/STM32CubeIDE_1.17.0/STM32CubeIDE/plugins/com.st.stm32cube.ide.mcu.externaltools.gnu-tools-for-stm32.14.3.rel1.win32_1.0.100.202602081740/tools/bin/../lib/gcc/arm-none-eabi/14.3.1/../../../../arm-none-eabi/lib/thumb/v7e-m+fp/hard\libc_nano.a(libc_a-localeconv.o)
                0x0801038c                _localeconv_r
 .text._close_r
                0x08010394       0x20 D:/STM32CubeIDE_1.17.0/STM32CubeIDE/plugins/com.st.stm32cube.ide.mcu.externaltools.gnu-tools-for-stm32.14.3.rel1.win32_1.0.100.202602081740/tools/bin/../lib/gcc/arm-none-eabi/14.3.1/../../../../arm-none-eabi/lib/thumb/v7e-m+fp/hard\libc_nano.a(libc_a-closer.o)
                0x08010394                _close_r
 .text._lseek_r
                0x080103b4       0x24 D:/STM32CubeIDE_1.17.0/STM32CubeIDE/plugins/com.st.stm32cube.ide.mcu.externaltools.gnu-tools-for-stm32.14.3.rel1.win32_1.0.100.202602081740/tools/bin/../lib/gcc/arm-none-eabi/14.3.1/../../../../arm-none-eabi/lib/thumb/v7e-m+fp/hard\libc_nano.a(libc_a-lseekr.o)
                0x080103b4                _lseek_r
 .text._read_r  0x080103d8       0x24 D:/STM32CubeIDE_1.17.0/STM32CubeIDE/plugins/com.st.stm32cube.ide.mcu.externaltools.gnu-tools-for-stm32.14.3.rel1.win32_1.0.100.202602081740/tools/bin/../lib/gcc/arm-none-eabi/14.3.1/../../../../arm-none-eabi/lib/thumb/v7e-m+fp/hard\libc_nano.a(libc_a-readr.o)
                0x080103d8                _read_r
 .text._write_r
                0x080103fc       0x24 D:/STM32CubeIDE_1.17.0/STM32CubeIDE/plugins/com.st.stm32cube.ide.mcu.externaltools.gnu-tools-for-stm32.14.3.rel1.win32_1.0.100.202602081740/tools/bin/../lib/gcc/arm-none-eabi/14.3.1/../../../../arm-none-eabi/lib/thumb/v7e-m+fp/hard\libc_nano.a(libc_a-writer.o)
                0x080103fc                _write_r
 .text.__errno  0x08010420        0xc D:/STM32CubeIDE_1.17.0/STM32CubeIDE/plugins/com.st.stm32cube.ide.mcu.externaltools.gnu-tools-for-stm32.14.3.rel1.win32_1.0.100.202602081740/tools/bin/../lib/gcc/arm-none-eabi/14.3.1/../../../../arm-none-eabi/lib/thumb/v7e-m+fp/hard\libc_nano.a(libc_a-errno.o)
                0x08010420                __errno
 .text.__libc_init_array
                0x0801042c       0x48 D:/STM32CubeIDE_1.17.0/STM32CubeIDE/plugins/com.st.stm32cube.ide.mcu.externaltools.gnu-tools-for-stm32.14.3.rel1.win32_1.0.100.202602081740/tools/bin/../lib/gcc/arm-none-eabi/14.3.1/../../../../arm-none-eabi/lib/thumb/v7e-m+fp/hard\libc_nano.a(libc_a-init.o)
                0x0801042c                __libc_init_array
 .text.__retarget_lock_init_recursive
                0x08010474        0x2 D:/STM32CubeIDE_1.17.0/STM32CubeIDE/plugins/com.st.stm32cube.ide.mcu.externaltools.gnu-tools-for-stm32.14.3.rel1.win32_1.0.100.202602081740/tools/bin/../lib/gcc/arm-none-eabi/14.3.1/../../../../arm-none-eabi/lib/thumb/v7e-m+fp/hard\libc_nano.a(libc_a-lock.o)
                0x08010474                __retarget_lock_init_recursive
 .text.__retarget_lock_acquire_recursive
                0x08010476        0x2 D:/STM32CubeIDE_1.17.0/STM32CubeIDE/plugins/com.st.stm32cube.ide.mcu.externaltools.gnu-tools-for-stm32.14.3.rel1.win32_1.0.100.202602081740/tools/bin/../lib/gcc/arm-none-eabi/14.3.1/../../../../arm-none-eabi/lib/thumb/v7e-m+fp/hard\libc_nano.a(libc_a-lock.o)
                0x08010476                __retarget_lock_acquire_recursive
 .text.__retarget_lock_release_recursive
                0x08010478        0x2 D:/STM32CubeIDE_1.17.0/STM32CubeIDE/plugins/com.st.stm32cube.ide.mcu.externaltools.gnu-tools-for-stm32.14.3.rel1.win32_1.0.100.202602081740/tools/bin/../lib/gcc/arm-none-eabi/14.3.1/../../../../arm-none-eabi/lib/thumb/v7e-m+fp/hard\libc_nano.a(libc_a-lock.o)
                0x08010478                __retarget_lock_release_recursive
 .text.strcpy   0x0801047a       0x10 D:/STM32CubeIDE_1.17.0/STM32CubeIDE/plugins/com.st.stm32cube.ide.mcu.externaltools.gnu-tools-for-stm32.14.3.rel1.win32_1.0.100.202602081740/tools/bin/../lib/gcc/arm-none-eabi/14.3.1/../../../../arm-none-eabi/lib/thumb/v7e-m+fp/hard\libc_nano.a(libc_a-strcpy.o)
                0x0801047a                strcpy
 .text.memcpy   0x0801048a       0x1c D:/STM32CubeIDE_1.17.0/STM32CubeIDE/plugins/com.st.stm32cube.ide.mcu.externaltools.gnu-tools-for-stm32.14.3.rel1.win32_1.0.100.202602081740/tools/bin/../lib/gcc/arm-none-eabi/14.3.1/../../../../arm-none-eabi/lib/thumb/v7e-m+fp/hard\libc_nano.a(libc_a-memcpy-stub.o)
                0x0801048a                memcpy
 *fill*         0x080104a6        0x2 
 .text.nanf     0x080104a8        0xc D:/STM32CubeIDE_1.17.0/STM32CubeIDE/plugins/com.st.stm32cube.ide.mcu.externaltools.gnu-tools-for-stm32.14.3.rel1.win32_1.0.100.202602081740/tools/bin/../lib/gcc/arm-none-eabi/14.3.1/../../../../arm-none-eabi/lib/thumb/v7e-m+fp/hard\libc_nano.a(libm_a-sf_nan.o)
                0x080104a8                nanf
 .text.quorem   0x080104b4      0x110 D:/STM32CubeIDE_1.17.0/STM32CubeIDE/plugins/com.st.stm32cube.ide.mcu.externaltools.gnu-tools-for-stm32.14.3.rel1.win32_1.0.100.202602081740/tools/bin/../lib/gcc/arm-none-eabi/14.3.1/../../../../arm-none-eabi/lib/thumb/v7e-m+fp/hard\libc_nano.a(libc_a-dtoa.o)
 *fill*         0x080105c4        0x4 
 .text._dtoa_r  0x080105c8      0xbb8 D:/STM32CubeIDE_1.17.0/STM32CubeIDE/plugins/com.st.stm32cube.ide.mcu.externaltools.gnu-tools-for-stm32.14.3.rel1.win32_1.0.100.202602081740/tools/bin/../lib/gcc/arm-none-eabi/14.3.1/../../../../arm-none-eabi/lib/thumb/v7e-m+fp/hard\libc_nano.a(libc_a-dtoa.o)
                0x080105c8                _dtoa_r
 .text._free_r  0x08011180       0x94 D:/STM32CubeIDE_1.17.0/STM32CubeIDE/plugins/com.st.stm32cube.ide.mcu.externaltools.gnu-tools-for-stm32.14.3.rel1.win32_1.0.100.202602081740/tools/bin/../lib/gcc/arm-none-eabi/14.3.1/../../../../arm-none-eabi/lib/thumb/v7e-m+fp/hard\libc_nano.a(libc_a-freer.o)
                0x08011180                _free_r
 .text.malloc   0x08011214       0x10 D:/STM32CubeIDE_1.17.0/STM32CubeIDE/plugins/com.st.stm32cube.ide.mcu.externaltools.gnu-tools-for-stm32.14.3.rel1.win32_1.0.100.202602081740/tools/bin/../lib/gcc/arm-none-eabi/14.3.1/../../../../arm-none-eabi/lib/thumb/v7e-m+fp/hard\libc_nano.a(libc_a-malloc.o)
                0x08011214                malloc
 .text.sbrk_aligned
                0x08011224       0x44 D:/STM32CubeIDE_1.17.0/STM32CubeIDE/plugins/com.st.stm32cube.ide.mcu.externaltools.gnu-tools-for-stm32.14.3.rel1.win32_1.0.100.202602081740/tools/bin/../lib/gcc/arm-none-eabi/14.3.1/../../../../arm-none-eabi/lib/thumb/v7e-m+fp/hard\libc_nano.a(libc_a-mallocr.o)
 .text._malloc_r
                0x08011268      0x100 D:/STM32CubeIDE_1.17.0/STM32CubeIDE/plugins/com.st.stm32cube.ide.mcu.externaltools.gnu-tools-for-stm32.14.3.rel1.win32_1.0.100.202602081740/tools/bin/../lib/gcc/arm-none-eabi/14.3.1/../../../../arm-none-eabi/lib/thumb/v7e-m+fp/hard\libc_nano.a(libc_a-mallocr.o)
                0x08011268                _malloc_r
 .text.__malloc_lock
                0x08011368        0xc D:/STM32CubeIDE_1.17.0/STM32CubeIDE/plugins/com.st.stm32cube.ide.mcu.externaltools.gnu-tools-for-stm32.14.3.rel1.win32_1.0.100.202602081740/tools/bin/../lib/gcc/arm-none-eabi/14.3.1/../../../../arm-none-eabi/lib/thumb/v7e-m+fp/hard\libc_nano.a(libc_a-mlock.o)
                0x08011368                __malloc_lock
 .text.__malloc_unlock
                0x08011374        0xc D:/STM32CubeIDE_1.17.0/STM32CubeIDE/plugins/com.st.stm32cube.ide.mcu.externaltools.gnu-tools-for-stm32.14.3.rel1.win32_1.0.100.202602081740/tools/bin/../lib/gcc/arm-none-eabi/14.3.1/../../../../arm-none-eabi/lib/thumb/v7e-m+fp/hard\libc_nano.a(libc_a-mlock.o)
                0x08011374                __malloc_unlock
 .text._Balloc  0x08011380       0x7c D:/STM32CubeIDE_1.17.0/STM32CubeIDE/plugins/com.st.stm32cube.ide.mcu.externaltools.gnu-tools-for-stm32.14.3.rel1.win32_1.0.100.202602081740/tools/bin/../lib/gcc/arm-none-eabi/14.3.1/../../../../arm-none-eabi/lib/thumb/v7e-m+fp/hard\libc_nano.a(libc_a-mprec.o)
                0x08011380                _Balloc
 .text._Bfree   0x080113fc       0x44 D:/STM32CubeIDE_1.17.0/STM32CubeIDE/plugins/com.st.stm32cube.ide.mcu.externaltools.gnu-tools-for-stm32.14.3.rel1.win32_1.0.100.202602081740/tools/bin/../lib/gcc/arm-none-eabi/14.3.1/../../../../arm-none-eabi/lib/thumb/v7e-m+fp/hard\libc_nano.a(libc_a-mprec.o)
                0x080113fc                _Bfree
 .text.__multadd
                0x08011440       0x8c D:/STM32CubeIDE_1.17.0/STM32CubeIDE/plugins/com.st.stm32cube.ide.mcu.externaltools.gnu-tools-for-stm32.14.3.rel1.win32_1.0.100.202602081740/tools/bin/../lib/gcc/arm-none-eabi/14.3.1/../../../../arm-none-eabi/lib/thumb/v7e-m+fp/hard\libc_nano.a(libc_a-mprec.o)
                0x08011440                __multadd
 .text.__s2b    0x080114cc       0x94 D:/STM32CubeIDE_1.17.0/STM32CubeIDE/plugins/com.st.stm32cube.ide.mcu.externaltools.gnu-tools-for-stm32.14.3.rel1.win32_1.0.100.202602081740/tools/bin/../lib/gcc/arm-none-eabi/14.3.1/../../../../arm-none-eabi/lib/thumb/v7e-m+fp/hard\libc_nano.a(libc_a-mprec.o)
                0x080114cc                __s2b
 .text.__hi0bits
                0x08011560       0x3e D:/STM32CubeIDE_1.17.0/STM32CubeIDE/plugins/com.st.stm32cube.ide.mcu.externaltools.gnu-tools-for-stm32.14.3.rel1.win32_1.0.100.202602081740/tools/bin/../lib/gcc/arm-none-eabi/14.3.1/../../../../arm-none-eabi/lib/thumb/v7e-m+fp/hard\libc_nano.a(libc_a-mprec.o)
                0x08011560                __hi0bits
 .text.__lo0bits
                0x0801159e       0x5a D:/STM32CubeIDE_1.17.0/STM32CubeIDE/plugins/com.st.stm32cube.ide.mcu.externaltools.gnu-tools-for-stm32.14.3.rel1.win32_1.0.100.202602081740/tools/bin/../lib/gcc/arm-none-eabi/14.3.1/../../../../arm-none-eabi/lib/thumb/v7e-m+fp/hard\libc_nano.a(libc_a-mprec.o)
                0x0801159e                __lo0bits
 .text.__i2b    0x080115f8       0x2c D:/STM32CubeIDE_1.17.0/STM32CubeIDE/plugins/com.st.stm32cube.ide.mcu.externaltools.gnu-tools-for-stm32.14.3.rel1.win32_1.0.100.202602081740/tools/bin/../lib/gcc/arm-none-eabi/14.3.1/../../../../arm-none-eabi/lib/thumb/v7e-m+fp/hard\libc_nano.a(libc_a-mprec.o)
                0x080115f8                __i2b
 .text.__multiply
                0x08011624      0x154 D:/STM32CubeIDE_1.17.0/STM32CubeIDE/plugins/com.st.stm32cube.ide.mcu.externaltools.gnu-tools-for-stm32.14.3.rel1.win32_1.0.100.202602081740/tools/bin/../lib/gcc/arm-none-eabi/14.3.1/../../../../arm-none-eabi/lib/thumb/v7e-m+fp/hard\libc_nano.a(libc_a-mprec.o)
                0x08011624                __multiply
 .text.__pow5mult
                0x08011778       0xb8 D:/STM32CubeIDE_1.17.0/STM32CubeIDE/plugins/com.st.stm32cube.ide.mcu.externaltools.gnu-tools-for-stm32.14.3.rel1.win32_1.0.100.202602081740/tools/bin/../lib/gcc/arm-none-eabi/14.3.1/../../../../arm-none-eabi/lib/thumb/v7e-m+fp/hard\libc_nano.a(libc_a-mprec.o)
                0x08011778                __pow5mult
 .text.__lshift
                0x08011830       0xdc D:/STM32CubeIDE_1.17.0/STM32CubeIDE/plugins/com.st.stm32cube.ide.mcu.externaltools.gnu-tools-for-stm32.14.3.rel1.win32_1.0.100.202602081740/tools/bin/../lib/gcc/arm-none-eabi/14.3.1/../../../../arm-none-eabi/lib/thumb/v7e-m+fp/hard\libc_nano.a(libc_a-mprec.o)
                0x08011830                __lshift
 .text.__mcmp   0x0801190c       0x36 D:/STM32CubeIDE_1.17.0/STM32CubeIDE/plugins/com.st.stm32cube.ide.mcu.externaltools.gnu-tools-for-stm32.14.3.rel1.win32_1.0.100.202602081740/tools/bin/../lib/gcc/arm-none-eabi/14.3.1/../../../../arm-none-eabi/lib/thumb/v7e-m+fp/hard\libc_nano.a(libc_a-mprec.o)
                0x0801190c                __mcmp
 *fill*         0x08011942        0x2 
 .text.__mdiff  0x08011944      0x130 D:/STM32CubeIDE_1.17.0/STM32CubeIDE/plugins/com.st.stm32cube.ide.mcu.externaltools.gnu-tools-for-stm32.14.3.rel1.win32_1.0.100.202602081740/tools/bin/../lib/gcc/arm-none-eabi/14.3.1/../../../../arm-none-eabi/lib/thumb/v7e-m+fp/hard\libc_nano.a(libc_a-mprec.o)
                0x08011944                __mdiff
 .text.__ulp    0x08011a74       0x4c D:/STM32CubeIDE_1.17.0/STM32CubeIDE/plugins/com.st.stm32cube.ide.mcu.externaltools.gnu-tools-for-stm32.14.3.rel1.win32_1.0.100.202602081740/tools/bin/../lib/gcc/arm-none-eabi/14.3.1/../../../../arm-none-eabi/lib/thumb/v7e-m+fp/hard\libc_nano.a(libc_a-mprec.o)
                0x08011a74                __ulp