../Drivers/CMSIS/Include/core_cm4.h:2064:26:uint32_t ITM_SendChar(uint32_t)	16	static,ignoring_inline_asm
../Core/App/ChuongTrinhChinh.cpp:120:17:void HAL_TIM_PeriodElapsedCallback(TIM_HandleTypeDef*)	16	static
../Core/App/ChuongTrinhChinh.cpp:129:17:void HAL_UART_RxCpltCallback(UART_HandleTypeDef*)	16	static
../Core/App/ChuongTrinhChinh.cpp:135:17:void HAL_UARTEx_RxEventCallback(UART_HandleTypeDef*, uint16_t)	16	static
../Core/App/ChuongTrinhChinh.cpp:142:5:int _write(int, char*, int)	32	static
../Core/App/ChuongTrinhChinh.cpp:152:17:void KhoiTao()	40	static
../Core/App/ChuongTrinhChinh.cpp:181:6:void ChayChuongTrinhChinh()	8	static
../Core/App/ChuongTrinhChinh.cpp:188:17:void TaskThucThiTacVuTheoFlag(void*)	16	static
../Core/App/ChuongTrinhChinh.cpp:215:17:void TaskDocCamBien(void*)	56	static
../Core/App/ChuongTrinhChinh.cpp:245:17:void TaskPostDataMQTT(void*)	248	static
../Core/App/ChuongTrinhChinh.cpp:390:17:void ThucThiTacVuTheoFlag()	8	static
