../Core/Src/stm32f4xx_it.c:77:6:NMI_Handler	4	static
../Core/Src/stm32f4xx_it.c:90:6:HardFault_Handler	4	static
../Core/Src/stm32f4xx_it.c:103:6:MemManage_Handler	4	static
../Core/Src/stm32f4xx_it.c:116:6:BusFault_Handler	4	static
../Core/Src/stm32f4xx_it.c:129:6:UsageFault_Handler	4	static
../Core/Src/stm32f4xx_it.c:142:6:DebugMon_Handler	4	static
../Core/Src/stm32f4xx_it.c:161:6:EXTI4_IRQHandler	8	static
../Core/Src/stm32f4xx_it.c:174:6:DMA1_Stream0_IRQHandler	8	static
../Core/Src/stm32f4xx_it.c:187:6:DMA1_Stream5_IRQHandler	8	static
../Core/Src/stm32f4xx_it.c:200:6:TIM2_IRQHandler	8	static
../Core/Src/stm32f4xx_it.c:213:6:UART4_IRQHandler	8	static
../Core/Src/stm32f4xx_it.c:226:6:UART5_IRQHandler	8	static
../Core/Src/stm32f4xx_it.c:239:6:TIM6_DAC_IRQHandler	8	static
../Core/Src/stm32f4xx_it.c:252:6:TIM7_IRQHandler	8	static
../Core/Src/stm32f4xx_it.c:265:6:DMA2_Stream0_IRQHandler	8	static
